PASS src/tests/unit/core/tools/toolLoader/types.test.ts
(node:22309) ExperimentalWarning: VM Modules is an experimental feature and might change at any time
(Use `node --trace-warnings ...` to show where the warning was created)
(node:22312) ExperimentalWarning: VM Modules is an experimental feature and might change at any time
(Use `node --trace-warnings ...` to show where the warning was created)
(node:22310) ExperimentalWarning: VM Modules is an experimental feature and might change at any time
(Use `node --trace-warnings ...` to show where the warning was created)
PASS src/tests/unit/core/tools/toolLoader/ToolsFolderLoader.test.ts
  ● Console

    console.error
      [ToolsFolderLoader] Error scanning tools directory: Read directory error

      43 |         return;
      44 |     }
    > 45 |     originalConsoleError(...args);
         |     ^
      46 | };
      47 |
      48 | // Silence TypeScript 'never' warnings in mocks by muting console.warn

      at console.error (jest.setup.ts:45:5)
      at Logger.error (src/utils/logger.ts:107:21)
      at ToolsFolderLoader.error [as scanDirectory] (src/core/tools/toolLoader/ToolsFolderLoader.ts:77:22)
      at new scanDirectory (src/core/tools/toolLoader/ToolsFolderLoader.ts:36:14)
      at src/tests/unit/core/tools/toolLoader/ToolsFolderLoader.test.ts:174:20
      at Object.<anonymous> (node_modules/expect/build/toThrowMatchers.js:74:11)
      at Object.throwingMatcher [as toThrow] (node_modules/expect/build/index.js:320:21)
      at Object.<anonymous> (src/tests/unit/core/tools/toolLoader/ToolsFolderLoader.test.ts:175:9)

    console.warn
      [ToolsFolderLoader] No files found in directory: /mock/tools/dir

      56 |         return;
      57 |     }
    > 58 |     originalConsoleWarn(...args);
         |     ^
      59 | };
      60 |
      61 | // Add additional Jest setup as needed 

      at console.warn (jest.setup.ts:58:5)
      at Logger.warn (src/utils/logger.ts:101:21)
      at ToolsFolderLoader.warn [as scanDirectory] (src/core/tools/toolLoader/ToolsFolderLoader.ts:48:26)
      at new scanDirectory (src/core/tools/toolLoader/ToolsFolderLoader.ts:36:14)
      at Object.<anonymous> (src/tests/unit/core/tools/toolLoader/ToolsFolderLoader.test.ts:230:22)

    console.warn
      [ToolsFolderLoader] No files found in directory: /mock/tools/dir

      56 |         return;
      57 |     }
    > 58 |     originalConsoleWarn(...args);
         |     ^
      59 | };
      60 |
      61 | // Add additional Jest setup as needed 

      at console.warn (jest.setup.ts:58:5)
      at Logger.warn (src/utils/logger.ts:101:21)
      at ToolsFolderLoader.warn [as scanDirectory] (src/core/tools/toolLoader/ToolsFolderLoader.ts:48:26)
      at new scanDirectory (src/core/tools/toolLoader/ToolsFolderLoader.ts:36:14)
      at Object.<anonymous> (src/tests/unit/core/tools/toolLoader/ToolsFolderLoader.test.ts:240:23)

    console.error
      [ToolsFolderLoader] Tool function 'nonExistentTool' not found in directory: /mock/tools/dir. Available tools: tool1, tool2

      43 |         return;
      44 |     }
    > 45 |     originalConsoleError(...args);
         |     ^
      46 | };
      47 |
      48 | // Silence TypeScript 'never' warnings in mocks by muting console.warn

      at console.error (jest.setup.ts:45:5)
      at Logger.error (src/utils/logger.ts:107:21)
      at ToolsFolderLoader.error (src/core/tools/toolLoader/ToolsFolderLoader.ts:126:22)
      at src/core/tools/toolLoader/ToolsFolderLoader.ts:1752:40
      at __awaiter (src/core/tools/toolLoader/ToolsFolderLoader.ts:1701:10)
      at ToolsFolderLoader.getTool (src/core/tools/toolLoader/ToolsFolderLoader.ts:1953:12)
      at src/tests/unit/core/tools/toolLoader/ToolsFolderLoader.test.ts:310:27
      at src/tests/unit/core/tools/toolLoader/ToolsFolderLoader.test.ts:7:71
      at __awaiter (src/tests/unit/core/tools/toolLoader/ToolsFolderLoader.test.ts:3:12)
      at Object.<anonymous> (src/tests/unit/core/tools/toolLoader/ToolsFolderLoader.test.ts:298:63)

PASS src/tests/unit/core/streaming/processors/StreamHistoryProcessor.test.ts
(node:22313) ExperimentalWarning: VM Modules is an experimental feature and might change at any time
(Use `node --trace-warnings ...` to show where the warning was created)
(node:22314) ExperimentalWarning: VM Modules is an experimental feature and might change at any time
(Use `node --trace-warnings ...` to show where the warning was created)
PASS src/tests/unit/core/streaming/processors/ReasoningProcessor.test.ts
PASS src/tests/unit/core/streaming/processors/RetryWrapper.test.ts
PASS src/tests/unit/core/tools/toolLoader/FunctionFileParser.test.ts
(node:22308) ExperimentalWarning: VM Modules is an experimental feature and might change at any time
(Use `node --trace-warnings ...` to show where the warning was created)
(node:22316) ExperimentalWarning: VM Modules is an experimental feature and might change at any time
(Use `node --trace-warnings ...` to show where the warning was created)
PASS src/tests/unit/core/retry/utils/ShouldRetryDueToLLMError.test.ts
(node:22311) ExperimentalWarning: VM Modules is an experimental feature and might change at any time
(Use `node --trace-warnings ...` to show where the warning was created)
PASS src/tests/unit/core/streaming/processors/UsageTrackingProcessor.test.ts
PASS src/tests/unit/core/tools/ToolsManager.test.ts
(node:22315) ExperimentalWarning: VM Modules is an experimental feature and might change at any time
(Use `node --trace-warnings ...` to show where the warning was created)
PASS src/tests/unit/core/retry/utils/ShouldRetryDueToContent.test.ts
PASS src/tests/unit/core/streaming/processors/ContentAccumulator.test.ts
  ● Console

    console.log
      [ContentAccumulator] ContentAccumulator initialized

      at Logger.log [as debug] (src/utils/logger.ts:89:21)

    console.log
      [ContentAccumulator] Getting accumulated content, length: 0

      at Logger.log [as debug] (src/utils/logger.ts:89:21)

    console.log
      [ContentAccumulator] Getting completed tool calls, count: 0

      at Logger.log [as debug] (src/utils/logger.ts:89:21)

    console.log
      [ContentAccumulator] ContentAccumulator initialized

      at Logger.log [as debug] (src/utils/logger.ts:89:21)

    console.log
      [ContentAccumulator] Starting to process stream

      at Logger.log [as debug] (src/utils/logger.ts:89:21)
          at processStream_1.next (<anonymous>)

    console.log
      [ContentAccumulator] Processing chunk to accumulate: { chunk: { content: 'Hello', role: 'assistant', isComplete: false } }

      at Logger.log [as debug] (src/utils/logger.ts:89:21)
          at processStream_1.next (<anonymous>)

    console.log
      [ContentAccumulator] Accumulated content, length: 5

      at Logger.log [as debug] (src/utils/logger.ts:89:21)
          at processStream_1.next (<anonymous>)

    console.log
      [ContentAccumulator] Processing chunk to accumulate: { chunk: { content: ' world', role: 'assistant', isComplete: false } }

      at Logger.log [as debug] (src/utils/logger.ts:89:21)
          at processStream_1.next (<anonymous>)

    console.log
      [ContentAccumulator] Accumulated content, length: 11

      at Logger.log [as debug] (src/utils/logger.ts:89:21)
          at processStream_1.next (<anonymous>)

    console.log
      [ContentAccumulator] Processing chunk to accumulate: { chunk: { content: '!', role: 'assistant', isComplete: true } }

      at Logger.log [as debug] (src/utils/logger.ts:89:21)
          at processStream_1.next (<anonymous>)

    console.log
      [ContentAccumulator] Accumulated content, length: 12

      at Logger.log [as debug] (src/utils/logger.ts:89:21)
          at processStream_1.next (<anonymous>)

    console.log
      [ContentAccumulator] Finished processing stream

      at Logger.log [as debug] (src/utils/logger.ts:89:21)
          at processStream_1.next (<anonymous>)

    console.log
      [ContentAccumulator] Getting accumulated content, length: 12

      at Logger.log [as debug] (src/utils/logger.ts:89:21)

    console.log
      [ContentAccumulator] ContentAccumulator initialized

      at Logger.log [as debug] (src/utils/logger.ts:89:21)

    console.log
      [ContentAccumulator] Starting to process stream

      at Logger.log [as debug] (src/utils/logger.ts:89:21)
          at processStream_1.next (<anonymous>)

    console.log
      [ContentAccumulator] Finished processing stream

      at Logger.log [as debug] (src/utils/logger.ts:89:21)
          at processStream_1.next (<anonymous>)

    console.log
      [ContentAccumulator] Getting accumulated content, length: 0

      at Logger.log [as debug] (src/utils/logger.ts:89:21)

    console.log
      [ContentAccumulator] ContentAccumulator initialized

      at Logger.log [as debug] (src/utils/logger.ts:89:21)

    console.log
      [ContentAccumulator] Starting to process stream

      at Logger.log [as debug] (src/utils/logger.ts:89:21)
          at processStream_1.next (<anonymous>)

    console.log
      [ContentAccumulator] Processing chunk to accumulate: { chunk: { role: 'assistant', isComplete: false } }

      at Logger.log [as debug] (src/utils/logger.ts:89:21)
          at processStream_1.next (<anonymous>)

    console.log
      [ContentAccumulator] Processing chunk to accumulate: { chunk: { role: 'assistant', isComplete: true } }

      at Logger.log [as debug] (src/utils/logger.ts:89:21)
          at processStream_1.next (<anonymous>)

    console.log
      [ContentAccumulator] Finished processing stream

      at Logger.log [as debug] (src/utils/logger.ts:89:21)
          at processStream_1.next (<anonymous>)

    console.log
      [ContentAccumulator] Getting accumulated content, length: 0

      at Logger.log [as debug] (src/utils/logger.ts:89:21)

    console.log
      [ContentAccumulator] ContentAccumulator initialized

      at Logger.log [as debug] (src/utils/logger.ts:89:21)

    console.log
      [ContentAccumulator] Starting to process stream

      at Logger.log [as debug] (src/utils/logger.ts:89:21)
          at processStream_1.next (<anonymous>)

    console.log
      [ContentAccumulator] Processing chunk to accumulate: {
        chunk: {
          content: 'Using tool: ',
          toolCallChunks: [ [Object] ],
          isComplete: false
        }
      }

      at Logger.log [as debug] (src/utils/logger.ts:89:21)
          at processStream_1.next (<anonymous>)

    console.log
      [ContentAccumulator] Accumulated content, length: 12

      at Logger.log [as debug] (src/utils/logger.ts:89:21)
          at processStream_1.next (<anonymous>)

    console.log
      [ContentAccumulator] Processing 1 raw tool call chunks

      at Logger.log [as debug] (src/utils/logger.ts:89:21)
          at processStream_1.next (<anonymous>)

    console.log
      [ContentAccumulator] Initializing new tool call accumulator with index: 0, name: calculator

      at Logger.log [as debug] (src/utils/logger.ts:89:21)
          at processStream_1.next (<anonymous>)

    console.log
      [ContentAccumulator] Accumulated arguments for index 0, length: 0

      at Logger.log [as debug] (src/utils/logger.ts:89:21)
          at processStream_1.next (<anonymous>)

    console.log
      [ContentAccumulator] Accumulating arguments { index: 0, name: 'calculator', newChunk: '{"operation":' }

      at Logger.log [as debug] (src/utils/logger.ts:89:21)
          at processStream_1.next (<anonymous>)

    console.log
      [ContentAccumulator] Current accumulated arguments { index: 0, arguments: '{"operation":' }

      at Logger.log [as debug] (src/utils/logger.ts:89:21)
          at processStream_1.next (<anonymous>)

    console.log
      [ContentAccumulator] Processing chunk to accumulate: {
        chunk: {
          content: 'calculator',
          toolCallChunks: [ [Object] ],
          isComplete: false
        }
      }

      at Logger.log [as debug] (src/utils/logger.ts:89:21)
          at processStream_1.next (<anonymous>)

    console.log
      [ContentAccumulator] Accumulated content, length: 22

      at Logger.log [as debug] (src/utils/logger.ts:89:21)
          at processStream_1.next (<anonymous>)

    console.log
      [ContentAccumulator] Processing 1 raw tool call chunks

      at Logger.log [as debug] (src/utils/logger.ts:89:21)
          at processStream_1.next (<anonymous>)

    console.log
      [ContentAccumulator] Accumulated arguments for index 0, length: 13

      at Logger.log [as debug] (src/utils/logger.ts:89:21)
          at processStream_1.next (<anonymous>)

    console.log
      [ContentAccumulator] Accumulating arguments { index: 0, name: 'calculator', newChunk: '"add", "a": 5' }

      at Logger.log [as debug] (src/utils/logger.ts:89:21)
          at processStream_1.next (<anonymous>)

    console.log
      [ContentAccumulator] Current accumulated arguments { index: 0, arguments: '{"operation":"add", "a": 5' }

      at Logger.log [as debug] (src/utils/logger.ts:89:21)
          at processStream_1.next (<anonymous>)

    console.log
      [ContentAccumulator] Processing chunk to accumulate: {
        chunk: {
          content: '',
          toolCallChunks: [ [Object] ],
          isComplete: true,
          metadata: { finishReason: 'tool_calls' }
        }
      }

      at Logger.log [as debug] (src/utils/logger.ts:89:21)
          at processStream_1.next (<anonymous>)

    console.log
      [ContentAccumulator] Processing 1 raw tool call chunks

      at Logger.log [as debug] (src/utils/logger.ts:89:21)
          at processStream_1.next (<anonymous>)

    console.log
      [ContentAccumulator] Accumulated arguments for index 0, length: 26

      at Logger.log [as debug] (src/utils/logger.ts:89:21)
          at processStream_1.next (<anonymous>)

    console.log
      [ContentAccumulator] Accumulating arguments { index: 0, name: 'calculator', newChunk: ', "b": 3}' }

      at Logger.log [as debug] (src/utils/logger.ts:89:21)
          at processStream_1.next (<anonymous>)

    console.log
      [ContentAccumulator] Current accumulated arguments { index: 0, arguments: '{"operation":"add", "a": 5, "b": 3}' }

      at Logger.log [as debug] (src/utils/logger.ts:89:21)
          at processStream_1.next (<anonymous>)

    console.log
      [ContentAccumulator] Stream complete with TOOL_CALLS finish reason, marking all tool calls as complete

      at Logger.log [as debug] (src/utils/logger.ts:89:21)
          at processStream_1.next (<anonymous>)

    console.log
      [ContentAccumulator] Marked tool call at index 0 as complete

      at Logger.log [as debug] (src/utils/logger.ts:89:21)
          at processStream_1.next (<anonymous>)

    console.log
      [ContentAccumulator] Attempting to parse arguments for tool call at index 0

      at Logger.log [as debug] (src/utils/logger.ts:89:21)
          at processStream_1.next (<anonymous>)

    console.log
      [ContentAccumulator] Successfully parsed arguments for tool: calculator, index: 0

      at Logger.log [as debug] (src/utils/logger.ts:89:21)
          at processStream_1.next (<anonymous>)

    console.log
      [ContentAccumulator] Completed 1 tool call(s) in this chunk

      at Logger.log [as debug] (src/utils/logger.ts:89:21)
          at processStream_1.next (<anonymous>)

    console.log
      [ContentAccumulator] Completed tool calls {
        completedToolCalls: [ { id: 'tool1', name: 'calculator', arguments: [Object] } ]
      }

      at Logger.log [as debug] (src/utils/logger.ts:89:21)
          at processStream_1.next (<anonymous>)

    console.log
      [ContentAccumulator] Completed tool: calculator, id: tool1, params: {"operation":"add","a":5,"b":3}

      at Logger.log [as debug] (src/utils/logger.ts:89:21)
          at Array.forEach (<anonymous>)
          at processStream_1.next (<anonymous>)

    console.log
      [ContentAccumulator] Finished processing stream

      at Logger.log [as debug] (src/utils/logger.ts:89:21)
          at processStream_1.next (<anonymous>)

    console.log
      [ContentAccumulator] Getting accumulated content, length: 22

      at Logger.log [as debug] (src/utils/logger.ts:89:21)

    console.log
      [ContentAccumulator] Getting completed tool calls, count: 1

      at Logger.log [as debug] (src/utils/logger.ts:89:21)

    console.log
      [ContentAccumulator] ContentAccumulator initialized

      at Logger.log [as debug] (src/utils/logger.ts:89:21)

    console.log
      [ContentAccumulator] Starting to process stream

      at Logger.log [as debug] (src/utils/logger.ts:89:21)
          at processStream_1.next (<anonymous>)

    console.log
      [ContentAccumulator] Processing chunk to accumulate: {
        chunk: {
          content: 'Using tool: ',
          toolCallChunks: [ [Object] ],
          isComplete: false
        }
      }

      at Logger.log [as debug] (src/utils/logger.ts:89:21)
          at processStream_1.next (<anonymous>)

    console.log
      [ContentAccumulator] Accumulated content, length: 12

      at Logger.log [as debug] (src/utils/logger.ts:89:21)
          at processStream_1.next (<anonymous>)

    console.log
      [ContentAccumulator] Processing 1 raw tool call chunks

      at Logger.log [as debug] (src/utils/logger.ts:89:21)
          at processStream_1.next (<anonymous>)

    console.log
      [ContentAccumulator] Initializing new tool call accumulator with index: 0, name: calculator

      at Logger.log [as debug] (src/utils/logger.ts:89:21)
          at processStream_1.next (<anonymous>)

    console.log
      [ContentAccumulator] Accumulated arguments for index 0, length: 0

      at Logger.log [as debug] (src/utils/logger.ts:89:21)
          at processStream_1.next (<anonymous>)

    console.log
      [ContentAccumulator] Accumulating arguments { index: 0, name: 'calculator', newChunk: '{"invalid JSON' }

      at Logger.log [as debug] (src/utils/logger.ts:89:21)
          at processStream_1.next (<anonymous>)

    console.log
      [ContentAccumulator] Current accumulated arguments { index: 0, arguments: '{"invalid JSON' }

      at Logger.log [as debug] (src/utils/logger.ts:89:21)
          at processStream_1.next (<anonymous>)

    console.log
      [ContentAccumulator] Processing chunk to accumulate: {
        chunk: {
          content: '',
          isComplete: true,
          metadata: { finishReason: 'tool_calls' }
        }
      }

      at Logger.log [as debug] (src/utils/logger.ts:89:21)
          at processStream_1.next (<anonymous>)

    console.log
      [ContentAccumulator] Stream complete with TOOL_CALLS finish reason, marking all tool calls as complete

      at Logger.log [as debug] (src/utils/logger.ts:89:21)
          at processStream_1.next (<anonymous>)

    console.log
      [ContentAccumulator] Marked tool call at index 0 as complete

      at Logger.log [as debug] (src/utils/logger.ts:89:21)
          at processStream_1.next (<anonymous>)

    console.log
      [ContentAccumulator] Attempting to parse arguments for tool call at index 0

      at Logger.log [as debug] (src/utils/logger.ts:89:21)
          at processStream_1.next (<anonymous>)

    console.log
      [ContentAccumulator] Failed to parse tool arguments at index 0: Unterminated string in JSON at position 14 (line 1 column 15)

      at Logger.log [as debug] (src/utils/logger.ts:89:21)
          at processStream_1.next (<anonymous>)

    console.log
      [ContentAccumulator] Finished processing stream

      at Logger.log [as debug] (src/utils/logger.ts:89:21)
          at processStream_1.next (<anonymous>)

    console.log
      [ContentAccumulator] Getting accumulated content, length: 12

      at Logger.log [as debug] (src/utils/logger.ts:89:21)

    console.log
      [ContentAccumulator] Getting completed tool calls, count: 0

      at Logger.log [as debug] (src/utils/logger.ts:89:21)

    console.log
      [ContentAccumulator] ContentAccumulator initialized

      at Logger.log [as debug] (src/utils/logger.ts:89:21)

    console.log
      [ContentAccumulator] Starting to process stream

      at Logger.log [as debug] (src/utils/logger.ts:89:21)
          at processStream_1.next (<anonymous>)

    console.log
      [ContentAccumulator] Processing chunk to accumulate: { chunk: { isComplete: false } }

      at Logger.log [as debug] (src/utils/logger.ts:89:21)
          at processStream_1.next (<anonymous>)

    console.log
      [ContentAccumulator] Processing chunk to accumulate: { chunk: { isComplete: true, metadata: { finishReason: 'stop' } } }

      at Logger.log [as debug] (src/utils/logger.ts:89:21)
          at processStream_1.next (<anonymous>)

    console.log
      [ContentAccumulator] Finished processing stream

      at Logger.log [as debug] (src/utils/logger.ts:89:21)
          at processStream_1.next (<anonymous>)

    console.log
      [ContentAccumulator] Getting accumulated content, length: 0

      at Logger.log [as debug] (src/utils/logger.ts:89:21)

    console.log
      [ContentAccumulator] ContentAccumulator initialized

      at Logger.log [as debug] (src/utils/logger.ts:89:21)

    console.log
      [ContentAccumulator] Starting to process stream

      at Logger.log [as debug] (src/utils/logger.ts:89:21)
          at processStream_1.next (<anonymous>)

    console.log
      [ContentAccumulator] Processing chunk to accumulate: {
        chunk: {
          content: 'Using tools: ',
          toolCallChunks: [ [Object] ],
          isComplete: false
        }
      }

      at Logger.log [as debug] (src/utils/logger.ts:89:21)
          at processStream_1.next (<anonymous>)

    console.log
      [ContentAccumulator] Accumulated content, length: 13

      at Logger.log [as debug] (src/utils/logger.ts:89:21)
          at processStream_1.next (<anonymous>)

    console.log
      [ContentAccumulator] Processing 1 raw tool call chunks

      at Logger.log [as debug] (src/utils/logger.ts:89:21)
          at processStream_1.next (<anonymous>)

    console.log
      [ContentAccumulator] Initializing new tool call accumulator with index: 0, name: calculator

      at Logger.log [as debug] (src/utils/logger.ts:89:21)
          at processStream_1.next (<anonymous>)

    console.log
      [ContentAccumulator] Accumulated arguments for index 0, length: 0

      at Logger.log [as debug] (src/utils/logger.ts:89:21)
          at processStream_1.next (<anonymous>)

    console.log
      [ContentAccumulator] Accumulating arguments {
        index: 0,
        name: 'calculator',
        newChunk: '{"operation":"add", "a": 5, "b": 3}'
      }

      at Logger.log [as debug] (src/utils/logger.ts:89:21)
          at processStream_1.next (<anonymous>)

    console.log
      [ContentAccumulator] Current accumulated arguments { index: 0, arguments: '{"operation":"add", "a": 5, "b": 3}' }

      at Logger.log [as debug] (src/utils/logger.ts:89:21)
          at processStream_1.next (<anonymous>)

    console.log
      [ContentAccumulator] Processing chunk to accumulate: {
        chunk: {
          content: 'and ',
          toolCallChunks: [ [Object] ],
          isComplete: true,
          metadata: { finishReason: 'tool_calls' }
        }
      }

      at Logger.log [as debug] (src/utils/logger.ts:89:21)
          at processStream_1.next (<anonymous>)

    console.log
      [ContentAccumulator] Accumulated content, length: 17

      at Logger.log [as debug] (src/utils/logger.ts:89:21)
          at processStream_1.next (<anonymous>)

    console.log
      [ContentAccumulator] Processing 1 raw tool call chunks

      at Logger.log [as debug] (src/utils/logger.ts:89:21)
          at processStream_1.next (<anonymous>)

    console.log
      [ContentAccumulator] Initializing new tool call accumulator with index: 1, name: weather

      at Logger.log [as debug] (src/utils/logger.ts:89:21)
          at processStream_1.next (<anonymous>)

    console.log
      [ContentAccumulator] Accumulated arguments for index 1, length: 0

      at Logger.log [as debug] (src/utils/logger.ts:89:21)
          at processStream_1.next (<anonymous>)

    console.log
      [ContentAccumulator] Accumulating arguments { index: 1, name: 'weather', newChunk: '{"location":"New York"}' }

      at Logger.log [as debug] (src/utils/logger.ts:89:21)
          at processStream_1.next (<anonymous>)

    console.log
      [ContentAccumulator] Current accumulated arguments { index: 1, arguments: '{"location":"New York"}' }

      at Logger.log [as debug] (src/utils/logger.ts:89:21)
          at processStream_1.next (<anonymous>)

    console.log
      [ContentAccumulator] Stream complete with TOOL_CALLS finish reason, marking all tool calls as complete

      at Logger.log [as debug] (src/utils/logger.ts:89:21)
          at processStream_1.next (<anonymous>)

    console.log
      [ContentAccumulator] Marked tool call at index 0 as complete

      at Logger.log [as debug] (src/utils/logger.ts:89:21)
          at processStream_1.next (<anonymous>)

    console.log
      [ContentAccumulator] Marked tool call at index 1 as complete

      at Logger.log [as debug] (src/utils/logger.ts:89:21)
          at processStream_1.next (<anonymous>)

    console.log
      [ContentAccumulator] Attempting to parse arguments for tool call at index 0

      at Logger.log [as debug] (src/utils/logger.ts:89:21)
          at processStream_1.next (<anonymous>)

    console.log
      [ContentAccumulator] Successfully parsed arguments for tool: calculator, index: 0

      at Logger.log [as debug] (src/utils/logger.ts:89:21)
          at processStream_1.next (<anonymous>)

    console.log
      [ContentAccumulator] Attempting to parse arguments for tool call at index 1

      at Logger.log [as debug] (src/utils/logger.ts:89:21)
          at processStream_1.next (<anonymous>)

    console.log
      [ContentAccumulator] Successfully parsed arguments for tool: weather, index: 1

      at Logger.log [as debug] (src/utils/logger.ts:89:21)
          at processStream_1.next (<anonymous>)

    console.log
      [ContentAccumulator] Completed 2 tool call(s) in this chunk

      at Logger.log [as debug] (src/utils/logger.ts:89:21)
          at processStream_1.next (<anonymous>)

    console.log
      [ContentAccumulator] Completed tool calls {
        completedToolCalls: [
          { id: 'tool1', name: 'calculator', arguments: [Object] },
          { id: 'tool2', name: 'weather', arguments: [Object] }
        ]
      }

      at Logger.log [as debug] (src/utils/logger.ts:89:21)
          at processStream_1.next (<anonymous>)

    console.log
      [ContentAccumulator] Completed tool: calculator, id: tool1, params: {"operation":"add","a":5,"b":3}

      at Logger.log [as debug] (src/utils/logger.ts:89:21)
          at Array.forEach (<anonymous>)
          at processStream_1.next (<anonymous>)

    console.log
      [ContentAccumulator] Completed tool: weather, id: tool2, params: {"location":"New York"}

      at Logger.log [as debug] (src/utils/logger.ts:89:21)
          at Array.forEach (<anonymous>)
          at processStream_1.next (<anonymous>)

    console.log
      [ContentAccumulator] Finished processing stream

      at Logger.log [as debug] (src/utils/logger.ts:89:21)
          at processStream_1.next (<anonymous>)

    console.log
      [ContentAccumulator] Getting completed tool calls, count: 2

      at Logger.log [as debug] (src/utils/logger.ts:89:21)

    console.log
      [ContentAccumulator] Getting completed tool calls, count: 2

      at Logger.log [as debug] (src/utils/logger.ts:89:21)

    console.log
      [ContentAccumulator] ContentAccumulator initialized

      at Logger.log [as debug] (src/utils/logger.ts:89:21)

    console.log
      [ContentAccumulator] Starting to process stream

      at Logger.log [as debug] (src/utils/logger.ts:89:21)
          at processStream_1.next (<anonymous>)

    console.log
      [ContentAccumulator] Processing chunk to accumulate: {
        chunk: {
          content: 'Hello',
          toolCallChunks: [ [Object] ],
          isComplete: true,
          metadata: { finishReason: 'tool_calls' }
        }
      }

      at Logger.log [as debug] (src/utils/logger.ts:89:21)
          at processStream_1.next (<anonymous>)

    console.log
      [ContentAccumulator] Accumulated content, length: 5

      at Logger.log [as debug] (src/utils/logger.ts:89:21)
          at processStream_1.next (<anonymous>)

    console.log
      [ContentAccumulator] Processing 1 raw tool call chunks

      at Logger.log [as debug] (src/utils/logger.ts:89:21)
          at processStream_1.next (<anonymous>)

    console.log
      [ContentAccumulator] Initializing new tool call accumulator with index: 0, name: calculator

      at Logger.log [as debug] (src/utils/logger.ts:89:21)
          at processStream_1.next (<anonymous>)

    console.log
      [ContentAccumulator] Accumulated arguments for index 0, length: 0

      at Logger.log [as debug] (src/utils/logger.ts:89:21)
          at processStream_1.next (<anonymous>)

    console.log
      [ContentAccumulator] Accumulating arguments {
        index: 0,
        name: 'calculator',
        newChunk: '{"operation":"add", "a": 5, "b": 3}'
      }

      at Logger.log [as debug] (src/utils/logger.ts:89:21)
          at processStream_1.next (<anonymous>)

    console.log
      [ContentAccumulator] Current accumulated arguments { index: 0, arguments: '{"operation":"add", "a": 5, "b": 3}' }

      at Logger.log [as debug] (src/utils/logger.ts:89:21)
          at processStream_1.next (<anonymous>)

    console.log
      [ContentAccumulator] Stream complete with TOOL_CALLS finish reason, marking all tool calls as complete

      at Logger.log [as debug] (src/utils/logger.ts:89:21)
          at processStream_1.next (<anonymous>)

    console.log
      [ContentAccumulator] Marked tool call at index 0 as complete

      at Logger.log [as debug] (src/utils/logger.ts:89:21)
          at processStream_1.next (<anonymous>)

    console.log
      [ContentAccumulator] Attempting to parse arguments for tool call at index 0

      at Logger.log [as debug] (src/utils/logger.ts:89:21)
          at processStream_1.next (<anonymous>)

    console.log
      [ContentAccumulator] Successfully parsed arguments for tool: calculator, index: 0

      at Logger.log [as debug] (src/utils/logger.ts:89:21)
          at processStream_1.next (<anonymous>)

    console.log
      [ContentAccumulator] Completed 1 tool call(s) in this chunk

      at Logger.log [as debug] (src/utils/logger.ts:89:21)
          at processStream_1.next (<anonymous>)

    console.log
      [ContentAccumulator] Completed tool calls {
        completedToolCalls: [ { id: 'tool1', name: 'calculator', arguments: [Object] } ]
      }

      at Logger.log [as debug] (src/utils/logger.ts:89:21)
          at processStream_1.next (<anonymous>)

    console.log
      [ContentAccumulator] Completed tool: calculator, id: tool1, params: {"operation":"add","a":5,"b":3}

      at Logger.log [as debug] (src/utils/logger.ts:89:21)
          at Array.forEach (<anonymous>)
          at processStream_1.next (<anonymous>)

    console.log
      [ContentAccumulator] Finished processing stream

      at Logger.log [as debug] (src/utils/logger.ts:89:21)
          at processStream_1.next (<anonymous>)

    console.log
      [ContentAccumulator] Getting accumulated content, length: 5

      at Logger.log [as debug] (src/utils/logger.ts:89:21)

    console.log
      [ContentAccumulator] Getting completed tool calls, count: 1

      at Logger.log [as debug] (src/utils/logger.ts:89:21)

    console.log
      [ContentAccumulator] Resetting ContentAccumulator

      at Logger.log [as debug] (src/utils/logger.ts:89:21)

    console.log
      [ContentAccumulator] Getting accumulated content, length: 0

      at Logger.log [as debug] (src/utils/logger.ts:89:21)

    console.log
      [ContentAccumulator] Getting completed tool calls, count: 0

      at Logger.log [as debug] (src/utils/logger.ts:89:21)

    console.log
      [ContentAccumulator] ContentAccumulator initialized

      at Logger.log [as debug] (src/utils/logger.ts:89:21)

    console.log
      [ContentAccumulator] Starting to process stream

      at Logger.log [as debug] (src/utils/logger.ts:89:21)
          at processStream_1.next (<anonymous>)

    console.log
      [ContentAccumulator] Processing chunk to accumulate: {
        chunk: {
          content: 'Using tool: ',
          toolCallChunks: [ [Object] ],
          isComplete: true,
          metadata: { finishReason: 'tool_calls' }
        }
      }

      at Logger.log [as debug] (src/utils/logger.ts:89:21)
          at processStream_1.next (<anonymous>)

    console.log
      [ContentAccumulator] Accumulated content, length: 12

      at Logger.log [as debug] (src/utils/logger.ts:89:21)
          at processStream_1.next (<anonymous>)

    console.log
      [ContentAccumulator] Processing 1 raw tool call chunks

      at Logger.log [as debug] (src/utils/logger.ts:89:21)
          at processStream_1.next (<anonymous>)

    console.log
      [ContentAccumulator] Stream complete with TOOL_CALLS finish reason, marking all tool calls as complete

      at Logger.log [as debug] (src/utils/logger.ts:89:21)
          at processStream_1.next (<anonymous>)

    console.log
      [ContentAccumulator] Finished processing stream

      at Logger.log [as debug] (src/utils/logger.ts:89:21)
          at processStream_1.next (<anonymous>)

    console.log
      [ContentAccumulator] Getting completed tool calls, count: 0

      at Logger.log [as debug] (src/utils/logger.ts:89:21)

    console.log
      [ContentAccumulator] ContentAccumulator initialized

      at Logger.log [as debug] (src/utils/logger.ts:89:21)

    console.log
      [ContentAccumulator] Starting to process stream

      at Logger.log [as debug] (src/utils/logger.ts:89:21)
          at processStream_1.next (<anonymous>)

    console.log
      [ContentAccumulator] Processing chunk to accumulate: {
        chunk: {
          content: 'Using tool: ',
          toolCallChunks: [ [Object] ],
          isComplete: false
        }
      }

      at Logger.log [as debug] (src/utils/logger.ts:89:21)
          at processStream_1.next (<anonymous>)

    console.log
      [ContentAccumulator] Accumulated content, length: 12

      at Logger.log [as debug] (src/utils/logger.ts:89:21)
          at processStream_1.next (<anonymous>)

    console.log
      [ContentAccumulator] Processing 1 raw tool call chunks

      at Logger.log [as debug] (src/utils/logger.ts:89:21)
          at processStream_1.next (<anonymous>)

    console.log
      [ContentAccumulator] Initializing new tool call accumulator with index: 0, name: calculator

      at Logger.log [as debug] (src/utils/logger.ts:89:21)
          at processStream_1.next (<anonymous>)

    console.log
      [ContentAccumulator] Accumulated arguments for index 0, length: 0

      at Logger.log [as debug] (src/utils/logger.ts:89:21)
          at processStream_1.next (<anonymous>)

    console.log
      [ContentAccumulator] Accumulating arguments {
        index: 0,
        name: 'calculator',
        newChunk: '{"operation":"add", "a": 5, "b": 3}'
      }

      at Logger.log [as debug] (src/utils/logger.ts:89:21)
          at processStream_1.next (<anonymous>)

    console.log
      [ContentAccumulator] Current accumulated arguments { index: 0, arguments: '{"operation":"add", "a": 5, "b": 3}' }

      at Logger.log [as debug] (src/utils/logger.ts:89:21)
          at processStream_1.next (<anonymous>)

    console.log
      [ContentAccumulator] Finished processing stream

      at Logger.log [as debug] (src/utils/logger.ts:89:21)
          at processStream_1.next (<anonymous>)

    console.log
      [ContentAccumulator] Getting completed tool calls, count: 0

      at Logger.log [as debug] (src/utils/logger.ts:89:21)

    console.log
      [ContentAccumulator] ContentAccumulator initialized

      at Logger.log [as debug] (src/utils/logger.ts:89:21)

    console.log
      [ContentAccumulator] Starting to process stream

      at Logger.log [as debug] (src/utils/logger.ts:89:21)
          at processStream_1.next (<anonymous>)

    console.log
      [ContentAccumulator] Processing chunk to accumulate: { chunk: { content: 'Hello', role: 'assistant', isComplete: false } }

      at Logger.log [as debug] (src/utils/logger.ts:89:21)
          at processStream_1.next (<anonymous>)

    console.log
      [ContentAccumulator] Accumulated content, length: 5

      at Logger.log [as debug] (src/utils/logger.ts:89:21)
          at processStream_1.next (<anonymous>)

    console.log
      [ContentAccumulator] Getting accumulated content, length: 5

      at Logger.log [as debug] (src/utils/logger.ts:89:21)

    console.log
      [ContentAccumulator] Processing chunk to accumulate: { chunk: { content: ' world', role: 'assistant', isComplete: true } }

      at Logger.log [as debug] (src/utils/logger.ts:89:21)
          at processStream_1.next (<anonymous>)

    console.log
      [ContentAccumulator] Accumulated content, length: 11

      at Logger.log [as debug] (src/utils/logger.ts:89:21)
          at processStream_1.next (<anonymous>)

    console.log
      [ContentAccumulator] Getting accumulated content, length: 11

      at Logger.log [as debug] (src/utils/logger.ts:89:21)

    console.log
      [ContentAccumulator] ContentAccumulator initialized

      at Logger.log [as debug] (src/utils/logger.ts:89:21)

    console.log
      [ContentAccumulator] Starting to process stream

      at Logger.log [as debug] (src/utils/logger.ts:89:21)
          at processStream_1.next (<anonymous>)

    console.log
      [ContentAccumulator] Processing chunk to accumulate: {
        chunk: {
          content: '',
          role: 'assistant',
          isComplete: false,
          toolCallChunks: [ [Object] ]
        }
      }

      at Logger.log [as debug] (src/utils/logger.ts:89:21)
          at processStream_1.next (<anonymous>)

    console.log
      [ContentAccumulator] Processing 1 raw tool call chunks

      at Logger.log [as debug] (src/utils/logger.ts:89:21)
          at processStream_1.next (<anonymous>)

    console.log
      [ContentAccumulator] Initializing new tool call accumulator with index: 0, name: get_weather

      at Logger.log [as debug] (src/utils/logger.ts:89:21)
          at processStream_1.next (<anonymous>)

    console.log
      [ContentAccumulator] Accumulated arguments for index 0, length: 0

      at Logger.log [as debug] (src/utils/logger.ts:89:21)
          at processStream_1.next (<anonymous>)

    console.log
      [ContentAccumulator] Accumulating arguments { index: 0, name: 'get_weather', newChunk: '{"city": "New York"}' }

      at Logger.log [as debug] (src/utils/logger.ts:89:21)
          at processStream_1.next (<anonymous>)

    console.log
      [ContentAccumulator] Current accumulated arguments { index: 0, arguments: '{"city": "New York"}' }

      at Logger.log [as debug] (src/utils/logger.ts:89:21)
          at processStream_1.next (<anonymous>)

    console.log
      [ContentAccumulator] Processing chunk to accumulate: {
        chunk: {
          content: '',
          role: 'assistant',
          isComplete: false,
          toolCallChunks: [ [Object] ]
        }
      }

      at Logger.log [as debug] (src/utils/logger.ts:89:21)
          at processStream_1.next (<anonymous>)

    console.log
      [ContentAccumulator] Processing 1 raw tool call chunks

      at Logger.log [as debug] (src/utils/logger.ts:89:21)
          at processStream_1.next (<anonymous>)

    console.log
      [ContentAccumulator] Initializing new tool call accumulator with index: 1, name: get_time

      at Logger.log [as debug] (src/utils/logger.ts:89:21)
          at processStream_1.next (<anonymous>)

    console.log
      [ContentAccumulator] Accumulated arguments for index 1, length: 0

      at Logger.log [as debug] (src/utils/logger.ts:89:21)
          at processStream_1.next (<anonymous>)

    console.log
      [ContentAccumulator] Accumulating arguments { index: 1, name: 'get_time', newChunk: '{"timezone": "EST"}' }

      at Logger.log [as debug] (src/utils/logger.ts:89:21)
          at processStream_1.next (<anonymous>)

    console.log
      [ContentAccumulator] Current accumulated arguments { index: 1, arguments: '{"timezone": "EST"}' }

      at Logger.log [as debug] (src/utils/logger.ts:89:21)
          at processStream_1.next (<anonymous>)

    console.log
      [ContentAccumulator] Processing chunk to accumulate: {
        chunk: {
          content: '',
          role: 'assistant',
          isComplete: true,
          metadata: { finishReason: 'tool_calls' }
        }
      }

      at Logger.log [as debug] (src/utils/logger.ts:89:21)
          at processStream_1.next (<anonymous>)

    console.log
      [ContentAccumulator] Stream complete with TOOL_CALLS finish reason, marking all tool calls as complete

      at Logger.log [as debug] (src/utils/logger.ts:89:21)
          at processStream_1.next (<anonymous>)

    console.log
      [ContentAccumulator] Marked tool call at index 0 as complete

      at Logger.log [as debug] (src/utils/logger.ts:89:21)
          at processStream_1.next (<anonymous>)

    console.log
      [ContentAccumulator] Marked tool call at index 1 as complete

      at Logger.log [as debug] (src/utils/logger.ts:89:21)
          at processStream_1.next (<anonymous>)

    console.log
      [ContentAccumulator] Attempting to parse arguments for tool call at index 0

      at Logger.log [as debug] (src/utils/logger.ts:89:21)
          at processStream_1.next (<anonymous>)

    console.log
      [ContentAccumulator] Successfully parsed arguments for tool: get_weather, index: 0

      at Logger.log [as debug] (src/utils/logger.ts:89:21)
          at processStream_1.next (<anonymous>)

    console.log
      [ContentAccumulator] Attempting to parse arguments for tool call at index 1

      at Logger.log [as debug] (src/utils/logger.ts:89:21)
          at processStream_1.next (<anonymous>)

    console.log
      [ContentAccumulator] Successfully parsed arguments for tool: get_time, index: 1

      at Logger.log [as debug] (src/utils/logger.ts:89:21)
          at processStream_1.next (<anonymous>)

    console.log
      [ContentAccumulator] Completed 2 tool call(s) in this chunk

      at Logger.log [as debug] (src/utils/logger.ts:89:21)
          at processStream_1.next (<anonymous>)

    console.log
      [ContentAccumulator] Completed tool calls {
        completedToolCalls: [
          { id: 'tool-1', name: 'get_weather', arguments: [Object] },
          { id: 'tool-2', name: 'get_time', arguments: [Object] }
        ]
      }

      at Logger.log [as debug] (src/utils/logger.ts:89:21)
          at processStream_1.next (<anonymous>)

    console.log
      [ContentAccumulator] Completed tool: get_weather, id: tool-1, params: {"city":"New York"}

      at Logger.log [as debug] (src/utils/logger.ts:89:21)
          at Array.forEach (<anonymous>)
          at processStream_1.next (<anonymous>)

    console.log
      [ContentAccumulator] Completed tool: get_time, id: tool-2, params: {"timezone":"EST"}

      at Logger.log [as debug] (src/utils/logger.ts:89:21)
          at Array.forEach (<anonymous>)
          at processStream_1.next (<anonymous>)

    console.log
      [ContentAccumulator] Finished processing stream

      at Logger.log [as debug] (src/utils/logger.ts:89:21)
          at processStream_1.next (<anonymous>)

    console.log
      [ContentAccumulator] Getting completed tool calls, count: 2

      at Logger.log [as debug] (src/utils/logger.ts:89:21)

    console.log
      [ContentAccumulator] ContentAccumulator initialized

      at Logger.log [as debug] (src/utils/logger.ts:89:21)

    console.log
      [ContentAccumulator] Starting to process stream

      at Logger.log [as debug] (src/utils/logger.ts:89:21)
          at processStream_1.next (<anonymous>)

    console.log
      [ContentAccumulator] Processing chunk to accumulate: {
        chunk: {
          content: '',
          role: 'assistant',
          isComplete: false,
          toolCallChunks: [ [Object] ]
        }
      }

      at Logger.log [as debug] (src/utils/logger.ts:89:21)
          at processStream_1.next (<anonymous>)

    console.log
      [ContentAccumulator] Processing 1 raw tool call chunks

      at Logger.log [as debug] (src/utils/logger.ts:89:21)
          at processStream_1.next (<anonymous>)

    console.log
      [ContentAccumulator] Initializing new tool call accumulator with index: 0, name: get_weather

      at Logger.log [as debug] (src/utils/logger.ts:89:21)
          at processStream_1.next (<anonymous>)

    console.log
      [ContentAccumulator] Accumulated arguments for index 0, length: 0

      at Logger.log [as debug] (src/utils/logger.ts:89:21)
          at processStream_1.next (<anonymous>)

    console.log
      [ContentAccumulator] Accumulating arguments { index: 0, name: 'get_weather', newChunk: '{"city": "New York"}' }

      at Logger.log [as debug] (src/utils/logger.ts:89:21)
          at processStream_1.next (<anonymous>)

    console.log
      [ContentAccumulator] Current accumulated arguments { index: 0, arguments: '{"city": "New York"}' }

      at Logger.log [as debug] (src/utils/logger.ts:89:21)
          at processStream_1.next (<anonymous>)

    console.log
      [ContentAccumulator] Processing chunk to accumulate: {
        chunk: {
          content: '',
          role: 'assistant',
          isComplete: true,
          metadata: { finishReason: 'tool_calls' }
        }
      }

      at Logger.log [as debug] (src/utils/logger.ts:89:21)
          at processStream_1.next (<anonymous>)

    console.log
      [ContentAccumulator] Stream complete with TOOL_CALLS finish reason, marking all tool calls as complete

      at Logger.log [as debug] (src/utils/logger.ts:89:21)
          at processStream_1.next (<anonymous>)

    console.log
      [ContentAccumulator] Marked tool call at index 0 as complete

      at Logger.log [as debug] (src/utils/logger.ts:89:21)
          at processStream_1.next (<anonymous>)

    console.log
      [ContentAccumulator] Attempting to parse arguments for tool call at index 0

      at Logger.log [as debug] (src/utils/logger.ts:89:21)
          at processStream_1.next (<anonymous>)

    console.log
      [ContentAccumulator] Successfully parsed arguments for tool: get_weather, index: 0

      at Logger.log [as debug] (src/utils/logger.ts:89:21)
          at processStream_1.next (<anonymous>)

    console.log
      [ContentAccumulator] Completed 1 tool call(s) in this chunk

      at Logger.log [as debug] (src/utils/logger.ts:89:21)
          at processStream_1.next (<anonymous>)

    console.log
      [ContentAccumulator] Completed tool calls {
        completedToolCalls: [ { id: 'tool-1', name: 'get_weather', arguments: [Object] } ]
      }

      at Logger.log [as debug] (src/utils/logger.ts:89:21)
          at processStream_1.next (<anonymous>)

    console.log
      [ContentAccumulator] Completed tool: get_weather, id: tool-1, params: {"city":"New York"}

      at Logger.log [as debug] (src/utils/logger.ts:89:21)
          at Array.forEach (<anonymous>)
          at processStream_1.next (<anonymous>)

    console.log
      [ContentAccumulator] Finished processing stream

      at Logger.log [as debug] (src/utils/logger.ts:89:21)
          at processStream_1.next (<anonymous>)

    console.log
      [ContentAccumulator] Getting completed tool calls, count: 1

      at Logger.log [as debug] (src/utils/logger.ts:89:21)

    console.log
      [ContentAccumulator] Getting completed tool calls, count: 1

      at Logger.log [as debug] (src/utils/logger.ts:89:21)

PASS src/tests/unit/core/telemetry/UsageTracker.test.ts
PASS src/tests/unit/core/telemetry/TelemetryCollector.dispatch.test.ts
PASS src/tests/unit/core/streaming/StreamPipeline.test.ts
PASS src/tests/unit/core/prompt/PromptEnhancer.test.ts
PASS src/tests/unit/core/retry/RetryManager.test.ts
  ● Console

    console.log
      RetryManager: Attempt 2 - Reason: fail 1

      at RetryManager.log (src/core/retry/RetryManager.ts:58:29)

    console.log
      RetryManager: Attempt 3 - Reason: fail 2

      at RetryManager.log (src/core/retry/RetryManager.ts:58:29)

    console.log
      NODE_ENV in test: test

      at src/tests/unit/core/retry/RetryManager.test.ts:55:13

    console.log
      RetryManager: Attempt 2 - Reason: persistent error

      at RetryManager.log (src/core/retry/RetryManager.ts:58:29)

    console.log
      RetryManager: Attempt 3 - Reason: persistent error

      at RetryManager.log (src/core/retry/RetryManager.ts:58:29)

    console.log
      RetryManager: Attempt 2 - Reason: oops

      at RetryManager.log (src/core/retry/RetryManager.ts:58:29)

    console.log
      RetryManager: Attempt 2 - Reason: primitive error

      at RetryManager.log (src/core/retry/RetryManager.ts:58:29)

    console.log
      RetryManager: Attempt 3 - Reason: primitive error

      at RetryManager.log (src/core/retry/RetryManager.ts:58:29)

PASS src/tests/unit/core/telemetry/OpikProvider.telemetry.test.ts
  ● Console

    console.warn
      [OpikProvider] Missing OPIK_URL_OVERRIDE or OPIK_API_KEY; skipping attachment upload

      56 |         return;
      57 |     }
    > 58 |     originalConsoleWarn(...args);
         |     ^
      59 | };
      60 |
      61 | // Add additional Jest setup as needed 

      at console.warn (jest.setup.ts:58:5)
      at Logger.warn (src/utils/logger.ts:101:21)
      at OpikProvider.warn (src/core/telemetry/providers/opik/OpikProvider.ts:72:26)
      at src/core/telemetry/providers/opik/OpikProvider.ts:27194:40
      at __awaiter (src/core/telemetry/providers/opik/OpikProvider.ts:27143:10)
      at OpikProvider.uploadSpanAttachment (src/core/telemetry/providers/opik/OpikProvider.ts:27319:12)
      at OpikProvider.uploadSpanAttachment [as addPrompt] (src/core/telemetry/providers/opik/OpikProvider.ts:693:30)
      at src/tests/unit/core/telemetry/OpikProvider.telemetry.test.ts:73:18
      at src/tests/unit/core/telemetry/OpikProvider.telemetry.test.ts:7:71
      at __awaiter (src/tests/unit/core/telemetry/OpikProvider.telemetry.test.ts:3:12)
      at Object.<anonymous> (src/tests/unit/core/telemetry/OpikProvider.telemetry.test.ts:56:109)

    console.warn
      [OpikProvider] Missing OPIK_URL_OVERRIDE or OPIK_API_KEY; skipping attachment upload

      56 |         return;
      57 |     }
    > 58 |     originalConsoleWarn(...args);
         |     ^
      59 | };
      60 |
      61 | // Add additional Jest setup as needed 

      at console.warn (jest.setup.ts:58:5)
      at Logger.warn (src/utils/logger.ts:101:21)
      at OpikProvider.warn (src/core/telemetry/providers/opik/OpikProvider.ts:72:26)
      at src/core/telemetry/providers/opik/OpikProvider.ts:27194:40
      at __awaiter (src/core/telemetry/providers/opik/OpikProvider.ts:27143:10)
      at OpikProvider.uploadSpanAttachment (src/core/telemetry/providers/opik/OpikProvider.ts:27319:12)
      at OpikProvider.uploadSpanAttachment [as addPrompt] (src/core/telemetry/providers/opik/OpikProvider.ts:693:30)
      at src/tests/unit/core/telemetry/OpikProvider.telemetry.test.ts:113:18
      at src/tests/unit/core/telemetry/OpikProvider.telemetry.test.ts:7:71
      at __awaiter (src/tests/unit/core/telemetry/OpikProvider.telemetry.test.ts:3:12)
      at Object.<anonymous> (src/tests/unit/core/telemetry/OpikProvider.telemetry.test.ts:106:93)

PASS src/tests/unit/core/tools/ToolController.test.ts
  ● Console

    console.warn
      [ToolController.processToolCalls] Iteration limit exceeded: 1

      56 |         return;
      57 |     }
    > 58 |     originalConsoleWarn(...args);
         |     ^
      59 | };
      60 |
      61 | // Add additional Jest setup as needed 

      at console.warn (jest.setup.ts:58:5)
      at Logger.warn (src/utils/logger.ts:101:21)
      at ToolController.warn (src/core/tools/ToolController.ts:153:17)
      at src/core/tools/ToolController.ts:5734:40
      at __awaiter (src/core/tools/ToolController.ts:5683:10)
      at ToolController.processToolCalls (src/core/tools/ToolController.ts:6012:12)
      at src/tests/unit/core/tools/ToolController.test.ts:48:29
      at fulfilled (src/tests/unit/core/tools/ToolController.test.ts:4:58)

    console.warn
      [ToolController.processToolCalls] Tool not found: nonExistentTool { availableToolNames: [], argumentsProvided: { param: 'value' } }

      56 |         return;
      57 |     }
    > 58 |     originalConsoleWarn(...args);
         |     ^
      59 | };
      60 |
      61 | // Add additional Jest setup as needed 

      at console.warn (jest.setup.ts:58:5)
      at Logger.warn (src/utils/logger.ts:101:21)
      at ToolController.warn (src/core/tools/ToolController.ts:235:21)
      at src/core/tools/ToolController.ts:5734:40
      at __awaiter (src/core/tools/ToolController.ts:5683:10)
      at __awaiter (src/core/tools/ToolController.ts:192:99)
          at Array.map (<anonymous>)
      at ToolController.map (src/core/tools/ToolController.ts:192:55)
      at src/core/tools/ToolController.ts:5734:40
      at __awaiter (src/core/tools/ToolController.ts:5683:10)
      at ToolController.processToolCalls (src/core/tools/ToolController.ts:6012:12)
      at src/tests/unit/core/tools/ToolController.test.ts:64:37
      at src/tests/unit/core/tools/ToolController.test.ts:7:71
      at __awaiter (src/tests/unit/core/tools/ToolController.test.ts:3:12)
      at Object.<anonymous> (src/tests/unit/core/tools/ToolController.test.ts:51:72)

    console.error
      [ToolController.processToolCalls] Error executing tool call { toolName: 'failingTool', error: 'call failed' }

      43 |         return;
      44 |     }
    > 45 |     originalConsoleError(...args);
         |     ^
      46 | };
      47 |
      48 | // Silence TypeScript 'never' warnings in mocks by muting console.warn

      at console.error (jest.setup.ts:45:5)
      at Logger.error (src/utils/logger.ts:107:21)
      at ToolController.error (src/core/tools/ToolController.ts:301:25)
          at Generator.throw (<anonymous>)
      at rejected (src/core/tools/ToolController.ts:5711:32)

    console.error
      [ToolController.executeToolCall] Tool definition not found for execution: nonExistentTool

      43 |         return;
      44 |     }
    > 45 |     originalConsoleError(...args);
         |     ^
      46 | };
      47 |
      48 | // Silence TypeScript 'never' warnings in mocks by muting console.warn

      at console.error (jest.setup.ts:45:5)
      at Logger.error (src/utils/logger.ts:107:21)
      at ToolController.error (src/core/tools/ToolController.ts:386:17)
      at src/core/tools/ToolController.ts:5734:40
      at __awaiter (src/core/tools/ToolController.ts:5683:10)
      at ToolController.executeToolCall (src/core/tools/ToolController.ts:6601:12)
      at src/tests/unit/core/tools/ToolController.test.ts:323:31
      at src/tests/unit/core/tools/ToolController.test.ts:7:71
      at __awaiter (src/tests/unit/core/tools/ToolController.test.ts:3:12)
      at Object.<anonymous> (src/tests/unit/core/tools/ToolController.test.ts:311:89)

    console.error
      [ToolController.executeToolCall] Standard function tool execution failed: failingTool {
        error: Error: Execution failed
            at /Users/maximantonov/Work/_lab/callllm/src/tests/unit/core/tools/ToolController.test.ts:333:52
            at Generator.next (<anonymous>)
            at /Users/maximantonov/Work/_lab/callllm/src/tests/unit/core/tools/ToolController.test.ts:7:71
            at new Promise (<anonymous>)
            at __awaiter (/Users/maximantonov/Work/_lab/callllm/src/tests/unit/core/tools/ToolController.test.ts:3:12)
            at Object.<anonymous> (/Users/maximantonov/Work/_lab/callllm/src/tests/unit/core/tools/ToolController.test.ts:327:82)
            at Promise.then.completed (/Users/maximantonov/Work/_lab/callllm/node_modules/jest-circus/build/utils.js:298:28)
            at new Promise (<anonymous>)
            at callAsyncCircusFn (/Users/maximantonov/Work/_lab/callllm/node_modules/jest-circus/build/utils.js:231:10)
            at _callCircusTest (/Users/maximantonov/Work/_lab/callllm/node_modules/jest-circus/build/run.js:316:40)
            at processTicksAndRejections (node:internal/process/task_queues:103:5)
            at _runTest (/Users/maximantonov/Work/_lab/callllm/node_modules/jest-circus/build/run.js:252:3)
            at _runTestsForDescribeBlock (/Users/maximantonov/Work/_lab/callllm/node_modules/jest-circus/build/run.js:126:9)
            at _runTestsForDescribeBlock (/Users/maximantonov/Work/_lab/callllm/node_modules/jest-circus/build/run.js:121:9)
            at _runTestsForDescribeBlock (/Users/maximantonov/Work/_lab/callllm/node_modules/jest-circus/build/run.js:121:9)
            at run (/Users/maximantonov/Work/_lab/callllm/node_modules/jest-circus/build/run.js:71:3)
            at runAndTransformResultsToJestFormat (/Users/maximantonov/Work/_lab/callllm/node_modules/jest-circus/build/legacy-code-todo-rewrite/jestAdapterInit.js:122:21)
            at jestAdapter (/Users/maximantonov/Work/_lab/callllm/node_modules/jest-circus/build/legacy-code-todo-rewrite/jestAdapter.js:79:19)
            at runTestInternal (/Users/maximantonov/Work/_lab/callllm/node_modules/jest-runner/build/runTest.js:367:16)
            at runTest (/Users/maximantonov/Work/_lab/callllm/node_modules/jest-runner/build/runTest.js:444:34)
            at Object.worker (/Users/maximantonov/Work/_lab/callllm/node_modules/jest-runner/build/testWorker.js:106:12)
      }

      43 |         return;
      44 |     }
    > 45 |     originalConsoleError(...args);
         |     ^
      46 | };
      47 |
      48 | // Silence TypeScript 'never' warnings in mocks by muting console.warn

      at console.error (jest.setup.ts:45:5)
      at Logger.error (src/utils/logger.ts:107:21)
      at ToolController.error (src/core/tools/ToolController.ts:441:21)
          at Generator.throw (<anonymous>)
      at rejected (src/core/tools/ToolController.ts:5711:32)

    console.error
      [ToolController.executeToolCall] Tool definition is invalid or missing execution logic: noFuncTool

      43 |         return;
      44 |     }
    > 45 |     originalConsoleError(...args);
         |     ^
      46 | };
      47 |
      48 | // Silence TypeScript 'never' warnings in mocks by muting console.warn

      at console.error (jest.setup.ts:45:5)
      at Logger.error (src/utils/logger.ts:107:21)
      at ToolController.error (src/core/tools/ToolController.ts:445:17)
      at src/core/tools/ToolController.ts:5734:40
      at __awaiter (src/core/tools/ToolController.ts:5683:10)
      at ToolController.executeToolCall (src/core/tools/ToolController.ts:6601:12)
      at src/tests/unit/core/tools/ToolController.test.ts:368:31
      at src/tests/unit/core/tools/ToolController.test.ts:7:71
      at __awaiter (src/tests/unit/core/tools/ToolController.test.ts:3:12)
      at Object.<anonymous> (src/tests/unit/core/tools/ToolController.test.ts:349:70)

PASS src/tests/unit/core/schema/SchemaFormatter.test.ts
PASS src/tests/unit/core/processors/StringSplitter.test.ts
PASS src/tests/unit/core/schema/SchemaValidator.test.ts
PASS src/tests/unit/core/processors/RecursiveObjectSplitter.test.ts
PASS src/tests/unit/core/streaming/StreamHandler.test.ts
  ● Console

    console.log
      Skipping test for now: should handle tool calls that require resubmission

      at src/tests/unit/core/streaming/StreamHandler.test.ts:566:13

PASS src/tests/unit/core/processors/MarkdownSplitter.test.ts
PASS src/tests/unit/core/processors/RequestProcessor.test.ts
PASS src/tests/unit/core/mcp/OAuthProvider.test.ts
  ● Console

    console.error
      [OAuthProvider.codeVerifier] Code verifier not found: Error: No code verifier found for server another-server
          at OAuthProvider.<anonymous> (/Users/maximantonov/Work/_lab/callllm/src/core/mcp/OAuthProvider.ts:266:31)
          at Generator.next (<anonymous>)
          at fulfilled (/Users/maximantonov/Work/_lab/callllm/src/core/mcp/OAuthProvider.ts:2412:24)
          at processTicksAndRejections (node:internal/process/task_queues:103:5)

      43 |         return;
      44 |     }
    > 45 |     originalConsoleError(...args);
         |     ^
      46 | };
      47 |
      48 | // Silence TypeScript 'never' warnings in mocks by muting console.warn

      at console.error (jest.setup.ts:45:5)
      at Logger.error (src/utils/logger.ts:107:21)
      at OAuthProvider.error (src/core/mcp/OAuthProvider.ts:267:21)
      at fulfilled (src/core/mcp/OAuthProvider.ts:2412:24)

    console.error
      [OAuthProvider.codeVerifier] Error retrieving code verifier for server another-server: Error: No code verifier found for server another-server
          at OAuthProvider.<anonymous> (/Users/maximantonov/Work/_lab/callllm/src/core/mcp/OAuthProvider.ts:266:31)
          at Generator.next (<anonymous>)
          at fulfilled (/Users/maximantonov/Work/_lab/callllm/src/core/mcp/OAuthProvider.ts:2412:24)
          at processTicksAndRejections (node:internal/process/task_queues:103:5)

      43 |         return;
      44 |     }
    > 45 |     originalConsoleError(...args);
         |     ^
      46 | };
      47 |
      48 | // Silence TypeScript 'never' warnings in mocks by muting console.warn

      at console.error (jest.setup.ts:45:5)
      at Logger.error (src/utils/logger.ts:107:21)
      at OAuthProvider.error (src/core/mcp/OAuthProvider.ts:273:17)
      at fulfilled (src/core/mcp/OAuthProvider.ts:2412:24)

    console.log
      [OAuthProvider.saveTokens] Saved tokens for server test-server

      at Logger.log [as info] (src/utils/logger.ts:95:21)

    console.log
      [OAuthProvider.saveClientInformation] Saved client information for server test-server

      at Logger.log [as info] (src/utils/logger.ts:95:21)

    console.log
      [OAuthProvider.saveTokens] Saved tokens for server test-server

      at Logger.log [as info] (src/utils/logger.ts:95:21)

    console.log
      [OAuthProvider.saveClientInformation] Saved client information for server test-server

      at Logger.log [as info] (src/utils/logger.ts:95:21)

    console.log
      [OAuthProvider.redirectToAuthorization] Redirecting to authorization URL for server test-server: https://auth.example.com/authorize

      at Logger.log [as info] (src/utils/logger.ts:95:21)

    console.log
      [OAuthProvider.redirectToAuthorization] Cannot automatically redirect in Node.js environment.

      at Logger.log [as info] (src/utils/logger.ts:95:21)

    console.log
      [OAuthProvider.redirectToAuthorization] Please manually navigate to: https://auth.example.com/authorize

      at Logger.log [as info] (src/utils/logger.ts:95:21)

PASS src/tests/unit/core/processors/DataSplitter.test.ts
PASS src/tests/unit/core/mcp/MCPConfigTypes.test.ts
FAIL src/tests/unit/core/processors/ResponseProcessor.test.ts
  ● ResponseProcessor › validateJsonMode › should return usePromptInjection: false when model has native JSON support

    expect(received).toEqual(expected) // deep equality

    - Expected  - 0
    + Received  + 1

      Object {
        "usePromptInjection": false,
    +   "useSchemaInjection": true,
      }

      1158 |         responseFormat: 'json'
      1159 |       };
    > 1160 |       expect(processor.validateJsonMode(model, params)).toEqual({ usePromptInjection: false });
           |                                                         ^
      1161 |     });
      1162 |
      1163 |     it('should throw error when model does not have native JSON support and fallback is disabled', () => {

      at Object.<anonymous> (src/tests/unit/core/processors/ResponseProcessor.test.ts:1160:57)

  ● ResponseProcessor › validateJsonMode › should return usePromptInjection: true when model does not have native JSON support but fallback is enabled

    expect(received).toEqual(expected) // deep equality

    - Expected  - 0
    + Received  + 1

      Object {
        "usePromptInjection": true,
    +   "useSchemaInjection": true,
      }

      1228 |         }
      1229 |       };
    > 1230 |       expect(processor.validateJsonMode(model, params)).toEqual({ usePromptInjection: true });
           |                                                         ^
      1231 |     });
      1232 |
      1233 |     it('should handle force-prompt JSON mode', async () => {

      at Object.<anonymous> (src/tests/unit/core/processors/ResponseProcessor.test.ts:1230:57)

  ● ResponseProcessor › validateJsonMode › should handle force-prompt JSON mode

    expect(received).toEqual(expected) // deep equality

    - Expected  - 0
    + Received  + 1

      Object {
        "usePromptInjection": true,
    +   "useSchemaInjection": true,
      }

      1262 |         }
      1263 |       };
    > 1264 |       expect(processor.validateJsonMode(model, params)).toEqual({ usePromptInjection: true });
           |                                                         ^
      1265 |     });
      1266 |
      1267 |     it('should return false when no JSON is requested', () => {

      at src/tests/unit/core/processors/ResponseProcessor.test.ts:1264:57
      at src/tests/unit/core/processors/ResponseProcessor.test.ts:7:71
      at __awaiter (src/tests/unit/core/processors/ResponseProcessor.test.ts:3:12)
      at Object.<anonymous> (src/tests/unit/core/processors/ResponseProcessor.test.ts:1233:59)

  ● ResponseProcessor › validateJsonMode › should return false when no JSON is requested

    expect(received).toEqual(expected) // deep equality

    - Expected  - 0
    + Received  + 1

      Object {
        "usePromptInjection": false,
    +   "useSchemaInjection": false,
      }

      1292 |         model: 'test-model'
      1293 |       };
    > 1294 |       expect(processor.validateJsonMode(model, params)).toEqual({ usePromptInjection: false });
           |                                                         ^
      1295 |     });
      1296 |   });
      1297 |

      at Object.<anonymous> (src/tests/unit/core/processors/ResponseProcessor.test.ts:1294:57)

PASS src/tests/unit/core/mcp/MCPToolLoader.test.ts
  ● Console

    console.log
      [MCPToolLoader.loadTools] Loaded 0 unique tools from 0 MCP servers

      at Logger.log [as info] (src/utils/logger.ts:95:21)

    console.log
      [MCPToolLoader.loadTools] Loaded 0 unique tools from 2 MCP servers

      at Logger.log [as info] (src/utils/logger.ts:95:21)

    console.error
      [MCPToolLoader.loadTools] Failed to load tools from MCP server "server1": Failed to connect to MCP server "server1": Connection failed

      43 |         return;
      44 |     }
    > 45 |     originalConsoleError(...args);
         |     ^
      46 | };
      47 |
      48 | // Silence TypeScript 'never' warnings in mocks by muting console.warn

      at console.error (jest.setup.ts:45:5)
      at Logger.error (src/utils/logger.ts:107:21)
      at MCPToolLoader.error (src/core/mcp/MCPToolLoader.ts:94:21)
          at Generator.throw (<anonymous>)
      at rejected (src/core/mcp/MCPToolLoader.ts:1401:32)

    console.log
      [MCPToolLoader.loadTools] Loaded 0 unique tools from 2 MCP servers

      at Logger.log [as info] (src/utils/logger.ts:95:21)

    console.warn
      [MCPToolLoader.loadTools] Duplicate tool name detected: duplicate_tool. Keeping first instance.

      56 |         return;
      57 |     }
    > 58 |     originalConsoleWarn(...args);
         |     ^
      59 | };
      60 |
      61 | // Add additional Jest setup as needed 

      at console.warn (jest.setup.ts:58:5)
      at Logger.warn (src/utils/logger.ts:101:21)
      at MCPToolLoader.warn (src/core/mcp/MCPToolLoader.ts:117:21)
      at fulfilled (src/core/mcp/MCPToolLoader.ts:1387:24)

    console.log
      [MCPToolLoader.loadTools] Loaded 3 unique tools from 2 MCP servers

      at Logger.log [as info] (src/utils/logger.ts:95:21)

PASS src/tests/unit/core/models/TokenCalculator.test.ts
  ● Console

    console.warn
      Failed to calculate tokens, using approximate count: Error: Tiktoken error
          at /Users/maximantonov/Work/_lab/callllm/src/tests/unit/core/models/TokenCalculator.test.ts:186:15
          at /Users/maximantonov/Work/_lab/callllm/node_modules/jest-mock/build/index.js:397:39
          at /Users/maximantonov/Work/_lab/callllm/node_modules/jest-mock/build/index.js:404:13
          at mockConstructor (/Users/maximantonov/Work/_lab/callllm/node_modules/jest-mock/build/index.js:148:19)
          at TokenCalculator.encoding_for_model [as calculateTokens] (/Users/maximantonov/Work/_lab/callllm/src/core/models/TokenCalculator.ts:100:43)
          at Object.<anonymous> (/Users/maximantonov/Work/_lab/callllm/src/tests/unit/core/models/TokenCalculator.test.ts:190:33)
          at Promise.then.completed (/Users/maximantonov/Work/_lab/callllm/node_modules/jest-circus/build/utils.js:298:28)
          at new Promise (<anonymous>)
          at callAsyncCircusFn (/Users/maximantonov/Work/_lab/callllm/node_modules/jest-circus/build/utils.js:231:10)
          at _callCircusTest (/Users/maximantonov/Work/_lab/callllm/node_modules/jest-circus/build/run.js:316:40)
          at processTicksAndRejections (node:internal/process/task_queues:103:5)
          at _runTest (/Users/maximantonov/Work/_lab/callllm/node_modules/jest-circus/build/run.js:252:3)
          at _runTestsForDescribeBlock (/Users/maximantonov/Work/_lab/callllm/node_modules/jest-circus/build/run.js:126:9)
          at _runTestsForDescribeBlock (/Users/maximantonov/Work/_lab/callllm/node_modules/jest-circus/build/run.js:121:9)
          at _runTestsForDescribeBlock (/Users/maximantonov/Work/_lab/callllm/node_modules/jest-circus/build/run.js:121:9)
          at run (/Users/maximantonov/Work/_lab/callllm/node_modules/jest-circus/build/run.js:71:3)
          at runAndTransformResultsToJestFormat (/Users/maximantonov/Work/_lab/callllm/node_modules/jest-circus/build/legacy-code-todo-rewrite/jestAdapterInit.js:122:21)
          at jestAdapter (/Users/maximantonov/Work/_lab/callllm/node_modules/jest-circus/build/legacy-code-todo-rewrite/jestAdapter.js:79:19)
          at runTestInternal (/Users/maximantonov/Work/_lab/callllm/node_modules/jest-runner/build/runTest.js:367:16)
          at runTest (/Users/maximantonov/Work/_lab/callllm/node_modules/jest-runner/build/runTest.js:444:34)
          at Object.worker (/Users/maximantonov/Work/_lab/callllm/node_modules/jest-runner/build/testWorker.js:106:12)

      56 |         return;
      57 |     }
    > 58 |     originalConsoleWarn(...args);
         |     ^
      59 | };
      60 |
      61 | // Add additional Jest setup as needed 

      at console.warn (jest.setup.ts:58:5)
      at TokenCalculator.warn [as calculateTokens] (src/core/models/TokenCalculator.ts:105:21)
      at Object.<anonymous> (src/tests/unit/core/models/TokenCalculator.test.ts:190:33)

PASS src/tests/unit/core/history/HistoryTruncator.test.ts
PASS src/tests/unit/core/models/ModelSelector.test.ts
PASS src/tests/unit/core/models/ModelManager.test.ts
PASS src/tests/unit/core/history/HistoryManager.test.ts
  ● Console

    console.error
      Error parsing JSON: SyntaxError: Expected property name or '}' in JSON at position 1 (line 1 column 2)

      43 |         return;
      44 |     }
    > 45 |     originalConsoleError(...args);
         |     ^
      46 | };
      47 |
      48 | // Silence TypeScript 'never' warnings in mocks by muting console.warn

      at console.error (jest.setup.ts:45:5)
      at HistoryManager.error [as safeJsonParse] (src/core/history/HistoryManager.ts:410:21)
      at safeJsonParse (src/core/history/HistoryManager.ts:385:44)
          at Array.map (<anonymous>)
      at map (src/core/history/HistoryManager.ts:373:46)
          at Array.map (<anonymous>)
      at HistoryManager.map [as getHistorySummary] (src/core/history/HistoryManager.ts:350:25)
      at Object.<anonymous> (src/tests/unit/core/history/HistoryManager.test.ts:729:38)

PASS src/tests/unit/core/mcp/MCPServiceAdapter.test.ts
  ● Console

    console.log
      [MCPServiceAdapter.connectToServer] Connected to server stdio

      at Logger.log [as info] (src/utils/logger.ts:95:21)

    console.log
      [MCPServiceAdapter.connectWithHttp] Connected to server http using Streamable HTTP transport

      at Logger.log [as info] (src/utils/logger.ts:95:21)

    console.warn
      [MCPServiceAdapter.connectWithHttp] Streamable HTTP connection failed for server fallback: HTTP 404 Not Found

      56 |         return;
      57 |     }
    > 58 |     originalConsoleWarn(...args);
         |     ^
      59 | };
      60 |
      61 | // Add additional Jest setup as needed 

      at console.warn (jest.setup.ts:58:5)
      at Logger.warn (src/utils/logger.ts:101:21)
      at MCPServiceAdapter.warn (src/core/mcp/MCPServiceAdapter.ts:557:17)
          at Generator.throw (<anonymous>)
      at rejected (src/core/mcp/MCPServiceAdapter.ts:16290:32)

    console.log
      [MCPServiceAdapter.connectWithHttp] Falling back to SSE transport for server fallback

      at Logger.log [as info] (src/utils/logger.ts:95:21)
          at Generator.throw (<anonymous>)

    console.log
      [MCPServiceAdapter.connectWithSSE] Connected to server fallback using SSE transport (fallback)

      at Logger.log [as info] (src/utils/logger.ts:95:21)

    console.log
      [MCPServiceAdapter.disconnectServer] Disconnected from server server

      at Logger.log [as info] (src/utils/logger.ts:95:21)

    console.log
      [MCPServiceAdapter.connectToServer] Connected to server server1

      at Logger.log [as info] (src/utils/logger.ts:95:21)

    console.log
      [MCPServiceAdapter.connectWithHttp] Connected to server server2 using Streamable HTTP transport

      at Logger.log [as info] (src/utils/logger.ts:95:21)

    console.log
      [MCPServiceAdapter.disconnectServer] Disconnected from server server1

      at Logger.log [as info] (src/utils/logger.ts:95:21)

    console.log
      [MCPServiceAdapter.disconnectServer] Disconnected from server server2

      at Logger.log [as info] (src/utils/logger.ts:95:21)

    console.log
      [MCPServiceAdapter.disconnectAll] Disconnected from all servers

      at Logger.log [as info] (src/utils/logger.ts:95:21)

    console.log
      [MCPServiceAdapter.disconnectAll] Disconnected from all servers

      at Logger.log [as info] (src/utils/logger.ts:95:21)

    console.log
      [MCPServiceAdapter.connectToServer] Connected to server test

      at Logger.log [as info] (src/utils/logger.ts:95:21)

    console.log
      [MCPServiceAdapter.connectToServer] Connected to server test

      at Logger.log [as info] (src/utils/logger.ts:95:21)

    console.log
      [MCPServiceAdapter.connectToServer] Connected to server test

      at Logger.log [as info] (src/utils/logger.ts:95:21)

    console.log
      [MCPServiceAdapter.connectToServer] Connected to server test

      at Logger.log [as info] (src/utils/logger.ts:95:21)

    console.log
      [MCPServiceAdapter.readResource] Successfully read resource resource1 from server test

      at Logger.log [as info] (src/utils/logger.ts:95:21)

    console.log
      [MCPServiceAdapter.connectToServer] Connected to server test

      at Logger.log [as info] (src/utils/logger.ts:95:21)

    console.warn
      [MCPServiceAdapter.readResource] Failed to read resource from server test: Method not found: resources/read

      56 |         return;
      57 |     }
    > 58 |     originalConsoleWarn(...args);
         |     ^
      59 | };
      60 |
      61 | // Add additional Jest setup as needed 

      at console.warn (jest.setup.ts:58:5)
      at Logger.warn (src/utils/logger.ts:101:21)
      at MCPServiceAdapter.warn (src/core/mcp/MCPServiceAdapter.ts:1590:17)
          at Generator.throw (<anonymous>)
      at rejected (src/core/mcp/MCPServiceAdapter.ts:16290:32)

    console.log
      [MCPServiceAdapter.readResource] Server test does not support reading resources.

      at Logger.log [as info] (src/utils/logger.ts:95:21)
          at Generator.throw (<anonymous>)

    console.log
      [MCPServiceAdapter.connectToServer] Connected to server test

      at Logger.log [as info] (src/utils/logger.ts:95:21)

    console.warn
      [MCPServiceAdapter.readResource] Failed to read resource from server test: Network error

      56 |         return;
      57 |     }
    > 58 |     originalConsoleWarn(...args);
         |     ^
      59 | };
      60 |
      61 | // Add additional Jest setup as needed 

      at console.warn (jest.setup.ts:58:5)
      at Logger.warn (src/utils/logger.ts:101:21)
      at MCPServiceAdapter.warn (src/core/mcp/MCPServiceAdapter.ts:1590:17)
          at Generator.throw (<anonymous>)
      at rejected (src/core/mcp/MCPServiceAdapter.ts:16290:32)

    console.log
      [MCPServiceAdapter.connectToServer] Connected to server test

      at Logger.log [as info] (src/utils/logger.ts:95:21)

    console.log
      [MCPServiceAdapter.listResourceTemplates] Listed 2 resource templates from server test

      at Logger.log [as info] (src/utils/logger.ts:95:21)

    console.log
      [MCPServiceAdapter.connectToServer] Connected to server test

      at Logger.log [as info] (src/utils/logger.ts:95:21)

    console.warn
      [MCPServiceAdapter.listResourceTemplates] Failed to list resource templates from server test: Method not found: resources/listTemplates

      56 |         return;
      57 |     }
    > 58 |     originalConsoleWarn(...args);
         |     ^
      59 | };
      60 |
      61 | // Add additional Jest setup as needed 

      at console.warn (jest.setup.ts:58:5)
      at Logger.warn (src/utils/logger.ts:101:21)
      at MCPServiceAdapter.warn (src/core/mcp/MCPServiceAdapter.ts:1659:17)
          at Generator.throw (<anonymous>)
      at rejected (src/core/mcp/MCPServiceAdapter.ts:16290:32)

    console.log
      [MCPServiceAdapter.listResourceTemplates] Server test does not support resource templates.

      at Logger.log [as info] (src/utils/logger.ts:95:21)
          at Generator.throw (<anonymous>)

    console.log
      [MCPServiceAdapter.connectToServer] Connected to server test

      at Logger.log [as info] (src/utils/logger.ts:95:21)

    console.warn
      [MCPServiceAdapter.listResourceTemplates] Failed to list resource templates from server test: Network error

      56 |         return;
      57 |     }
    > 58 |     originalConsoleWarn(...args);
         |     ^
      59 | };
      60 |
      61 | // Add additional Jest setup as needed 

      at console.warn (jest.setup.ts:58:5)
      at Logger.warn (src/utils/logger.ts:101:21)
      at MCPServiceAdapter.warn (src/core/mcp/MCPServiceAdapter.ts:1659:17)
          at Generator.throw (<anonymous>)
      at rejected (src/core/mcp/MCPServiceAdapter.ts:16290:32)

    console.log
      [MCPServiceAdapter.connectToServer] Connected to server test

      at Logger.log [as info] (src/utils/logger.ts:95:21)

    console.log
      [MCPServiceAdapter.listPrompts] Listed 2 prompts from server test

      at Logger.log [as info] (src/utils/logger.ts:95:21)

    console.log
      [MCPServiceAdapter.connectToServer] Connected to server test

      at Logger.log [as info] (src/utils/logger.ts:95:21)

    console.warn
      [MCPServiceAdapter.listPrompts] Failed to list prompts from server test: Method not found: prompts/list

      56 |         return;
      57 |     }
    > 58 |     originalConsoleWarn(...args);
         |     ^
      59 | };
      60 |
      61 | // Add additional Jest setup as needed 

      at console.warn (jest.setup.ts:58:5)
      at Logger.warn (src/utils/logger.ts:101:21)
      at MCPServiceAdapter.warn (src/core/mcp/MCPServiceAdapter.ts:1716:17)
          at Generator.throw (<anonymous>)
      at rejected (src/core/mcp/MCPServiceAdapter.ts:16290:32)

    console.log
      [MCPServiceAdapter.listPrompts] Server test does not support prompts.

      at Logger.log [as info] (src/utils/logger.ts:95:21)
          at Generator.throw (<anonymous>)

    console.log
      [MCPServiceAdapter.connectToServer] Connected to server test

      at Logger.log [as info] (src/utils/logger.ts:95:21)

    console.warn
      [MCPServiceAdapter.listPrompts] Failed to list prompts from server test: Network error

      56 |         return;
      57 |     }
    > 58 |     originalConsoleWarn(...args);
         |     ^
      59 | };
      60 |
      61 | // Add additional Jest setup as needed 

      at console.warn (jest.setup.ts:58:5)
      at Logger.warn (src/utils/logger.ts:101:21)
      at MCPServiceAdapter.warn (src/core/mcp/MCPServiceAdapter.ts:1716:17)
          at Generator.throw (<anonymous>)
      at rejected (src/core/mcp/MCPServiceAdapter.ts:16290:32)

    console.log
      [MCPServiceAdapter.connectToServer] Connected to server test

      at Logger.log [as info] (src/utils/logger.ts:95:21)

    console.log
      [MCPServiceAdapter.getPrompt] Successfully got prompt prompt1 from server test

      at Logger.log [as info] (src/utils/logger.ts:95:21)

    console.log
      [MCPServiceAdapter.connectToServer] Connected to server test

      at Logger.log [as info] (src/utils/logger.ts:95:21)

    console.warn
      [MCPServiceAdapter.getPrompt] Failed to get prompt from server test: Method not found: prompts/get

      56 |         return;
      57 |     }
    > 58 |     originalConsoleWarn(...args);
         |     ^
      59 | };
      60 |
      61 | // Add additional Jest setup as needed 

      at console.warn (jest.setup.ts:58:5)
      at Logger.warn (src/utils/logger.ts:101:21)
      at MCPServiceAdapter.warn (src/core/mcp/MCPServiceAdapter.ts:1777:17)
          at Generator.throw (<anonymous>)
      at rejected (src/core/mcp/MCPServiceAdapter.ts:16290:32)

    console.log
      [MCPServiceAdapter.getPrompt] Server test does not support getting prompts.

      at Logger.log [as info] (src/utils/logger.ts:95:21)
          at Generator.throw (<anonymous>)

    console.log
      [MCPServiceAdapter.connectToServer] Connected to server test

      at Logger.log [as info] (src/utils/logger.ts:95:21)

    console.warn
      [MCPServiceAdapter.getPrompt] Failed to get prompt from server test: Network error

      56 |         return;
      57 |     }
    > 58 |     originalConsoleWarn(...args);
         |     ^
      59 | };
      60 |
      61 | // Add additional Jest setup as needed 

      at console.warn (jest.setup.ts:58:5)
      at Logger.warn (src/utils/logger.ts:101:21)
      at MCPServiceAdapter.warn (src/core/mcp/MCPServiceAdapter.ts:1777:17)
          at Generator.throw (<anonymous>)
      at rejected (src/core/mcp/MCPServiceAdapter.ts:16290:32)

    console.log
      [MCPServiceAdapter.connectToServer] Connected to server test

      at Logger.log [as info] (src/utils/logger.ts:95:21)

    console.log
      [MCPServiceAdapter.connectToServer] Connected to server test

      at Logger.log [as info] (src/utils/logger.ts:95:21)

    console.log
      [MCPServiceAdapter.createOAuthProviderIfNeeded] Creating OAuth provider for server testServer

      at Logger.log [as info] (src/utils/logger.ts:95:21)

    console.log
      [MCPServiceAdapter.connectWithHttp] Connected to server oauthServer using Streamable HTTP transport

      at Logger.log [as info] (src/utils/logger.ts:95:21)

    console.log
      [MCPServiceAdapter.completeAuthentication] Completing authentication for server oauthServer

      at Logger.log [as info] (src/utils/logger.ts:95:21)

    console.log
      [MCPServiceAdapter.completeAuthentication] Authentication completed for server oauthServer

      at Logger.log [as info] (src/utils/logger.ts:95:21)

    console.log
      [MCPServiceAdapter.connectToServer] Connected to server stdioServer

      at Logger.log [as info] (src/utils/logger.ts:95:21)

    console.log
      [MCPServiceAdapter.connectToServer] Falling back to SSE transport for server oauthStreamable based on error: HTTP 404 Not Found

      at Logger.log [as info] (src/utils/logger.ts:95:21)
          at Generator.throw (<anonymous>)

    console.log
      [MCPServiceAdapter.createOAuthProviderIfNeeded] Creating OAuth provider for server testServer

      at Logger.log [as info] (src/utils/logger.ts:95:21)

    console.log
      [MCPServiceAdapter.createOAuthProviderIfNeeded] Creating OAuth provider for server testServer

      at Logger.log [as info] (src/utils/logger.ts:95:21)

    console.log
      [MCPServiceAdapter.connectToServer] Connected to server test

      at Logger.log [as info] (src/utils/logger.ts:95:21)

    console.log
      RetryManager: Attempt 2 - Reason: Error calling tool "test_tool" on MCP server "test": Network error: Connection reset

      at RetryManager.log (src/core/retry/RetryManager.ts:58:29)

    console.log
      RetryManager: Attempt 3 - Reason: Error calling tool "test_tool" on MCP server "test": Network error: Connection reset

      at RetryManager.log (src/core/retry/RetryManager.ts:58:29)

    console.log
      RetryManager: Attempt 4 - Reason: Error calling tool "test_tool" on MCP server "test": Network error: Connection reset

      at RetryManager.log (src/core/retry/RetryManager.ts:58:29)

    console.log
      [MCPServiceAdapter.connectToServer] Connected to server test

      at Logger.log [as info] (src/utils/logger.ts:95:21)

    console.log
      [MCPServiceAdapter.connectToServer] Connected to server test

      at Logger.log [as info] (src/utils/logger.ts:95:21)

    console.log
      [MCPServiceAdapter.connectToServer] Connected to server test

      at Logger.log [as info] (src/utils/logger.ts:95:21)

    console.log
      RetryManager: Attempt 2 - Reason: Error calling tool "test_tool" on MCP server "test": Connection error

      at RetryManager.log (src/core/retry/RetryManager.ts:58:29)

    console.log
      [MCPServiceAdapter.connectToServer] Connected to server test

      at Logger.log [as info] (src/utils/logger.ts:95:21)

    console.error
      [MCPServiceAdapter.getMcpServerToolSchemas] Attempted to get schemas for unconnected server: test

      43 |         return;
      44 |     }
    > 45 |     originalConsoleError(...args);
         |     ^
      46 | };
      47 |
      48 | // Silence TypeScript 'never' warnings in mocks by muting console.warn

      at console.error (jest.setup.ts:45:5)
      at Logger.error (src/utils/logger.ts:107:21)
      at MCPServiceAdapter.error (src/core/mcp/MCPServiceAdapter.ts:1419:17)
      at src/core/mcp/MCPServiceAdapter.ts:16313:40
      at __awaiter (src/core/mcp/MCPServiceAdapter.ts:16262:10)
      at MCPServiceAdapter.getMcpServerToolSchemas (src/core/mcp/MCPServiceAdapter.ts:19234:12)
      at src/tests/unit/core/mcp/MCPServiceAdapter.test.ts:1445:26
      at src/tests/unit/core/mcp/MCPServiceAdapter.test.ts:7:71
      at __awaiter (src/tests/unit/core/mcp/MCPServiceAdapter.test.ts:3:12)
      at Object.<anonymous> (src/tests/unit/core/mcp/MCPServiceAdapter.test.ts:1442:99)

    console.log
      [MCPServiceAdapter.connectToServer] Connected to server test

      at Logger.log [as info] (src/utils/logger.ts:95:21)

    console.log
      [MCPServiceAdapter.connectToServer] Connected to server test

      at Logger.log [as info] (src/utils/logger.ts:95:21)

    console.log
      [MCPServiceAdapter.connectToServer] Connected to server test

      at Logger.log [as info] (src/utils/logger.ts:95:21)

    console.log
      [MCPServiceAdapter.connectToServer] Connected to server test

      at Logger.log [as info] (src/utils/logger.ts:95:21)

    console.log
      [MCPServiceAdapter.connectToServer] Connected to server test

      at Logger.log [as info] (src/utils/logger.ts:95:21)

    console.log
      [MCPServiceAdapter.connectToServer] Connected to server test

      at Logger.log [as info] (src/utils/logger.ts:95:21)

    console.log
      [MCPServiceAdapter.completeAuthentication] Completing authentication for server oauthServer

      at Logger.log [as info] (src/utils/logger.ts:95:21)

    console.log
      [MCPServiceAdapter.completeAuthentication] Authentication completed for server oauthServer

      at Logger.log [as info] (src/utils/logger.ts:95:21)

    console.log
      [MCPServiceAdapter.connectToServer] Falling back to SSE transport for server oauthStreamable based on error: HTTP 404 Not Found

      at Logger.log [as info] (src/utils/logger.ts:95:21)
          at Generator.throw (<anonymous>)

    console.log
      [MCPServiceAdapter.createOAuthProviderIfNeeded] Creating OAuth provider for server testServer

      at Logger.log [as info] (src/utils/logger.ts:95:21)

    console.log
      [MCPServiceAdapter.createOAuthProviderIfNeeded] Creating OAuth provider for server testServer

      at Logger.log [as info] (src/utils/logger.ts:95:21)

    console.log
      [MCPServiceAdapter.connectToServer] Connected to server test

      at Logger.log [as info] (src/utils/logger.ts:95:21)

    console.log
      RetryManager: Attempt 2 - Reason: Error calling tool "test_tool" on MCP server "test": Network error: Connection reset

      at RetryManager.log (src/core/retry/RetryManager.ts:58:29)

    console.log
      RetryManager: Attempt 3 - Reason: Error calling tool "test_tool" on MCP server "test": Network error: Connection reset

      at RetryManager.log (src/core/retry/RetryManager.ts:58:29)

    console.log
      RetryManager: Attempt 4 - Reason: Error calling tool "test_tool" on MCP server "test": Network error: Connection reset

      at RetryManager.log (src/core/retry/RetryManager.ts:58:29)

    console.log
      [MCPServiceAdapter.connectToServer] Connected to server test

      at Logger.log [as info] (src/utils/logger.ts:95:21)

    console.log
      [MCPServiceAdapter.connectToServer] Connected to server test

      at Logger.log [as info] (src/utils/logger.ts:95:21)

    console.log
      [MCPServiceAdapter.connectToServer] Connected to server test

      at Logger.log [as info] (src/utils/logger.ts:95:21)

    console.log
      RetryManager: Attempt 2 - Reason: Error calling tool "test_tool" on MCP server "test": Connection error

      at RetryManager.log (src/core/retry/RetryManager.ts:58:29)

    console.log
      [MCPServiceAdapter.connectToServer] Connected to server test

      at Logger.log [as info] (src/utils/logger.ts:95:21)

    console.error
      [MCPServiceAdapter.getMcpServerToolSchemas] Attempted to get schemas for unconnected server: test

      43 |         return;
      44 |     }
    > 45 |     originalConsoleError(...args);
         |     ^
      46 | };
      47 |
      48 | // Silence TypeScript 'never' warnings in mocks by muting console.warn

      at console.error (jest.setup.ts:45:5)
      at Logger.error (src/utils/logger.ts:107:21)
      at MCPServiceAdapter.error (src/core/mcp/MCPServiceAdapter.ts:1419:17)
      at src/core/mcp/MCPServiceAdapter.ts:16313:40
      at __awaiter (src/core/mcp/MCPServiceAdapter.ts:16262:10)
      at MCPServiceAdapter.getMcpServerToolSchemas (src/core/mcp/MCPServiceAdapter.ts:19234:12)
      at src/tests/unit/core/mcp/MCPServiceAdapter.test.ts:1990:26
      at src/tests/unit/core/mcp/MCPServiceAdapter.test.ts:7:71
      at __awaiter (src/tests/unit/core/mcp/MCPServiceAdapter.test.ts:3:12)
      at Object.<anonymous> (src/tests/unit/core/mcp/MCPServiceAdapter.test.ts:1987:99)

    console.error
      [MCPServiceAdapter.getMcpServerToolSchemas] Attempted to get schemas for unconnected server: test

      43 |         return;
      44 |     }
    > 45 |     originalConsoleError(...args);
         |     ^
      46 | };
      47 |
      48 | // Silence TypeScript 'never' warnings in mocks by muting console.warn

      at console.error (jest.setup.ts:45:5)
      at Logger.error (src/utils/logger.ts:107:21)
      at MCPServiceAdapter.error (src/core/mcp/MCPServiceAdapter.ts:1419:17)
      at src/core/mcp/MCPServiceAdapter.ts:16313:40
      at __awaiter (src/core/mcp/MCPServiceAdapter.ts:16262:10)
      at MCPServiceAdapter.getMcpServerToolSchemas (src/core/mcp/MCPServiceAdapter.ts:19234:12)
      at src/tests/unit/core/mcp/MCPServiceAdapter.test.ts:2016:26
      at src/tests/unit/core/mcp/MCPServiceAdapter.test.ts:7:71
      at __awaiter (src/tests/unit/core/mcp/MCPServiceAdapter.test.ts:3:12)
      at Object.<anonymous> (src/tests/unit/core/mcp/MCPServiceAdapter.test.ts:2014:74)

    console.log
      [MCPServiceAdapter.connectToServer] Connected to server test

      at Logger.log [as info] (src/utils/logger.ts:95:21)

    console.log
      [MCPServiceAdapter.connectToServer] Connected to server test

      at Logger.log [as info] (src/utils/logger.ts:95:21)

    console.log
      [MCPServiceAdapter.connectToServer] Connected to server test

      at Logger.log [as info] (src/utils/logger.ts:95:21)

    console.log
      [MCPServiceAdapter.connectToServer] Connected to server test

      at Logger.log [as info] (src/utils/logger.ts:95:21)

    console.log
      [MCPServiceAdapter.connectToServer] Connected to server test

      at Logger.log [as info] (src/utils/logger.ts:95:21)

    console.log
      [MCPServiceAdapter.connectToServer] Connected to server test

      at Logger.log [as info] (src/utils/logger.ts:95:21)

    console.log
      [MCPServiceAdapter.connectToServer] Connected to server test

      at Logger.log [as info] (src/utils/logger.ts:95:21)

    console.log
      [MCPServiceAdapter.connectToServer] Connected to server test

      at Logger.log [as info] (src/utils/logger.ts:95:21)

    console.log
      [MCPServiceAdapter.connectToServer] Connected to server test

      at Logger.log [as info] (src/utils/logger.ts:95:21)

    console.log
      [MCPServiceAdapter.connectToServer] Connected to server server1

      at Logger.log [as info] (src/utils/logger.ts:95:21)

    console.log
      [MCPServiceAdapter.connectWithHttp] Connected to server server2 using Streamable HTTP transport

      at Logger.log [as info] (src/utils/logger.ts:95:21)

    console.log
      [MCPServiceAdapter.disconnectServer] Disconnected from server server1

      at Logger.log [as info] (src/utils/logger.ts:95:21)

    console.log
      [MCPServiceAdapter.disconnectServer] Disconnected from server server2

      at Logger.log [as info] (src/utils/logger.ts:95:21)

    console.log
      [MCPServiceAdapter.disconnectAll] Disconnected from all servers

      at Logger.log [as info] (src/utils/logger.ts:95:21)

    console.log
      [MCPServiceAdapter.disconnectAll] Disconnected from all servers

      at Logger.log [as info] (src/utils/logger.ts:95:21)

PASS src/tests/unit/core/file-data/fileData.propagate-validation.test.ts
PASS src/tests/unit/core/file-data/fileData.test.ts
PASS src/tests/unit/core/chunks/ChunkController.test.ts
  ● Console

    console.warn
      [ChunkController.processChunks] Chunk iteration limit exceeded: 5 { currentIteration: 5, totalChunks: 6, processedChunks: 5 }

      56 |         return;
      57 |     }
    > 58 |     originalConsoleWarn(...args);
         |     ^
      59 | };
      60 |
      61 | // Add additional Jest setup as needed 

      at console.warn (jest.setup.ts:58:5)
      at Logger.warn (src/utils/logger.ts:101:21)
      at ChunkController.warn (src/core/chunks/ChunkController.ts:129:21)
      at fulfilled (src/core/chunks/ChunkController.ts:6694:24)

    console.warn
      Chunk iteration limit exceeded: 5

      56 |         return;
      57 |     }
    > 58 |     originalConsoleWarn(...args);
         |     ^
      59 | };
      60 |
      61 | // Add additional Jest setup as needed 

      at console.warn (jest.setup.ts:58:5)
      at Logger.warn (src/utils/logger.ts:101:21)
      at ChunkController.warn (src/core/chunks/ChunkController.ts:262:24)
          at streamChunks_1.next (<anonymous>)
      at resume (src/core/chunks/ChunkController.ts:6932:16)
      at fulfill (src/core/chunks/ChunkController.ts:6953:5)

PASS src/tests/unit/core/tools/ToolOrchestrator.test.ts
PASS src/tests/unit/core/embeddings/EmbeddingController.test.ts
  ● Console

    console.log
      [EmbeddingController] Successfully generated embeddings {
        model: 'text-embedding-3-small',
        inputCount: 1,
        tokensUsed: 10,
        cost: 0.0002
      }

      at Logger.log [as info] (src/utils/logger.ts:95:21)

    console.log
      [EmbeddingController] Successfully generated embeddings {
        model: 'text-embedding-3-small',
        inputCount: 2,
        tokensUsed: 10,
        cost: 0.0002
      }

      at Logger.log [as info] (src/utils/logger.ts:95:21)

    console.log
      [EmbeddingController] Successfully generated embeddings {
        model: 'text-embedding-3-small',
        inputCount: 1,
        tokensUsed: 10,
        cost: 0.0002
      }

      at Logger.log [as info] (src/utils/logger.ts:95:21)

    console.log
      [EmbeddingController] Successfully generated embeddings {
        model: 'text-embedding-3-small',
        inputCount: 1,
        tokensUsed: 10,
        cost: 0.0002
      }

      at Logger.log [as info] (src/utils/logger.ts:95:21)

    console.log
      [EmbeddingController] Successfully generated embeddings {
        model: 'text-embedding-3-small',
        inputCount: 1,
        tokensUsed: 10,
        cost: 0.0002
      }

      at Logger.log [as info] (src/utils/logger.ts:95:21)

    console.log
      [EmbeddingController] Successfully generated embeddings {
        model: 'text-embedding-3-small',
        inputCount: 1,
        tokensUsed: 10,
        cost: 0.0002
      }

      at Logger.log [as info] (src/utils/logger.ts:95:21)

    console.log
      [EmbeddingController] Successfully generated embeddings {
        model: 'text-embedding-3-small',
        inputCount: 1,
        tokensUsed: 10,
        cost: 0.0002
      }

      at Logger.log [as info] (src/utils/logger.ts:95:21)

    console.warn
      [EmbeddingController] Per-call usage callback failed: Error: Callback error
          at /Users/maximantonov/Work/_lab/callllm/src/tests/unit/core/embeddings/EmbeddingController.test.ts:343:69
          at Generator.next (<anonymous>)
          at /Users/maximantonov/Work/_lab/callllm/src/tests/unit/core/embeddings/EmbeddingController.test.ts:7:71
          at new Promise (<anonymous>)
          at __awaiter (/Users/maximantonov/Work/_lab/callllm/src/tests/unit/core/embeddings/EmbeddingController.test.ts:3:12)
          at Object.<anonymous> (/Users/maximantonov/Work/_lab/callllm/src/tests/unit/core/embeddings/EmbeddingController.test.ts:342:67)
          at Promise.then.completed (/Users/maximantonov/Work/_lab/callllm/node_modules/jest-circus/build/utils.js:298:28)
          at new Promise (<anonymous>)
          at callAsyncCircusFn (/Users/maximantonov/Work/_lab/callllm/node_modules/jest-circus/build/utils.js:231:10)
          at _callCircusTest (/Users/maximantonov/Work/_lab/callllm/node_modules/jest-circus/build/run.js:316:40)
          at _runTest (/Users/maximantonov/Work/_lab/callllm/node_modules/jest-circus/build/run.js:252:3)
          at _runTestsForDescribeBlock (/Users/maximantonov/Work/_lab/callllm/node_modules/jest-circus/build/run.js:126:9)
          at _runTestsForDescribeBlock (/Users/maximantonov/Work/_lab/callllm/node_modules/jest-circus/build/run.js:121:9)
          at _runTestsForDescribeBlock (/Users/maximantonov/Work/_lab/callllm/node_modules/jest-circus/build/run.js:121:9)
          at run (/Users/maximantonov/Work/_lab/callllm/node_modules/jest-circus/build/run.js:71:3)
          at runAndTransformResultsToJestFormat (/Users/maximantonov/Work/_lab/callllm/node_modules/jest-circus/build/legacy-code-todo-rewrite/jestAdapterInit.js:122:21)
          at jestAdapter (/Users/maximantonov/Work/_lab/callllm/node_modules/jest-circus/build/legacy-code-todo-rewrite/jestAdapter.js:79:19)
          at runTestInternal (/Users/maximantonov/Work/_lab/callllm/node_modules/jest-runner/build/runTest.js:367:16)
          at runTest (/Users/maximantonov/Work/_lab/callllm/node_modules/jest-runner/build/runTest.js:444:34)
          at Object.worker (/Users/maximantonov/Work/_lab/callllm/node_modules/jest-runner/build/testWorker.js:106:12)

      56 |         return;
      57 |     }
    > 58 |     originalConsoleWarn(...args);
         |     ^
      59 | };
      60 |
      61 | // Add additional Jest setup as needed 

      at console.warn (jest.setup.ts:58:5)
      at Logger.warn (src/utils/logger.ts:101:21)
      at EmbeddingController.warn (src/core/embeddings/EmbeddingController.ts:66:30)
          at Generator.throw (<anonymous>)
      at rejected (src/core/embeddings/EmbeddingController.ts:1725:32)

    console.log
      [EmbeddingController] Successfully generated embeddings {
        model: 'text-embedding-3-small',
        inputCount: 1,
        tokensUsed: 10,
        cost: 0.0002
      }

      at Logger.log [as info] (src/utils/logger.ts:95:21)
          at Generator.throw (<anonymous>)

    console.log
      [EmbeddingController] Successfully generated embeddings {
        model: 'text-embedding-3-small',
        inputCount: 1,
        tokensUsed: 10,
        cost: 0.0002
      }

      at Logger.log [as info] (src/utils/logger.ts:95:21)

    console.log
      [EmbeddingController] Successfully generated embeddings {
        model: 'text-embedding-3-small',
        inputCount: 1,
        tokensUsed: 10,
        cost: 0.0002
      }

      at Logger.log [as info] (src/utils/logger.ts:95:21)

PASS src/tests/unit/core/streaming/StreamingService.test.ts
  ● Console

    console.log
      [StreamHistoryProcessor.constructor] Initialized StreamHistoryProcessor

      at Logger.log [as debug] (src/utils/logger.ts:89:21)

    console.log
      [StreamHistoryProcessor.constructor] Initialized StreamHistoryProcessor

      at Logger.log [as debug] (src/utils/logger.ts:89:21)

    console.log
      [StreamHistoryProcessor.constructor] Initialized StreamHistoryProcessor

      at Logger.log [as debug] (src/utils/logger.ts:89:21)

    console.log
      [StreamHistoryProcessor.constructor] Initialized StreamHistoryProcessor

      at Logger.log [as debug] (src/utils/logger.ts:89:21)

    console.log
      [StreamHistoryProcessor.constructor] Initialized StreamHistoryProcessor

      at Logger.log [as debug] (src/utils/logger.ts:89:21)

    console.log
      [StreamHistoryProcessor.constructor] Initialized StreamHistoryProcessor

      at Logger.log [as debug] (src/utils/logger.ts:89:21)

    console.log
      [StreamHistoryProcessor.constructor] Initialized StreamHistoryProcessor

      at Logger.log [as debug] (src/utils/logger.ts:89:21)

    console.log
      [StreamHistoryProcessor.constructor] Initialized StreamHistoryProcessor

      at Logger.log [as debug] (src/utils/logger.ts:89:21)

    console.log
      [StreamHistoryProcessor.constructor] Initialized StreamHistoryProcessor

      at Logger.log [as debug] (src/utils/logger.ts:89:21)

    console.error
      [StreamingService.executeWithRetry] Stream execution failed after retries { error: 'Max retries exceeded', model: 'test-model' }

      43 |         return;
      44 |     }
    > 45 |     originalConsoleError(...args);
         |     ^
      46 | };
      47 |
      48 | // Silence TypeScript 'never' warnings in mocks by muting console.warn

      at console.error (jest.setup.ts:45:5)
      at Logger.error (src/utils/logger.ts:107:21)
      at StreamingService.error (src/core/streaming/StreamingService.ts:219:17)
          at Generator.throw (<anonymous>)
      at rejected (src/core/streaming/StreamingService.ts:7386:32)

    console.log
      [StreamHistoryProcessor.constructor] Initialized StreamHistoryProcessor

      at Logger.log [as debug] (src/utils/logger.ts:89:21)

    console.log
      [StreamHistoryProcessor.constructor] Initialized StreamHistoryProcessor

      at Logger.log [as debug] (src/utils/logger.ts:89:21)

    console.log
      [StreamHistoryProcessor.constructor] Initialized StreamHistoryProcessor

      at Logger.log [as debug] (src/utils/logger.ts:89:21)

    console.log
      [StreamHistoryProcessor.constructor] Initialized StreamHistoryProcessor

      at Logger.log [as debug] (src/utils/logger.ts:89:21)

    console.log
      [StreamHistoryProcessor.constructor] Initialized StreamHistoryProcessor

      at Logger.log [as debug] (src/utils/logger.ts:89:21)

    console.log
      [StreamHistoryProcessor.constructor] Initialized StreamHistoryProcessor

      at Logger.log [as debug] (src/utils/logger.ts:89:21)

    console.log
      [StreamHistoryProcessor.constructor] Initialized StreamHistoryProcessor

      at Logger.log [as debug] (src/utils/logger.ts:89:21)

PASS src/tests/unit/core/caller/ProviderManager.test.ts
  ● Console

    console.log
      [PM Test] beforeAll: Setting up mocks...

      at src/tests/unit/core/caller/ProviderManager.test.ts:16:11

    console.log
      [PM Test] beforeAll: Importing SUT and mocked modules...

      at src/tests/unit/core/caller/ProviderManager.test.ts:37:11

    console.log
      [PM Test] MOCK FACTORY FOR adapters/index EXECUTING

      at src/tests/unit/core/caller/ProviderManager.test.ts:18:13

    console.log
      [PM Test] beforeAll: adapterRegistry from import: Map(0) {}

      at src/tests/unit/core/caller/ProviderManager.test.ts:47:11

    console.log
      [PM Test] beforeAll: getRegisteredProviders from import: function

      at src/tests/unit/core/caller/ProviderManager.test.ts:48:11

    console.log
      [PM Test] beforeAll: Setup complete.

      at src/tests/unit/core/caller/ProviderManager.test.ts:53:11

    console.log
      [PM Test] beforeEach: Clearing and setting up mocks...

      at Object.<anonymous> (src/tests/unit/core/caller/ProviderManager.test.ts:60:13)

    console.log
      [PM Test] beforeEach: OpenAIResponseAdapter mock cleared.

      at Object.<anonymous> (src/tests/unit/core/caller/ProviderManager.test.ts:63:15)

    console.log
      [PM Test] beforeEach: adapterRegistry (mockMap) cleared.

      at Object.<anonymous> (src/tests/unit/core/caller/ProviderManager.test.ts:68:15)

    console.log
      [PM Test] Mocked getRegisteredProviders called from SIMPLIFIED mock

      at src/tests/unit/core/caller/ProviderManager.test.ts:23:17

    console.log
      [PM Test] beforeEach: getRegisteredProviders() returned: [ 'openai' ]

      at Object.<anonymous> (src/tests/unit/core/caller/ProviderManager.test.ts:71:17)

    console.log
      [PM Test] beforeEach: adapterRegistry set for openai with: [Function: mockConstructor] {
        _isMockFunction: true,
        getMockImplementation: [Function (anonymous)],
        mock: [Getter/Setter],
        mockClear: [Function (anonymous)],
        mockReset: [Function (anonymous)],
        mockRestore: [Function (anonymous)],
        mockReturnValueOnce: [Function (anonymous)],
        mockResolvedValueOnce: [Function (anonymous)],
        mockRejectedValueOnce: [Function (anonymous)],
        mockReturnValue: [Function (anonymous)],
        mockResolvedValue: [Function (anonymous)],
        mockRejectedValue: [Function (anonymous)],
        mockImplementationOnce: [Function (anonymous)],
        withImplementation: [Function: bound withImplementation],
        mockImplementation: [Function (anonymous)],
        mockReturnThis: [Function (anonymous)],
        mockName: [Function (anonymous)],
        getMockName: [Function (anonymous)]
      }

      at Object.<anonymous> (src/tests/unit/core/caller/ProviderManager.test.ts:74:19)

    console.log
      [PM Test] beforeEach: getRegisteredProviders mock cleared.

      at Object.<anonymous> (src/tests/unit/core/caller/ProviderManager.test.ts:87:15)

    console.log
      [PM Test] beforeEach: Setup complete.

      at Object.<anonymous> (src/tests/unit/core/caller/ProviderManager.test.ts:89:13)

    console.log
      [PM Test] Test: should initialize with OpenAI provider - START

      at Object.<anonymous> (src/tests/unit/core/caller/ProviderManager.test.ts:94:15)

    console.log
      [PM Test] Test: Current adapterRegistry before new ProviderManager(): Map(1) {
        'openai' => [Function: mockConstructor] {
          _isMockFunction: true,
          getMockImplementation: [Function (anonymous)],
          mock: [Getter/Setter],
          mockClear: [Function (anonymous)],
          mockReset: [Function (anonymous)],
          mockRestore: [Function (anonymous)],
          mockReturnValueOnce: [Function (anonymous)],
          mockResolvedValueOnce: [Function (anonymous)],
          mockRejectedValueOnce: [Function (anonymous)],
          mockReturnValue: [Function (anonymous)],
          mockResolvedValue: [Function (anonymous)],
          mockRejectedValue: [Function (anonymous)],
          mockImplementationOnce: [Function (anonymous)],
          withImplementation: [Function: bound withImplementation],
          mockImplementation: [Function (anonymous)],
          mockReturnThis: [Function (anonymous)],
          mockName: [Function (anonymous)],
          getMockName: [Function (anonymous)]
        }
      }

      at Object.<anonymous> (src/tests/unit/core/caller/ProviderManager.test.ts:95:15)

    console.log
      [PM Test] Test: Is OpenAIResponseAdapter a mock function? true

      at Object.<anonymous> (src/tests/unit/core/caller/ProviderManager.test.ts:96:15)

    console.log
      [PM Test] Mocked OpenAIResponseAdapter constructor called

      at mockConstructor.<anonymous> (src/tests/unit/core/caller/ProviderManager.test.ts:31:15)

    console.log
      [PM Test] Test: should initialize with OpenAI provider - END

      at Object.<anonymous> (src/tests/unit/core/caller/ProviderManager.test.ts:100:15)

    console.log
      [PM Test] beforeEach: Clearing and setting up mocks...

      at Object.<anonymous> (src/tests/unit/core/caller/ProviderManager.test.ts:60:13)

    console.log
      [PM Test] beforeEach: OpenAIResponseAdapter mock cleared.

      at Object.<anonymous> (src/tests/unit/core/caller/ProviderManager.test.ts:63:15)

    console.log
      [PM Test] beforeEach: adapterRegistry (mockMap) cleared.

      at Object.<anonymous> (src/tests/unit/core/caller/ProviderManager.test.ts:68:15)

    console.log
      [PM Test] Mocked getRegisteredProviders called from SIMPLIFIED mock

      at src/tests/unit/core/caller/ProviderManager.test.ts:23:17

    console.log
      [PM Test] beforeEach: getRegisteredProviders() returned: [ 'openai' ]

      at Object.<anonymous> (src/tests/unit/core/caller/ProviderManager.test.ts:71:17)

    console.log
      [PM Test] beforeEach: adapterRegistry set for openai with: [Function: mockConstructor] {
        _isMockFunction: true,
        getMockImplementation: [Function (anonymous)],
        mock: [Getter/Setter],
        mockClear: [Function (anonymous)],
        mockReset: [Function (anonymous)],
        mockRestore: [Function (anonymous)],
        mockReturnValueOnce: [Function (anonymous)],
        mockResolvedValueOnce: [Function (anonymous)],
        mockRejectedValueOnce: [Function (anonymous)],
        mockReturnValue: [Function (anonymous)],
        mockResolvedValue: [Function (anonymous)],
        mockRejectedValue: [Function (anonymous)],
        mockImplementationOnce: [Function (anonymous)],
        withImplementation: [Function: bound withImplementation],
        mockImplementation: [Function (anonymous)],
        mockReturnThis: [Function (anonymous)],
        mockName: [Function (anonymous)],
        getMockName: [Function (anonymous)]
      }

      at Object.<anonymous> (src/tests/unit/core/caller/ProviderManager.test.ts:74:19)

    console.log
      [PM Test] beforeEach: getRegisteredProviders mock cleared.

      at Object.<anonymous> (src/tests/unit/core/caller/ProviderManager.test.ts:87:15)

    console.log
      [PM Test] beforeEach: Setup complete.

      at Object.<anonymous> (src/tests/unit/core/caller/ProviderManager.test.ts:89:13)

    console.log
      [PM Test] Mocked OpenAIResponseAdapter constructor called

      at mockConstructor.<anonymous> (src/tests/unit/core/caller/ProviderManager.test.ts:31:15)

    console.log
      [PM Test] beforeEach: Clearing and setting up mocks...

      at Object.<anonymous> (src/tests/unit/core/caller/ProviderManager.test.ts:60:13)

    console.log
      [PM Test] beforeEach: OpenAIResponseAdapter mock cleared.

      at Object.<anonymous> (src/tests/unit/core/caller/ProviderManager.test.ts:63:15)

    console.log
      [PM Test] beforeEach: adapterRegistry (mockMap) cleared.

      at Object.<anonymous> (src/tests/unit/core/caller/ProviderManager.test.ts:68:15)

    console.log
      [PM Test] Mocked getRegisteredProviders called from SIMPLIFIED mock

      at src/tests/unit/core/caller/ProviderManager.test.ts:23:17

    console.log
      [PM Test] beforeEach: getRegisteredProviders() returned: [ 'openai' ]

      at Object.<anonymous> (src/tests/unit/core/caller/ProviderManager.test.ts:71:17)

    console.log
      [PM Test] beforeEach: adapterRegistry set for openai with: [Function: mockConstructor] {
        _isMockFunction: true,
        getMockImplementation: [Function (anonymous)],
        mock: [Getter/Setter],
        mockClear: [Function (anonymous)],
        mockReset: [Function (anonymous)],
        mockRestore: [Function (anonymous)],
        mockReturnValueOnce: [Function (anonymous)],
        mockResolvedValueOnce: [Function (anonymous)],
        mockRejectedValueOnce: [Function (anonymous)],
        mockReturnValue: [Function (anonymous)],
        mockResolvedValue: [Function (anonymous)],
        mockRejectedValue: [Function (anonymous)],
        mockImplementationOnce: [Function (anonymous)],
        withImplementation: [Function: bound withImplementation],
        mockImplementation: [Function (anonymous)],
        mockReturnThis: [Function (anonymous)],
        mockName: [Function (anonymous)],
        getMockName: [Function (anonymous)]
      }

      at Object.<anonymous> (src/tests/unit/core/caller/ProviderManager.test.ts:74:19)

    console.log
      [PM Test] beforeEach: getRegisteredProviders mock cleared.

      at Object.<anonymous> (src/tests/unit/core/caller/ProviderManager.test.ts:87:15)

    console.log
      [PM Test] beforeEach: Setup complete.

      at Object.<anonymous> (src/tests/unit/core/caller/ProviderManager.test.ts:89:13)

    console.log
      [PM Test] beforeEach: Clearing and setting up mocks...

      at Object.<anonymous> (src/tests/unit/core/caller/ProviderManager.test.ts:60:13)

    console.log
      [PM Test] beforeEach: OpenAIResponseAdapter mock cleared.

      at Object.<anonymous> (src/tests/unit/core/caller/ProviderManager.test.ts:63:15)

    console.log
      [PM Test] beforeEach: adapterRegistry (mockMap) cleared.

      at Object.<anonymous> (src/tests/unit/core/caller/ProviderManager.test.ts:68:15)

    console.log
      [PM Test] Mocked getRegisteredProviders called from SIMPLIFIED mock

      at src/tests/unit/core/caller/ProviderManager.test.ts:23:17

    console.log
      [PM Test] beforeEach: getRegisteredProviders() returned: [ 'openai' ]

      at Object.<anonymous> (src/tests/unit/core/caller/ProviderManager.test.ts:71:17)

    console.log
      [PM Test] beforeEach: adapterRegistry set for openai with: [Function: mockConstructor] {
        _isMockFunction: true,
        getMockImplementation: [Function (anonymous)],
        mock: [Getter/Setter],
        mockClear: [Function (anonymous)],
        mockReset: [Function (anonymous)],
        mockRestore: [Function (anonymous)],
        mockReturnValueOnce: [Function (anonymous)],
        mockResolvedValueOnce: [Function (anonymous)],
        mockRejectedValueOnce: [Function (anonymous)],
        mockReturnValue: [Function (anonymous)],
        mockResolvedValue: [Function (anonymous)],
        mockRejectedValue: [Function (anonymous)],
        mockImplementationOnce: [Function (anonymous)],
        withImplementation: [Function: bound withImplementation],
        mockImplementation: [Function (anonymous)],
        mockReturnThis: [Function (anonymous)],
        mockName: [Function (anonymous)],
        getMockName: [Function (anonymous)]
      }

      at Object.<anonymous> (src/tests/unit/core/caller/ProviderManager.test.ts:74:19)

    console.log
      [PM Test] beforeEach: getRegisteredProviders mock cleared.

      at Object.<anonymous> (src/tests/unit/core/caller/ProviderManager.test.ts:87:15)

    console.log
      [PM Test] beforeEach: Setup complete.

      at Object.<anonymous> (src/tests/unit/core/caller/ProviderManager.test.ts:89:13)

    console.log
      [PM Test] Mocked OpenAIResponseAdapter constructor called

      at mockConstructor.<anonymous> (src/tests/unit/core/caller/ProviderManager.test.ts:31:15)

    console.log
      [PM Test] beforeEach: Clearing and setting up mocks...

      at Object.<anonymous> (src/tests/unit/core/caller/ProviderManager.test.ts:60:13)

    console.log
      [PM Test] beforeEach: OpenAIResponseAdapter mock cleared.

      at Object.<anonymous> (src/tests/unit/core/caller/ProviderManager.test.ts:63:15)

    console.log
      [PM Test] beforeEach: adapterRegistry (mockMap) cleared.

      at Object.<anonymous> (src/tests/unit/core/caller/ProviderManager.test.ts:68:15)

    console.log
      [PM Test] Mocked getRegisteredProviders called from SIMPLIFIED mock

      at src/tests/unit/core/caller/ProviderManager.test.ts:23:17

    console.log
      [PM Test] beforeEach: getRegisteredProviders() returned: [ 'openai' ]

      at Object.<anonymous> (src/tests/unit/core/caller/ProviderManager.test.ts:71:17)

    console.log
      [PM Test] beforeEach: adapterRegistry set for openai with: [Function: mockConstructor] {
        _isMockFunction: true,
        getMockImplementation: [Function (anonymous)],
        mock: [Getter/Setter],
        mockClear: [Function (anonymous)],
        mockReset: [Function (anonymous)],
        mockRestore: [Function (anonymous)],
        mockReturnValueOnce: [Function (anonymous)],
        mockResolvedValueOnce: [Function (anonymous)],
        mockRejectedValueOnce: [Function (anonymous)],
        mockReturnValue: [Function (anonymous)],
        mockResolvedValue: [Function (anonymous)],
        mockRejectedValue: [Function (anonymous)],
        mockImplementationOnce: [Function (anonymous)],
        withImplementation: [Function: bound withImplementation],
        mockImplementation: [Function (anonymous)],
        mockReturnThis: [Function (anonymous)],
        mockName: [Function (anonymous)],
        getMockName: [Function (anonymous)]
      }

      at Object.<anonymous> (src/tests/unit/core/caller/ProviderManager.test.ts:74:19)

    console.log
      [PM Test] beforeEach: getRegisteredProviders mock cleared.

      at Object.<anonymous> (src/tests/unit/core/caller/ProviderManager.test.ts:87:15)

    console.log
      [PM Test] beforeEach: Setup complete.

      at Object.<anonymous> (src/tests/unit/core/caller/ProviderManager.test.ts:89:13)

    console.log
      [PM Test] Mocked OpenAIResponseAdapter constructor called

      at mockConstructor.<anonymous> (src/tests/unit/core/caller/ProviderManager.test.ts:31:15)

    console.log
      [PM Test] beforeEach: Clearing and setting up mocks...

      at Object.<anonymous> (src/tests/unit/core/caller/ProviderManager.test.ts:60:13)

    console.log
      [PM Test] beforeEach: OpenAIResponseAdapter mock cleared.

      at Object.<anonymous> (src/tests/unit/core/caller/ProviderManager.test.ts:63:15)

    console.log
      [PM Test] beforeEach: adapterRegistry (mockMap) cleared.

      at Object.<anonymous> (src/tests/unit/core/caller/ProviderManager.test.ts:68:15)

    console.log
      [PM Test] Mocked getRegisteredProviders called from SIMPLIFIED mock

      at src/tests/unit/core/caller/ProviderManager.test.ts:23:17

    console.log
      [PM Test] beforeEach: getRegisteredProviders() returned: [ 'openai' ]

      at Object.<anonymous> (src/tests/unit/core/caller/ProviderManager.test.ts:71:17)

    console.log
      [PM Test] beforeEach: adapterRegistry set for openai with: [Function: mockConstructor] {
        _isMockFunction: true,
        getMockImplementation: [Function (anonymous)],
        mock: [Getter/Setter],
        mockClear: [Function (anonymous)],
        mockReset: [Function (anonymous)],
        mockRestore: [Function (anonymous)],
        mockReturnValueOnce: [Function (anonymous)],
        mockResolvedValueOnce: [Function (anonymous)],
        mockRejectedValueOnce: [Function (anonymous)],
        mockReturnValue: [Function (anonymous)],
        mockResolvedValue: [Function (anonymous)],
        mockRejectedValue: [Function (anonymous)],
        mockImplementationOnce: [Function (anonymous)],
        withImplementation: [Function: bound withImplementation],
        mockImplementation: [Function (anonymous)],
        mockReturnThis: [Function (anonymous)],
        mockName: [Function (anonymous)],
        getMockName: [Function (anonymous)]
      }

      at Object.<anonymous> (src/tests/unit/core/caller/ProviderManager.test.ts:74:19)

    console.log
      [PM Test] beforeEach: getRegisteredProviders mock cleared.

      at Object.<anonymous> (src/tests/unit/core/caller/ProviderManager.test.ts:87:15)

    console.log
      [PM Test] beforeEach: Setup complete.

      at Object.<anonymous> (src/tests/unit/core/caller/ProviderManager.test.ts:89:13)

    console.log
      [PM Test] Mocked OpenAIResponseAdapter constructor called

      at mockConstructor.<anonymous> (src/tests/unit/core/caller/ProviderManager.test.ts:31:15)

    console.log
      [PM Test] beforeEach: Clearing and setting up mocks...

      at Object.<anonymous> (src/tests/unit/core/caller/ProviderManager.test.ts:60:13)

    console.log
      [PM Test] beforeEach: OpenAIResponseAdapter mock cleared.

      at Object.<anonymous> (src/tests/unit/core/caller/ProviderManager.test.ts:63:15)

    console.log
      [PM Test] beforeEach: adapterRegistry (mockMap) cleared.

      at Object.<anonymous> (src/tests/unit/core/caller/ProviderManager.test.ts:68:15)

    console.log
      [PM Test] Mocked getRegisteredProviders called from SIMPLIFIED mock

      at src/tests/unit/core/caller/ProviderManager.test.ts:23:17

    console.log
      [PM Test] beforeEach: getRegisteredProviders() returned: [ 'openai' ]

      at Object.<anonymous> (src/tests/unit/core/caller/ProviderManager.test.ts:71:17)

    console.log
      [PM Test] beforeEach: adapterRegistry set for openai with: [Function: mockConstructor] {
        _isMockFunction: true,
        getMockImplementation: [Function (anonymous)],
        mock: [Getter/Setter],
        mockClear: [Function (anonymous)],
        mockReset: [Function (anonymous)],
        mockRestore: [Function (anonymous)],
        mockReturnValueOnce: [Function (anonymous)],
        mockResolvedValueOnce: [Function (anonymous)],
        mockRejectedValueOnce: [Function (anonymous)],
        mockReturnValue: [Function (anonymous)],
        mockResolvedValue: [Function (anonymous)],
        mockRejectedValue: [Function (anonymous)],
        mockImplementationOnce: [Function (anonymous)],
        withImplementation: [Function: bound withImplementation],
        mockImplementation: [Function (anonymous)],
        mockReturnThis: [Function (anonymous)],
        mockName: [Function (anonymous)],
        getMockName: [Function (anonymous)]
      }

      at Object.<anonymous> (src/tests/unit/core/caller/ProviderManager.test.ts:74:19)

    console.log
      [PM Test] beforeEach: getRegisteredProviders mock cleared.

      at Object.<anonymous> (src/tests/unit/core/caller/ProviderManager.test.ts:87:15)

    console.log
      [PM Test] beforeEach: Setup complete.

      at Object.<anonymous> (src/tests/unit/core/caller/ProviderManager.test.ts:89:13)

    console.log
      [PM Test] beforeEach: Clearing and setting up mocks...

      at Object.<anonymous> (src/tests/unit/core/caller/ProviderManager.test.ts:60:13)

    console.log
      [PM Test] beforeEach: OpenAIResponseAdapter mock cleared.

      at Object.<anonymous> (src/tests/unit/core/caller/ProviderManager.test.ts:63:15)

    console.log
      [PM Test] beforeEach: adapterRegistry (mockMap) cleared.

      at Object.<anonymous> (src/tests/unit/core/caller/ProviderManager.test.ts:68:15)

    console.log
      [PM Test] Mocked getRegisteredProviders called from SIMPLIFIED mock

      at src/tests/unit/core/caller/ProviderManager.test.ts:23:17

    console.log
      [PM Test] beforeEach: getRegisteredProviders() returned: [ 'openai' ]

      at Object.<anonymous> (src/tests/unit/core/caller/ProviderManager.test.ts:71:17)

    console.log
      [PM Test] beforeEach: adapterRegistry set for openai with: [Function: mockConstructor] {
        _isMockFunction: true,
        getMockImplementation: [Function (anonymous)],
        mock: [Getter/Setter],
        mockClear: [Function (anonymous)],
        mockReset: [Function (anonymous)],
        mockRestore: [Function (anonymous)],
        mockReturnValueOnce: [Function (anonymous)],
        mockResolvedValueOnce: [Function (anonymous)],
        mockRejectedValueOnce: [Function (anonymous)],
        mockReturnValue: [Function (anonymous)],
        mockResolvedValue: [Function (anonymous)],
        mockRejectedValue: [Function (anonymous)],
        mockImplementationOnce: [Function (anonymous)],
        withImplementation: [Function: bound withImplementation],
        mockImplementation: [Function (anonymous)],
        mockReturnThis: [Function (anonymous)],
        mockName: [Function (anonymous)],
        getMockName: [Function (anonymous)]
      }

      at Object.<anonymous> (src/tests/unit/core/caller/ProviderManager.test.ts:74:19)

    console.log
      [PM Test] beforeEach: getRegisteredProviders mock cleared.

      at Object.<anonymous> (src/tests/unit/core/caller/ProviderManager.test.ts:87:15)

    console.log
      [PM Test] beforeEach: Setup complete.

      at Object.<anonymous> (src/tests/unit/core/caller/ProviderManager.test.ts:89:13)

PASS src/tests/unit/core/streaming/StreamController.test.ts
  ● Console

    console.error
      [StreamController.acquireStream] Error acquiring stream {
        error: 'Test error',
        model: 'test-model',
        callerId: undefined,
        requestId: 'req_1770643289494',
        totalTimeMs: 2
      }

      43 |         return;
      44 |     }
    > 45 |     originalConsoleError(...args);
         |     ^
      46 | };
      47 |
      48 | // Silence TypeScript 'never' warnings in mocks by muting console.warn

      at console.error (jest.setup.ts:45:5)
      at Logger.error (src/utils/logger.ts:107:21)
      at StreamController.error (src/core/streaming/StreamController.ts:234:24)
          at Generator.throw (<anonymous>)
      at rejected (src/core/streaming/StreamController.ts:5726:32)

    console.warn
      [StreamController.outerRetryStream] Retrying stream after error {
        attempt: 1,
        nextAttempt: 2,
        error: 'Test error',
        delayMs: 2,
        model: 'test-model',
        callerId: undefined,
        requestId: 'req_1770643289494',
        totalElapsedTimeMs: 25,
        errorType: 'Error'
      }

      56 |         return;
      57 |     }
    > 58 |     originalConsoleWarn(...args);
         |     ^
      59 | };
      60 |
      61 | // Add additional Jest setup as needed 

      at console.warn (jest.setup.ts:58:5)
      at Logger.warn (src/utils/logger.ts:101:21)
      at StreamController.warn (src/core/streaming/StreamController.ts:406:21)
          at Generator.throw (<anonymous>)
      at resume (src/core/streaming/StreamController.ts:6002:16)
      at reject (src/core/streaming/StreamController.ts:6029:5)

    console.error
      [StreamController.acquireStream] Error acquiring stream {
        error: 'Always fail',
        model: 'test-model',
        callerId: undefined,
        requestId: 'req_1770643289557',
        totalTimeMs: 7
      }

      43 |         return;
      44 |     }
    > 45 |     originalConsoleError(...args);
         |     ^
      46 | };
      47 |
      48 | // Silence TypeScript 'never' warnings in mocks by muting console.warn

      at console.error (jest.setup.ts:45:5)
      at Logger.error (src/utils/logger.ts:107:21)
      at StreamController.error (src/core/streaming/StreamController.ts:234:24)
          at Generator.throw (<anonymous>)
      at rejected (src/core/streaming/StreamController.ts:5726:32)

    console.warn
      [StreamController.outerRetryStream] Retrying stream after error {
        attempt: 1,
        nextAttempt: 2,
        error: 'Always fail',
        delayMs: 2,
        model: 'test-model',
        callerId: undefined,
        requestId: 'req_1770643289557',
        totalElapsedTimeMs: 8,
        errorType: 'Error'
      }

      56 |         return;
      57 |     }
    > 58 |     originalConsoleWarn(...args);
         |     ^
      59 | };
      60 |
      61 | // Add additional Jest setup as needed 

      at console.warn (jest.setup.ts:58:5)
      at Logger.warn (src/utils/logger.ts:101:21)
      at StreamController.warn (src/core/streaming/StreamController.ts:406:21)
          at Generator.throw (<anonymous>)
      at resume (src/core/streaming/StreamController.ts:6002:16)
      at reject (src/core/streaming/StreamController.ts:6029:5)

    console.error
      [StreamController.acquireStream] Error acquiring stream {
        error: 'Always fail',
        model: 'test-model',
        callerId: undefined,
        requestId: 'req_1770643289557',
        totalTimeMs: 11
      }

      43 |         return;
      44 |     }
    > 45 |     originalConsoleError(...args);
         |     ^
      46 | };
      47 |
      48 | // Silence TypeScript 'never' warnings in mocks by muting console.warn

      at console.error (jest.setup.ts:45:5)
      at Logger.error (src/utils/logger.ts:107:21)
      at StreamController.error (src/core/streaming/StreamController.ts:234:24)
          at Generator.throw (<anonymous>)
      at rejected (src/core/streaming/StreamController.ts:5726:32)

    console.warn
      [StreamController.outerRetryStream] Retrying stream after error {
        attempt: 2,
        nextAttempt: 3,
        error: 'Always fail',
        delayMs: 4,
        model: 'test-model',
        callerId: undefined,
        requestId: 'req_1770643289557',
        totalElapsedTimeMs: 14,
        errorType: 'Error'
      }

      56 |         return;
      57 |     }
    > 58 |     originalConsoleWarn(...args);
         |     ^
      59 | };
      60 |
      61 | // Add additional Jest setup as needed 

      at console.warn (jest.setup.ts:58:5)
      at Logger.warn (src/utils/logger.ts:101:21)
      at StreamController.warn (src/core/streaming/StreamController.ts:406:21)
          at Generator.throw (<anonymous>)
      at resume (src/core/streaming/StreamController.ts:6002:16)
      at reject (src/core/streaming/StreamController.ts:6029:5)

    console.error
      [StreamController.acquireStream] Error acquiring stream {
        error: 'Always fail',
        model: 'test-model',
        callerId: undefined,
        requestId: 'req_1770643289557',
        totalTimeMs: 20
      }

      43 |         return;
      44 |     }
    > 45 |     originalConsoleError(...args);
         |     ^
      46 | };
      47 |
      48 | // Silence TypeScript 'never' warnings in mocks by muting console.warn

      at console.error (jest.setup.ts:45:5)
      at Logger.error (src/utils/logger.ts:107:21)
      at StreamController.error (src/core/streaming/StreamController.ts:234:24)
          at Generator.throw (<anonymous>)
      at rejected (src/core/streaming/StreamController.ts:5726:32)

    console.error
      [StreamController.outerRetryStream] All retry attempts failed {
        maxRetries: 2,
        totalAttempts: 3,
        model: 'test-model',
        callerId: undefined,
        requestId: 'req_1770643289557',
        lastError: 'Always fail',
        totalTimeMs: 31,
        failureCategory: 'Error'
      }

      43 |         return;
      44 |     }
    > 45 |     originalConsoleError(...args);
         |     ^
      46 | };
      47 |
      48 | // Silence TypeScript 'never' warnings in mocks by muting console.warn

      at console.error (jest.setup.ts:45:5)
      at Logger.error (src/utils/logger.ts:107:21)
      at StreamController.error (src/core/streaming/StreamController.ts:386:25)
          at Generator.throw (<anonymous>)
      at resume (src/core/streaming/StreamController.ts:6002:16)
      at reject (src/core/streaming/StreamController.ts:6029:5)

    console.error
      [StreamController.getStream] Processed stream is undefined {
        model: 'test-model',
        requestId: 'req_1770643289590',
        processingTimeMs: 0
      }

      43 |         return;
      44 |     }
    > 45 |     originalConsoleError(...args);
         |     ^
      46 | };
      47 |
      48 | // Silence TypeScript 'never' warnings in mocks by muting console.warn

      at console.error (jest.setup.ts:45:5)
      at Logger.error (src/utils/logger.ts:107:21)
      at StreamController.error (src/core/streaming/StreamController.ts:181:21)
      at fulfilled (src/core/streaming/StreamController.ts:5712:24)

    console.error
      [StreamController.acquireStream] Error acquiring stream {
        error: 'Processed stream is undefined',
        model: 'test-model',
        callerId: undefined,
        requestId: 'req_1770643289590',
        totalTimeMs: 1
      }

      43 |         return;
      44 |     }
    > 45 |     originalConsoleError(...args);
         |     ^
      46 | };
      47 |
      48 | // Silence TypeScript 'never' warnings in mocks by muting console.warn

      at console.error (jest.setup.ts:45:5)
      at Logger.error (src/utils/logger.ts:107:21)
      at StreamController.error (src/core/streaming/StreamController.ts:234:24)
          at Generator.throw (<anonymous>)
      at rejected (src/core/streaming/StreamController.ts:5726:32)

    console.warn
      [StreamController.outerRetryStream] Retrying stream after error {
        attempt: 1,
        nextAttempt: 2,
        error: 'Processed stream is undefined',
        delayMs: 2,
        model: 'test-model',
        callerId: undefined,
        requestId: 'req_1770643289590',
        totalElapsedTimeMs: 1,
        errorType: 'Error'
      }

      56 |         return;
      57 |     }
    > 58 |     originalConsoleWarn(...args);
         |     ^
      59 | };
      60 |
      61 | // Add additional Jest setup as needed 

      at console.warn (jest.setup.ts:58:5)
      at Logger.warn (src/utils/logger.ts:101:21)
      at StreamController.warn (src/core/streaming/StreamController.ts:406:21)
          at Generator.throw (<anonymous>)
      at resume (src/core/streaming/StreamController.ts:6002:16)
      at reject (src/core/streaming/StreamController.ts:6029:5)

    console.error
      [StreamController.getStream] Processed stream is undefined {
        model: 'test-model',
        requestId: 'req_1770643289590',
        processingTimeMs: 0
      }

      43 |         return;
      44 |     }
    > 45 |     originalConsoleError(...args);
         |     ^
      46 | };
      47 |
      48 | // Silence TypeScript 'never' warnings in mocks by muting console.warn

      at console.error (jest.setup.ts:45:5)
      at Logger.error (src/utils/logger.ts:107:21)
      at StreamController.error (src/core/streaming/StreamController.ts:181:21)
      at fulfilled (src/core/streaming/StreamController.ts:5712:24)

    console.error
      [StreamController.acquireStream] Error acquiring stream {
        error: 'Processed stream is undefined',
        model: 'test-model',
        callerId: undefined,
        requestId: 'req_1770643289590',
        totalTimeMs: 4
      }

      43 |         return;
      44 |     }
    > 45 |     originalConsoleError(...args);
         |     ^
      46 | };
      47 |
      48 | // Silence TypeScript 'never' warnings in mocks by muting console.warn

      at console.error (jest.setup.ts:45:5)
      at Logger.error (src/utils/logger.ts:107:21)
      at StreamController.error (src/core/streaming/StreamController.ts:234:24)
          at Generator.throw (<anonymous>)
      at rejected (src/core/streaming/StreamController.ts:5726:32)

    console.warn
      [StreamController.outerRetryStream] Retrying stream after error {
        attempt: 2,
        nextAttempt: 3,
        error: 'Processed stream is undefined',
        delayMs: 4,
        model: 'test-model',
        callerId: undefined,
        requestId: 'req_1770643289590',
        totalElapsedTimeMs: 4,
        errorType: 'Error'
      }

      56 |         return;
      57 |     }
    > 58 |     originalConsoleWarn(...args);
         |     ^
      59 | };
      60 |
      61 | // Add additional Jest setup as needed 

      at console.warn (jest.setup.ts:58:5)
      at Logger.warn (src/utils/logger.ts:101:21)
      at StreamController.warn (src/core/streaming/StreamController.ts:406:21)
          at Generator.throw (<anonymous>)
      at resume (src/core/streaming/StreamController.ts:6002:16)
      at reject (src/core/streaming/StreamController.ts:6029:5)

    console.error
      [StreamController.getStream] Processed stream is undefined {
        model: 'test-model',
        requestId: 'req_1770643289590',
        processingTimeMs: 0
      }

      43 |         return;
      44 |     }
    > 45 |     originalConsoleError(...args);
         |     ^
      46 | };
      47 |
      48 | // Silence TypeScript 'never' warnings in mocks by muting console.warn

      at console.error (jest.setup.ts:45:5)
      at Logger.error (src/utils/logger.ts:107:21)
      at StreamController.error (src/core/streaming/StreamController.ts:181:21)
      at fulfilled (src/core/streaming/StreamController.ts:5712:24)

    console.error
      [StreamController.acquireStream] Error acquiring stream {
        error: 'Processed stream is undefined',
        model: 'test-model',
        callerId: undefined,
        requestId: 'req_1770643289590',
        totalTimeMs: 13
      }

      43 |         return;
      44 |     }
    > 45 |     originalConsoleError(...args);
         |     ^
      46 | };
      47 |
      48 | // Silence TypeScript 'never' warnings in mocks by muting console.warn

      at console.error (jest.setup.ts:45:5)
      at Logger.error (src/utils/logger.ts:107:21)
      at StreamController.error (src/core/streaming/StreamController.ts:234:24)
          at Generator.throw (<anonymous>)
      at rejected (src/core/streaming/StreamController.ts:5726:32)

    console.warn
      [StreamController.outerRetryStream] Retrying stream after error {
        attempt: 3,
        nextAttempt: 4,
        error: 'Processed stream is undefined',
        delayMs: 8,
        model: 'test-model',
        callerId: undefined,
        requestId: 'req_1770643289590',
        totalElapsedTimeMs: 13,
        errorType: 'Error'
      }

      56 |         return;
      57 |     }
    > 58 |     originalConsoleWarn(...args);
         |     ^
      59 | };
      60 |
      61 | // Add additional Jest setup as needed 

      at console.warn (jest.setup.ts:58:5)
      at Logger.warn (src/utils/logger.ts:101:21)
      at StreamController.warn (src/core/streaming/StreamController.ts:406:21)
          at Generator.throw (<anonymous>)
      at resume (src/core/streaming/StreamController.ts:6002:16)
      at reject (src/core/streaming/StreamController.ts:6029:5)

    console.error
      [StreamController.getStream] Processed stream is undefined {
        model: 'test-model',
        requestId: 'req_1770643289590',
        processingTimeMs: 0
      }

      43 |         return;
      44 |     }
    > 45 |     originalConsoleError(...args);
         |     ^
      46 | };
      47 |
      48 | // Silence TypeScript 'never' warnings in mocks by muting console.warn

      at console.error (jest.setup.ts:45:5)
      at Logger.error (src/utils/logger.ts:107:21)
      at StreamController.error (src/core/streaming/StreamController.ts:181:21)
      at fulfilled (src/core/streaming/StreamController.ts:5712:24)

    console.error
      [StreamController.acquireStream] Error acquiring stream {
        error: 'Processed stream is undefined',
        model: 'test-model',
        callerId: undefined,
        requestId: 'req_1770643289590',
        totalTimeMs: 22
      }

      43 |         return;
      44 |     }
    > 45 |     originalConsoleError(...args);
         |     ^
      46 | };
      47 |
      48 | // Silence TypeScript 'never' warnings in mocks by muting console.warn

      at console.error (jest.setup.ts:45:5)
      at Logger.error (src/utils/logger.ts:107:21)
      at StreamController.error (src/core/streaming/StreamController.ts:234:24)
          at Generator.throw (<anonymous>)
      at rejected (src/core/streaming/StreamController.ts:5726:32)

    console.error
      [StreamController.outerRetryStream] All retry attempts failed {
        maxRetries: 3,
        totalAttempts: 4,
        model: 'test-model',
        callerId: undefined,
        requestId: 'req_1770643289590',
        lastError: 'Processed stream is undefined',
        totalTimeMs: 22,
        failureCategory: 'Error'
      }

      43 |         return;
      44 |     }
    > 45 |     originalConsoleError(...args);
         |     ^
      46 | };
      47 |
      48 | // Silence TypeScript 'never' warnings in mocks by muting console.warn

      at console.error (jest.setup.ts:45:5)
      at Logger.error (src/utils/logger.ts:107:21)
      at StreamController.error (src/core/streaming/StreamController.ts:386:25)
          at Generator.throw (<anonymous>)
      at resume (src/core/streaming/StreamController.ts:6002:16)
      at reject (src/core/streaming/StreamController.ts:6029:5)

    console.error
      [StreamController.outerRetryStream] Error during stream iteration {
        error: 'Schema validation error: Field x is required',
        attempt: 1,
        chunkCount: 0,
        model: 'test-model',
        callerId: undefined,
        requestId: 'req_1770643289615',
        streamDurationMs: 1,
        accumulatedContentLength: 0,
        totalToolCalls: 0
      }

      43 |         return;
      44 |     }
    > 45 |     originalConsoleError(...args);
         |     ^
      46 | };
      47 |
      48 | // Silence TypeScript 'never' warnings in mocks by muting console.warn

      at console.error (jest.setup.ts:45:5)
      at Logger.error (src/utils/logger.ts:107:21)
      at StreamController.error (src/core/streaming/StreamController.ts:317:25)
          at Generator.throw (<anonymous>)
      at resume (src/core/streaming/StreamController.ts:6002:16)
      at reject (src/core/streaming/StreamController.ts:6029:5)

    console.warn
      [StreamController.outerRetryStream] Validation error, not retrying {
        error: 'Schema validation error: Field x is required',
        attempt: 1,
        requestId: 'req_1770643289615'
      }

      56 |         return;
      57 |     }
    > 58 |     originalConsoleWarn(...args);
         |     ^
      59 | };
      60 |
      61 | // Add additional Jest setup as needed 

      at console.warn (jest.setup.ts:58:5)
      at Logger.warn (src/utils/logger.ts:101:21)
      at StreamController.warn (src/core/streaming/StreamController.ts:331:29)
          at Generator.throw (<anonymous>)
      at resume (src/core/streaming/StreamController.ts:6002:16)
      at reject (src/core/streaming/StreamController.ts:6029:5)

    console.error
      [StreamController.acquireStream] Error acquiring stream {
        error: 'Provider service unavailable',
        model: 'test-model',
        callerId: undefined,
        requestId: 'req_1770643289628',
        totalTimeMs: 0
      }

      43 |         return;
      44 |     }
    > 45 |     originalConsoleError(...args);
         |     ^
      46 | };
      47 |
      48 | // Silence TypeScript 'never' warnings in mocks by muting console.warn

      at console.error (jest.setup.ts:45:5)
      at Logger.error (src/utils/logger.ts:107:21)
      at StreamController.error (src/core/streaming/StreamController.ts:234:24)
          at Generator.throw (<anonymous>)
      at rejected (src/core/streaming/StreamController.ts:5726:32)

    console.warn
      [StreamController.outerRetryStream] Retrying stream after error {
        attempt: 1,
        nextAttempt: 2,
        error: 'Provider service unavailable',
        delayMs: 2,
        model: 'test-model',
        callerId: undefined,
        requestId: 'req_1770643289628',
        totalElapsedTimeMs: 1,
        errorType: 'Error'
      }

      56 |         return;
      57 |     }
    > 58 |     originalConsoleWarn(...args);
         |     ^
      59 | };
      60 |
      61 | // Add additional Jest setup as needed 

      at console.warn (jest.setup.ts:58:5)
      at Logger.warn (src/utils/logger.ts:101:21)
      at StreamController.warn (src/core/streaming/StreamController.ts:406:21)
          at Generator.throw (<anonymous>)
      at resume (src/core/streaming/StreamController.ts:6002:16)
      at reject (src/core/streaming/StreamController.ts:6029:5)

    console.error
      [StreamController.acquireStream] Error acquiring stream {
        error: 'Provider service unavailable',
        model: 'test-model',
        callerId: undefined,
        requestId: 'req_1770643289628',
        totalTimeMs: 174
      }

      43 |         return;
      44 |     }
    > 45 |     originalConsoleError(...args);
         |     ^
      46 | };
      47 |
      48 | // Silence TypeScript 'never' warnings in mocks by muting console.warn

      at console.error (jest.setup.ts:45:5)
      at Logger.error (src/utils/logger.ts:107:21)
      at StreamController.error (src/core/streaming/StreamController.ts:234:24)
          at Generator.throw (<anonymous>)
      at rejected (src/core/streaming/StreamController.ts:5726:32)

    console.warn
      [StreamController.outerRetryStream] Retrying stream after error {
        attempt: 2,
        nextAttempt: 3,
        error: 'Provider service unavailable',
        delayMs: 4,
        model: 'test-model',
        callerId: undefined,
        requestId: 'req_1770643289628',
        totalElapsedTimeMs: 175,
        errorType: 'Error'
      }

      56 |         return;
      57 |     }
    > 58 |     originalConsoleWarn(...args);
         |     ^
      59 | };
      60 |
      61 | // Add additional Jest setup as needed 

      at console.warn (jest.setup.ts:58:5)
      at Logger.warn (src/utils/logger.ts:101:21)
      at StreamController.warn (src/core/streaming/StreamController.ts:406:21)
          at Generator.throw (<anonymous>)
      at resume (src/core/streaming/StreamController.ts:6002:16)
      at reject (src/core/streaming/StreamController.ts:6029:5)

    console.error
      [StreamController.acquireStream] Error acquiring stream {
        error: 'Provider service unavailable',
        model: 'test-model',
        callerId: undefined,
        requestId: 'req_1770643289628',
        totalTimeMs: 179
      }

      43 |         return;
      44 |     }
    > 45 |     originalConsoleError(...args);
         |     ^
      46 | };
      47 |
      48 | // Silence TypeScript 'never' warnings in mocks by muting console.warn

      at console.error (jest.setup.ts:45:5)
      at Logger.error (src/utils/logger.ts:107:21)
      at StreamController.error (src/core/streaming/StreamController.ts:234:24)
          at Generator.throw (<anonymous>)
      at rejected (src/core/streaming/StreamController.ts:5726:32)

    console.warn
      [StreamController.outerRetryStream] Retrying stream after error {
        attempt: 3,
        nextAttempt: 4,
        error: 'Provider service unavailable',
        delayMs: 8,
        model: 'test-model',
        callerId: undefined,
        requestId: 'req_1770643289628',
        totalElapsedTimeMs: 182,
        errorType: 'Error'
      }

      56 |         return;
      57 |     }
    > 58 |     originalConsoleWarn(...args);
         |     ^
      59 | };
      60 |
      61 | // Add additional Jest setup as needed 

      at console.warn (jest.setup.ts:58:5)
      at Logger.warn (src/utils/logger.ts:101:21)
      at StreamController.warn (src/core/streaming/StreamController.ts:406:21)
          at Generator.throw (<anonymous>)
      at resume (src/core/streaming/StreamController.ts:6002:16)
      at reject (src/core/streaming/StreamController.ts:6029:5)

    console.error
      [StreamController.acquireStream] Error acquiring stream {
        error: 'Provider service unavailable',
        model: 'test-model',
        callerId: undefined,
        requestId: 'req_1770643289628',
        totalTimeMs: 193
      }

      43 |         return;
      44 |     }
    > 45 |     originalConsoleError(...args);
         |     ^
      46 | };
      47 |
      48 | // Silence TypeScript 'never' warnings in mocks by muting console.warn

      at console.error (jest.setup.ts:45:5)
      at Logger.error (src/utils/logger.ts:107:21)
      at StreamController.error (src/core/streaming/StreamController.ts:234:24)
          at Generator.throw (<anonymous>)
      at rejected (src/core/streaming/StreamController.ts:5726:32)

    console.error
      [StreamController.outerRetryStream] All retry attempts failed {
        maxRetries: 3,
        totalAttempts: 4,
        model: 'test-model',
        callerId: undefined,
        requestId: 'req_1770643289628',
        lastError: 'Provider service unavailable',
        totalTimeMs: 193,
        failureCategory: 'Error'
      }

      43 |         return;
      44 |     }
    > 45 |     originalConsoleError(...args);
         |     ^
      46 | };
      47 |
      48 | // Silence TypeScript 'never' warnings in mocks by muting console.warn

      at console.error (jest.setup.ts:45:5)
      at Logger.error (src/utils/logger.ts:107:21)
      at StreamController.error (src/core/streaming/StreamController.ts:386:25)
          at Generator.throw (<anonymous>)
      at resume (src/core/streaming/StreamController.ts:6002:16)
      at reject (src/core/streaming/StreamController.ts:6029:5)

    console.error
      [StreamController.acquireStream] Error acquiring stream {
        error: 'Unknown error',
        model: 'test-model',
        callerId: undefined,
        requestId: 'req_1770643289822',
        totalTimeMs: 0
      }

      43 |         return;
      44 |     }
    > 45 |     originalConsoleError(...args);
         |     ^
      46 | };
      47 |
      48 | // Silence TypeScript 'never' warnings in mocks by muting console.warn

      at console.error (jest.setup.ts:45:5)
      at Logger.error (src/utils/logger.ts:107:21)
      at StreamController.error (src/core/streaming/StreamController.ts:234:24)
          at Generator.throw (<anonymous>)
      at rejected (src/core/streaming/StreamController.ts:5726:32)

    console.warn
      [StreamController.outerRetryStream] Retrying stream after error {
        attempt: 1,
        nextAttempt: 2,
        error: 'Unknown error',
        delayMs: 2,
        model: 'test-model',
        callerId: undefined,
        requestId: 'req_1770643289822',
        totalElapsedTimeMs: 0,
        errorType: 'Unknown'
      }

      56 |         return;
      57 |     }
    > 58 |     originalConsoleWarn(...args);
         |     ^
      59 | };
      60 |
      61 | // Add additional Jest setup as needed 

      at console.warn (jest.setup.ts:58:5)
      at Logger.warn (src/utils/logger.ts:101:21)
      at StreamController.warn (src/core/streaming/StreamController.ts:406:21)
          at Generator.throw (<anonymous>)
      at resume (src/core/streaming/StreamController.ts:6002:16)
      at reject (src/core/streaming/StreamController.ts:6029:5)

    console.error
      [StreamController.acquireStream] Error acquiring stream {
        error: 'Unknown error',
        model: 'test-model',
        callerId: undefined,
        requestId: 'req_1770643289822',
        totalTimeMs: 4
      }

      43 |         return;
      44 |     }
    > 45 |     originalConsoleError(...args);
         |     ^
      46 | };
      47 |
      48 | // Silence TypeScript 'never' warnings in mocks by muting console.warn

      at console.error (jest.setup.ts:45:5)
      at Logger.error (src/utils/logger.ts:107:21)
      at StreamController.error (src/core/streaming/StreamController.ts:234:24)
          at Generator.throw (<anonymous>)
      at rejected (src/core/streaming/StreamController.ts:5726:32)

    console.warn
      [StreamController.outerRetryStream] Retrying stream after error {
        attempt: 2,
        nextAttempt: 3,
        error: 'Unknown error',
        delayMs: 4,
        model: 'test-model',
        callerId: undefined,
        requestId: 'req_1770643289822',
        totalElapsedTimeMs: 5,
        errorType: 'Unknown'
      }

      56 |         return;
      57 |     }
    > 58 |     originalConsoleWarn(...args);
         |     ^
      59 | };
      60 |
      61 | // Add additional Jest setup as needed 

      at console.warn (jest.setup.ts:58:5)
      at Logger.warn (src/utils/logger.ts:101:21)
      at StreamController.warn (src/core/streaming/StreamController.ts:406:21)
          at Generator.throw (<anonymous>)
      at resume (src/core/streaming/StreamController.ts:6002:16)
      at reject (src/core/streaming/StreamController.ts:6029:5)

    console.error
      [StreamController.acquireStream] Error acquiring stream {
        error: 'Unknown error',
        model: 'test-model',
        callerId: undefined,
        requestId: 'req_1770643289822',
        totalTimeMs: 11
      }

      43 |         return;
      44 |     }
    > 45 |     originalConsoleError(...args);
         |     ^
      46 | };
      47 |
      48 | // Silence TypeScript 'never' warnings in mocks by muting console.warn

      at console.error (jest.setup.ts:45:5)
      at Logger.error (src/utils/logger.ts:107:21)
      at StreamController.error (src/core/streaming/StreamController.ts:234:24)
          at Generator.throw (<anonymous>)
      at rejected (src/core/streaming/StreamController.ts:5726:32)

    console.warn
      [StreamController.outerRetryStream] Retrying stream after error {
        attempt: 3,
        nextAttempt: 4,
        error: 'Unknown error',
        delayMs: 8,
        model: 'test-model',
        callerId: undefined,
        requestId: 'req_1770643289822',
        totalElapsedTimeMs: 11,
        errorType: 'Unknown'
      }

      56 |         return;
      57 |     }
    > 58 |     originalConsoleWarn(...args);
         |     ^
      59 | };
      60 |
      61 | // Add additional Jest setup as needed 

      at console.warn (jest.setup.ts:58:5)
      at Logger.warn (src/utils/logger.ts:101:21)
      at StreamController.warn (src/core/streaming/StreamController.ts:406:21)
          at Generator.throw (<anonymous>)
      at resume (src/core/streaming/StreamController.ts:6002:16)
      at reject (src/core/streaming/StreamController.ts:6029:5)

    console.error
      [StreamController.acquireStream] Error acquiring stream {
        error: 'Unknown error',
        model: 'test-model',
        callerId: undefined,
        requestId: 'req_1770643289822',
        totalTimeMs: 22
      }

      43 |         return;
      44 |     }
    > 45 |     originalConsoleError(...args);
         |     ^
      46 | };
      47 |
      48 | // Silence TypeScript 'never' warnings in mocks by muting console.warn

      at console.error (jest.setup.ts:45:5)
      at Logger.error (src/utils/logger.ts:107:21)
      at StreamController.error (src/core/streaming/StreamController.ts:234:24)
          at Generator.throw (<anonymous>)
      at rejected (src/core/streaming/StreamController.ts:5726:32)

    console.error
      [StreamController.getStream] Error in stream handler processing {
        error: 'Error in stream creation',
        processingTimeMs: 0,
        model: 'test-model',
        requestId: 'req_1770643289849'
      }

      43 |         return;
      44 |     }
    > 45 |     originalConsoleError(...args);
         |     ^
      46 | };
      47 |
      48 | // Silence TypeScript 'never' warnings in mocks by muting console.warn

      at console.error (jest.setup.ts:45:5)
      at Logger.error (src/utils/logger.ts:107:21)
      at StreamController.error (src/core/streaming/StreamController.ts:171:21)
      at fulfilled (src/core/streaming/StreamController.ts:5712:24)

    console.error
      [StreamController.acquireStream] Error acquiring stream {
        error: 'Stream creation error',
        model: 'test-model',
        callerId: undefined,
        requestId: 'req_1770643289849',
        totalTimeMs: 2
      }

      43 |         return;
      44 |     }
    > 45 |     originalConsoleError(...args);
         |     ^
      46 | };
      47 |
      48 | // Silence TypeScript 'never' warnings in mocks by muting console.warn

      at console.error (jest.setup.ts:45:5)
      at Logger.error (src/utils/logger.ts:107:21)
      at StreamController.error (src/core/streaming/StreamController.ts:234:24)
          at Generator.throw (<anonymous>)
      at rejected (src/core/streaming/StreamController.ts:5726:32)

    console.warn
      [StreamController.outerRetryStream] Retrying stream after error {
        attempt: 1,
        nextAttempt: 2,
        error: 'Stream creation error',
        delayMs: 2,
        model: 'test-model',
        callerId: undefined,
        requestId: 'req_1770643289849',
        totalElapsedTimeMs: 2,
        errorType: 'Error'
      }

      56 |         return;
      57 |     }
    > 58 |     originalConsoleWarn(...args);
         |     ^
      59 | };
      60 |
      61 | // Add additional Jest setup as needed 

      at console.warn (jest.setup.ts:58:5)
      at Logger.warn (src/utils/logger.ts:101:21)
      at StreamController.warn (src/core/streaming/StreamController.ts:406:21)
          at Generator.throw (<anonymous>)
      at resume (src/core/streaming/StreamController.ts:6002:16)
      at reject (src/core/streaming/StreamController.ts:6029:5)

    console.error
      [StreamController.getStream] Error in stream handler processing {
        error: 'Error in stream creation',
        processingTimeMs: 0,
        model: 'test-model',
        requestId: 'req_1770643289849'
      }

      43 |         return;
      44 |     }
    > 45 |     originalConsoleError(...args);
         |     ^
      46 | };
      47 |
      48 | // Silence TypeScript 'never' warnings in mocks by muting console.warn

      at console.error (jest.setup.ts:45:5)
      at Logger.error (src/utils/logger.ts:107:21)
      at StreamController.error (src/core/streaming/StreamController.ts:171:21)
      at fulfilled (src/core/streaming/StreamController.ts:5712:24)

    console.error
      [StreamController.acquireStream] Error acquiring stream {
        error: 'Stream creation error',
        model: 'test-model',
        callerId: undefined,
        requestId: 'req_1770643289849',
        totalTimeMs: 5
      }

      43 |         return;
      44 |     }
    > 45 |     originalConsoleError(...args);
         |     ^
      46 | };
      47 |
      48 | // Silence TypeScript 'never' warnings in mocks by muting console.warn

      at console.error (jest.setup.ts:45:5)
      at Logger.error (src/utils/logger.ts:107:21)
      at StreamController.error (src/core/streaming/StreamController.ts:234:24)
          at Generator.throw (<anonymous>)
      at rejected (src/core/streaming/StreamController.ts:5726:32)

    console.warn
      [StreamController.outerRetryStream] Retrying stream after error {
        attempt: 2,
        nextAttempt: 3,
        error: 'Stream creation error',
        delayMs: 4,
        model: 'test-model',
        callerId: undefined,
        requestId: 'req_1770643289849',
        totalElapsedTimeMs: 5,
        errorType: 'Error'
      }

      56 |         return;
      57 |     }
    > 58 |     originalConsoleWarn(...args);
         |     ^
      59 | };
      60 |
      61 | // Add additional Jest setup as needed 

      at console.warn (jest.setup.ts:58:5)
      at Logger.warn (src/utils/logger.ts:101:21)
      at StreamController.warn (src/core/streaming/StreamController.ts:406:21)
          at Generator.throw (<anonymous>)
      at resume (src/core/streaming/StreamController.ts:6002:16)
      at reject (src/core/streaming/StreamController.ts:6029:5)

    console.error
      [StreamController.getStream] Error in stream handler processing {
        error: 'Error in stream creation',
        processingTimeMs: 0,
        model: 'test-model',
        requestId: 'req_1770643289849'
      }

      43 |         return;
      44 |     }
    > 45 |     originalConsoleError(...args);
         |     ^
      46 | };
      47 |
      48 | // Silence TypeScript 'never' warnings in mocks by muting console.warn

      at console.error (jest.setup.ts:45:5)
      at Logger.error (src/utils/logger.ts:107:21)
      at StreamController.error (src/core/streaming/StreamController.ts:171:21)
      at fulfilled (src/core/streaming/StreamController.ts:5712:24)

    console.error
      [StreamController.acquireStream] Error acquiring stream {
        error: 'Stream creation error',
        model: 'test-model',
        callerId: undefined,
        requestId: 'req_1770643289849',
        totalTimeMs: 29
      }

      43 |         return;
      44 |     }
    > 45 |     originalConsoleError(...args);
         |     ^
      46 | };
      47 |
      48 | // Silence TypeScript 'never' warnings in mocks by muting console.warn

      at console.error (jest.setup.ts:45:5)
      at Logger.error (src/utils/logger.ts:107:21)
      at StreamController.error (src/core/streaming/StreamController.ts:234:24)
          at Generator.throw (<anonymous>)
      at rejected (src/core/streaming/StreamController.ts:5726:32)

    console.warn
      [StreamController.outerRetryStream] Retrying stream after error {
        attempt: 3,
        nextAttempt: 4,
        error: 'Stream creation error',
        delayMs: 8,
        model: 'test-model',
        callerId: undefined,
        requestId: 'req_1770643289849',
        totalElapsedTimeMs: 30,
        errorType: 'Error'
      }

      56 |         return;
      57 |     }
    > 58 |     originalConsoleWarn(...args);
         |     ^
      59 | };
      60 |
      61 | // Add additional Jest setup as needed 

      at console.warn (jest.setup.ts:58:5)
      at Logger.warn (src/utils/logger.ts:101:21)
      at StreamController.warn (src/core/streaming/StreamController.ts:406:21)
          at Generator.throw (<anonymous>)
      at resume (src/core/streaming/StreamController.ts:6002:16)
      at reject (src/core/streaming/StreamController.ts:6029:5)

    console.error
      [StreamController.getStream] Error in stream handler processing {
        error: 'Error in stream creation',
        processingTimeMs: 0,
        model: 'test-model',
        requestId: 'req_1770643289849'
      }

      43 |         return;
      44 |     }
    > 45 |     originalConsoleError(...args);
         |     ^
      46 | };
      47 |
      48 | // Silence TypeScript 'never' warnings in mocks by muting console.warn

      at console.error (jest.setup.ts:45:5)
      at Logger.error (src/utils/logger.ts:107:21)
      at StreamController.error (src/core/streaming/StreamController.ts:171:21)
      at fulfilled (src/core/streaming/StreamController.ts:5712:24)

    console.error
      [StreamController.acquireStream] Error acquiring stream {
        error: 'Stream creation error',
        model: 'test-model',
        callerId: undefined,
        requestId: 'req_1770643289849',
        totalTimeMs: 44
      }

      43 |         return;
      44 |     }
    > 45 |     originalConsoleError(...args);
         |     ^
      46 | };
      47 |
      48 | // Silence TypeScript 'never' warnings in mocks by muting console.warn

      at console.error (jest.setup.ts:45:5)
      at Logger.error (src/utils/logger.ts:107:21)
      at StreamController.error (src/core/streaming/StreamController.ts:234:24)
          at Generator.throw (<anonymous>)
      at rejected (src/core/streaming/StreamController.ts:5726:32)

    console.error
      [StreamController.outerRetryStream] All retry attempts failed {
        maxRetries: 3,
        totalAttempts: 4,
        model: 'test-model',
        callerId: undefined,
        requestId: 'req_1770643289849',
        lastError: 'Stream creation error',
        totalTimeMs: 44,
        failureCategory: 'Error'
      }

      43 |         return;
      44 |     }
    > 45 |     originalConsoleError(...args);
         |     ^
      46 | };
      47 |
      48 | // Silence TypeScript 'never' warnings in mocks by muting console.warn

      at console.error (jest.setup.ts:45:5)
      at Logger.error (src/utils/logger.ts:107:21)
      at StreamController.error (src/core/streaming/StreamController.ts:386:25)
          at Generator.throw (<anonymous>)
      at resume (src/core/streaming/StreamController.ts:6002:16)
      at reject (src/core/streaming/StreamController.ts:6029:5)

    console.error
      [StreamController.acquireStream] Error acquiring stream {
        error: 'Test error',
        model: 'test-model',
        callerId: undefined,
        requestId: 'req_1770643289894',
        totalTimeMs: 0
      }

      43 |         return;
      44 |     }
    > 45 |     originalConsoleError(...args);
         |     ^
      46 | };
      47 |
      48 | // Silence TypeScript 'never' warnings in mocks by muting console.warn

      at console.error (jest.setup.ts:45:5)
      at Logger.error (src/utils/logger.ts:107:21)
      at StreamController.error (src/core/streaming/StreamController.ts:234:24)
          at Generator.throw (<anonymous>)
      at rejected (src/core/streaming/StreamController.ts:5726:32)

    console.warn
      [StreamController.outerRetryStream] Retrying stream after error {
        attempt: 1,
        nextAttempt: 2,
        error: 'Test error',
        delayMs: 2,
        model: 'test-model',
        callerId: undefined,
        requestId: 'req_1770643289894',
        totalElapsedTimeMs: 0,
        errorType: 'Error'
      }

      56 |         return;
      57 |     }
    > 58 |     originalConsoleWarn(...args);
         |     ^
      59 | };
      60 |
      61 | // Add additional Jest setup as needed 

      at console.warn (jest.setup.ts:58:5)
      at Logger.warn (src/utils/logger.ts:101:21)
      at StreamController.warn (src/core/streaming/StreamController.ts:406:21)
          at Generator.throw (<anonymous>)
      at resume (src/core/streaming/StreamController.ts:6002:16)
      at reject (src/core/streaming/StreamController.ts:6029:5)

    console.error
      [StreamController.acquireStream] Error acquiring stream {
        error: 'Test error',
        model: 'test-model',
        callerId: undefined,
        requestId: 'req_1770643289894',
        totalTimeMs: 7
      }

      43 |         return;
      44 |     }
    > 45 |     originalConsoleError(...args);
         |     ^
      46 | };
      47 |
      48 | // Silence TypeScript 'never' warnings in mocks by muting console.warn

      at console.error (jest.setup.ts:45:5)
      at Logger.error (src/utils/logger.ts:107:21)
      at StreamController.error (src/core/streaming/StreamController.ts:234:24)
          at Generator.throw (<anonymous>)
      at rejected (src/core/streaming/StreamController.ts:5726:32)

    console.warn
      [StreamController.outerRetryStream] Retrying stream after error {
        attempt: 2,
        nextAttempt: 3,
        error: 'Test error',
        delayMs: 4,
        model: 'test-model',
        callerId: undefined,
        requestId: 'req_1770643289894',
        totalElapsedTimeMs: 8,
        errorType: 'Error'
      }

      56 |         return;
      57 |     }
    > 58 |     originalConsoleWarn(...args);
         |     ^
      59 | };
      60 |
      61 | // Add additional Jest setup as needed 

      at console.warn (jest.setup.ts:58:5)
      at Logger.warn (src/utils/logger.ts:101:21)
      at StreamController.warn (src/core/streaming/StreamController.ts:406:21)
          at Generator.throw (<anonymous>)
      at resume (src/core/streaming/StreamController.ts:6002:16)
      at reject (src/core/streaming/StreamController.ts:6029:5)

    console.error
      [StreamController.acquireStream] Error acquiring stream {
        error: 'Test error',
        model: 'test-model',
        callerId: undefined,
        requestId: 'req_1770643289894',
        totalTimeMs: 13
      }

      43 |         return;
      44 |     }
    > 45 |     originalConsoleError(...args);
         |     ^
      46 | };
      47 |
      48 | // Silence TypeScript 'never' warnings in mocks by muting console.warn

      at console.error (jest.setup.ts:45:5)
      at Logger.error (src/utils/logger.ts:107:21)
      at StreamController.error (src/core/streaming/StreamController.ts:234:24)
          at Generator.throw (<anonymous>)
      at rejected (src/core/streaming/StreamController.ts:5726:32)

    console.warn
      [StreamController.outerRetryStream] Retrying stream after error {
        attempt: 3,
        nextAttempt: 4,
        error: 'Test error',
        delayMs: 8,
        model: 'test-model',
        callerId: undefined,
        requestId: 'req_1770643289894',
        totalElapsedTimeMs: 16,
        errorType: 'Error'
      }

      56 |         return;
      57 |     }
    > 58 |     originalConsoleWarn(...args);
         |     ^
      59 | };
      60 |
      61 | // Add additional Jest setup as needed 

      at console.warn (jest.setup.ts:58:5)
      at Logger.warn (src/utils/logger.ts:101:21)
      at StreamController.warn (src/core/streaming/StreamController.ts:406:21)
          at Generator.throw (<anonymous>)
      at resume (src/core/streaming/StreamController.ts:6002:16)
      at reject (src/core/streaming/StreamController.ts:6029:5)

    console.error
      [StreamController.acquireStream] Error acquiring stream {
        error: 'Test error',
        model: 'test-model',
        callerId: undefined,
        requestId: 'req_1770643289894',
        totalTimeMs: 100
      }

      43 |         return;
      44 |     }
    > 45 |     originalConsoleError(...args);
         |     ^
      46 | };
      47 |
      48 | // Silence TypeScript 'never' warnings in mocks by muting console.warn

      at console.error (jest.setup.ts:45:5)
      at Logger.error (src/utils/logger.ts:107:21)
      at StreamController.error (src/core/streaming/StreamController.ts:234:24)
          at Generator.throw (<anonymous>)
      at rejected (src/core/streaming/StreamController.ts:5726:32)

    console.error
      [StreamController.outerRetryStream] All retry attempts failed {
        maxRetries: 3,
        totalAttempts: 4,
        model: 'test-model',
        callerId: undefined,
        requestId: 'req_1770643289894',
        lastError: 'Test error',
        totalTimeMs: 100,
        failureCategory: 'Error'
      }

      43 |         return;
      44 |     }
    > 45 |     originalConsoleError(...args);
         |     ^
      46 | };
      47 |
      48 | // Silence TypeScript 'never' warnings in mocks by muting console.warn

      at console.error (jest.setup.ts:45:5)
      at Logger.error (src/utils/logger.ts:107:21)
      at StreamController.error (src/core/streaming/StreamController.ts:386:25)
          at Generator.throw (<anonymous>)
      at resume (src/core/streaming/StreamController.ts:6002:16)
      at reject (src/core/streaming/StreamController.ts:6029:5)

    console.error
      [StreamController.getStream] Error in stream handler processing {
        error: 'Unknown error',
        processingTimeMs: 0,
        model: 'test-model',
        requestId: 'req_1770643289996'
      }

      43 |         return;
      44 |     }
    > 45 |     originalConsoleError(...args);
         |     ^
      46 | };
      47 |
      48 | // Silence TypeScript 'never' warnings in mocks by muting console.warn

      at console.error (jest.setup.ts:45:5)
      at Logger.error (src/utils/logger.ts:107:21)
      at StreamController.error (src/core/streaming/StreamController.ts:171:21)
      at fulfilled (src/core/streaming/StreamController.ts:5712:24)

    console.error
      [StreamController.acquireStream] Error acquiring stream {
        error: 'Unknown error',
        model: 'test-model',
        callerId: undefined,
        requestId: 'req_1770643289996',
        totalTimeMs: 1
      }

      43 |         return;
      44 |     }
    > 45 |     originalConsoleError(...args);
         |     ^
      46 | };
      47 |
      48 | // Silence TypeScript 'never' warnings in mocks by muting console.warn

      at console.error (jest.setup.ts:45:5)
      at Logger.error (src/utils/logger.ts:107:21)
      at StreamController.error (src/core/streaming/StreamController.ts:234:24)
          at Generator.throw (<anonymous>)
      at rejected (src/core/streaming/StreamController.ts:5726:32)

    console.warn
      [StreamController.outerRetryStream] Retrying stream after error {
        attempt: 1,
        nextAttempt: 2,
        error: 'Unknown error',
        delayMs: 2,
        model: 'test-model',
        callerId: undefined,
        requestId: 'req_1770643289996',
        totalElapsedTimeMs: 1,
        errorType: 'Unknown'
      }

      56 |         return;
      57 |     }
    > 58 |     originalConsoleWarn(...args);
         |     ^
      59 | };
      60 |
      61 | // Add additional Jest setup as needed 

      at console.warn (jest.setup.ts:58:5)
      at Logger.warn (src/utils/logger.ts:101:21)
      at StreamController.warn (src/core/streaming/StreamController.ts:406:21)
          at Generator.throw (<anonymous>)
      at resume (src/core/streaming/StreamController.ts:6002:16)
      at reject (src/core/streaming/StreamController.ts:6029:5)

    console.error
      [StreamController.getStream] Error in stream handler processing {
        error: 'Unknown error',
        processingTimeMs: 0,
        model: 'test-model',
        requestId: 'req_1770643289996'
      }

      43 |         return;
      44 |     }
    > 45 |     originalConsoleError(...args);
         |     ^
      46 | };
      47 |
      48 | // Silence TypeScript 'never' warnings in mocks by muting console.warn

      at console.error (jest.setup.ts:45:5)
      at Logger.error (src/utils/logger.ts:107:21)
      at StreamController.error (src/core/streaming/StreamController.ts:171:21)
      at fulfilled (src/core/streaming/StreamController.ts:5712:24)

    console.error
      [StreamController.acquireStream] Error acquiring stream {
        error: 'Unknown error',
        model: 'test-model',
        callerId: undefined,
        requestId: 'req_1770643289996',
        totalTimeMs: 6
      }

      43 |         return;
      44 |     }
    > 45 |     originalConsoleError(...args);
         |     ^
      46 | };
      47 |
      48 | // Silence TypeScript 'never' warnings in mocks by muting console.warn

      at console.error (jest.setup.ts:45:5)
      at Logger.error (src/utils/logger.ts:107:21)
      at StreamController.error (src/core/streaming/StreamController.ts:234:24)
          at Generator.throw (<anonymous>)
      at rejected (src/core/streaming/StreamController.ts:5726:32)

    console.warn
      [StreamController.outerRetryStream] Retrying stream after error {
        attempt: 2,
        nextAttempt: 3,
        error: 'Unknown error',
        delayMs: 4,
        model: 'test-model',
        callerId: undefined,
        requestId: 'req_1770643289996',
        totalElapsedTimeMs: 6,
        errorType: 'Unknown'
      }

      56 |         return;
      57 |     }
    > 58 |     originalConsoleWarn(...args);
         |     ^
      59 | };
      60 |
      61 | // Add additional Jest setup as needed 

      at console.warn (jest.setup.ts:58:5)
      at Logger.warn (src/utils/logger.ts:101:21)
      at StreamController.warn (src/core/streaming/StreamController.ts:406:21)
          at Generator.throw (<anonymous>)
      at resume (src/core/streaming/StreamController.ts:6002:16)
      at reject (src/core/streaming/StreamController.ts:6029:5)

    console.error
      [StreamController.getStream] Error in stream handler processing {
        error: 'Unknown error',
        processingTimeMs: 0,
        model: 'test-model',
        requestId: 'req_1770643289996'
      }

      43 |         return;
      44 |     }
    > 45 |     originalConsoleError(...args);
         |     ^
      46 | };
      47 |
      48 | // Silence TypeScript 'never' warnings in mocks by muting console.warn

      at console.error (jest.setup.ts:45:5)
      at Logger.error (src/utils/logger.ts:107:21)
      at StreamController.error (src/core/streaming/StreamController.ts:171:21)
      at fulfilled (src/core/streaming/StreamController.ts:5712:24)

    console.error
      [StreamController.acquireStream] Error acquiring stream {
        error: 'Unknown error',
        model: 'test-model',
        callerId: undefined,
        requestId: 'req_1770643289996',
        totalTimeMs: 11
      }

      43 |         return;
      44 |     }
    > 45 |     originalConsoleError(...args);
         |     ^
      46 | };
      47 |
      48 | // Silence TypeScript 'never' warnings in mocks by muting console.warn

      at console.error (jest.setup.ts:45:5)
      at Logger.error (src/utils/logger.ts:107:21)
      at StreamController.error (src/core/streaming/StreamController.ts:234:24)
          at Generator.throw (<anonymous>)
      at rejected (src/core/streaming/StreamController.ts:5726:32)

    console.warn
      [StreamController.outerRetryStream] Retrying stream after error {
        attempt: 3,
        nextAttempt: 4,
        error: 'Unknown error',
        delayMs: 8,
        model: 'test-model',
        callerId: undefined,
        requestId: 'req_1770643289996',
        totalElapsedTimeMs: 11,
        errorType: 'Unknown'
      }

      56 |         return;
      57 |     }
    > 58 |     originalConsoleWarn(...args);
         |     ^
      59 | };
      60 |
      61 | // Add additional Jest setup as needed 

      at console.warn (jest.setup.ts:58:5)
      at Logger.warn (src/utils/logger.ts:101:21)
      at StreamController.warn (src/core/streaming/StreamController.ts:406:21)
          at Generator.throw (<anonymous>)
      at resume (src/core/streaming/StreamController.ts:6002:16)
      at reject (src/core/streaming/StreamController.ts:6029:5)

    console.error
      [StreamController.getStream] Error in stream handler processing {
        error: 'Unknown error',
        processingTimeMs: 0,
        model: 'test-model',
        requestId: 'req_1770643289996'
      }

      43 |         return;
      44 |     }
    > 45 |     originalConsoleError(...args);
         |     ^
      46 | };
      47 |
      48 | // Silence TypeScript 'never' warnings in mocks by muting console.warn

      at console.error (jest.setup.ts:45:5)
      at Logger.error (src/utils/logger.ts:107:21)
      at StreamController.error (src/core/streaming/StreamController.ts:171:21)
      at fulfilled (src/core/streaming/StreamController.ts:5712:24)

    console.error
      [StreamController.acquireStream] Error acquiring stream {
        error: 'Unknown error',
        model: 'test-model',
        callerId: undefined,
        requestId: 'req_1770643289996',
        totalTimeMs: 23
      }

      43 |         return;
      44 |     }
    > 45 |     originalConsoleError(...args);
         |     ^
      46 | };
      47 |
      48 | // Silence TypeScript 'never' warnings in mocks by muting console.warn

      at console.error (jest.setup.ts:45:5)
      at Logger.error (src/utils/logger.ts:107:21)
      at StreamController.error (src/core/streaming/StreamController.ts:234:24)
          at Generator.throw (<anonymous>)
      at rejected (src/core/streaming/StreamController.ts:5726:32)

    console.warn
      [StreamController.outerRetryStream] Triggering retry due to content {
        attempt: 1,
        reason: 'Response contains a forbidden phrase; Response content is too short (25 < 200)',
        contentLength: 25,
        model: 'test-model',
        callerId: undefined,
        requestId: 'req_1770643290022',
        totalProcessingTimeMs: 0
      }

      56 |         return;
      57 |     }
    > 58 |     originalConsoleWarn(...args);
         |     ^
      59 | };
      60 |
      61 | // Add additional Jest setup as needed 

      at console.warn (jest.setup.ts:58:5)
      at Logger.warn (src/utils/logger.ts:101:21)
      at StreamController.warn (src/core/streaming/StreamController.ts:359:29)
      at resume (src/core/streaming/StreamController.ts:6002:16)
      at fulfill (src/core/streaming/StreamController.ts:6023:5)

    console.warn
      [StreamController.outerRetryStream] Retrying stream after error {
        attempt: 1,
        nextAttempt: 2,
        error: 'Stream response content triggered retry due to unsatisfactory answer: Response contains a forbidden phrase; Response content is too short (25 < 200)',
        delayMs: 2,
        model: 'test-model',
        callerId: undefined,
        requestId: 'req_1770643290022',
        totalElapsedTimeMs: 1,
        errorType: 'Error'
      }

      56 |         return;
      57 |     }
    > 58 |     originalConsoleWarn(...args);
         |     ^
      59 | };
      60 |
      61 | // Add additional Jest setup as needed 

      at console.warn (jest.setup.ts:58:5)
      at Logger.warn (src/utils/logger.ts:101:21)
      at StreamController.warn (src/core/streaming/StreamController.ts:406:21)
      at resume (src/core/streaming/StreamController.ts:6002:16)
      at fulfill (src/core/streaming/StreamController.ts:6023:5)

    console.warn
      [StreamController.outerRetryStream] Triggering retry due to content {
        attempt: 2,
        reason: 'Response contains a forbidden phrase; Response content is too short (25 < 200)',
        contentLength: 25,
        model: 'test-model',
        callerId: undefined,
        requestId: 'req_1770643290022',
        totalProcessingTimeMs: 8
      }

      56 |         return;
      57 |     }
    > 58 |     originalConsoleWarn(...args);
         |     ^
      59 | };
      60 |
      61 | // Add additional Jest setup as needed 

      at console.warn (jest.setup.ts:58:5)
      at Logger.warn (src/utils/logger.ts:101:21)
      at StreamController.warn (src/core/streaming/StreamController.ts:359:29)
      at resume (src/core/streaming/StreamController.ts:6002:16)
      at fulfill (src/core/streaming/StreamController.ts:6023:5)

    console.warn
      [StreamController.outerRetryStream] Retrying stream after error {
        attempt: 2,
        nextAttempt: 3,
        error: 'Stream response content triggered retry due to unsatisfactory answer: Response contains a forbidden phrase; Response content is too short (25 < 200)',
        delayMs: 4,
        model: 'test-model',
        callerId: undefined,
        requestId: 'req_1770643290022',
        totalElapsedTimeMs: 9,
        errorType: 'Error'
      }

      56 |         return;
      57 |     }
    > 58 |     originalConsoleWarn(...args);
         |     ^
      59 | };
      60 |
      61 | // Add additional Jest setup as needed 

      at console.warn (jest.setup.ts:58:5)
      at Logger.warn (src/utils/logger.ts:101:21)
      at StreamController.warn (src/core/streaming/StreamController.ts:406:21)
      at resume (src/core/streaming/StreamController.ts:6002:16)
      at fulfill (src/core/streaming/StreamController.ts:6023:5)

    console.warn
      [StreamController.outerRetryStream] Triggering retry due to content {
        attempt: 1,
        reason: 'Response contains a forbidden phrase; Response content is too short (25 < 200)',
        contentLength: 25,
        model: 'test-model',
        callerId: undefined,
        requestId: 'req_1770643290044',
        totalProcessingTimeMs: 0
      }

      56 |         return;
      57 |     }
    > 58 |     originalConsoleWarn(...args);
         |     ^
      59 | };
      60 |
      61 | // Add additional Jest setup as needed 

      at console.warn (jest.setup.ts:58:5)
      at Logger.warn (src/utils/logger.ts:101:21)
      at StreamController.warn (src/core/streaming/StreamController.ts:359:29)
      at resume (src/core/streaming/StreamController.ts:6002:16)
      at fulfill (src/core/streaming/StreamController.ts:6023:5)

    console.warn
      [StreamController.outerRetryStream] Retrying stream after error {
        attempt: 1,
        nextAttempt: 2,
        error: 'Stream response content triggered retry due to unsatisfactory answer: Response contains a forbidden phrase; Response content is too short (25 < 200)',
        delayMs: 2,
        model: 'test-model',
        callerId: undefined,
        requestId: 'req_1770643290044',
        totalElapsedTimeMs: 0,
        errorType: 'Error'
      }

      56 |         return;
      57 |     }
    > 58 |     originalConsoleWarn(...args);
         |     ^
      59 | };
      60 |
      61 | // Add additional Jest setup as needed 

      at console.warn (jest.setup.ts:58:5)
      at Logger.warn (src/utils/logger.ts:101:21)
      at StreamController.warn (src/core/streaming/StreamController.ts:406:21)
      at resume (src/core/streaming/StreamController.ts:6002:16)
      at fulfill (src/core/streaming/StreamController.ts:6023:5)

    console.warn
      [StreamController.outerRetryStream] Triggering retry due to content {
        attempt: 2,
        reason: 'Response contains a forbidden phrase; Response content is too short (25 < 200)',
        contentLength: 25,
        model: 'test-model',
        callerId: undefined,
        requestId: 'req_1770643290044',
        totalProcessingTimeMs: 4
      }

      56 |         return;
      57 |     }
    > 58 |     originalConsoleWarn(...args);
         |     ^
      59 | };
      60 |
      61 | // Add additional Jest setup as needed 

      at console.warn (jest.setup.ts:58:5)
      at Logger.warn (src/utils/logger.ts:101:21)
      at StreamController.warn (src/core/streaming/StreamController.ts:359:29)
      at resume (src/core/streaming/StreamController.ts:6002:16)
      at fulfill (src/core/streaming/StreamController.ts:6023:5)

    console.warn
      [StreamController.outerRetryStream] Retrying stream after error {
        attempt: 2,
        nextAttempt: 3,
        error: 'Stream response content triggered retry due to unsatisfactory answer: Response contains a forbidden phrase; Response content is too short (25 < 200)',
        delayMs: 4,
        model: 'test-model',
        callerId: undefined,
        requestId: 'req_1770643290044',
        totalElapsedTimeMs: 4,
        errorType: 'Error'
      }

      56 |         return;
      57 |     }
    > 58 |     originalConsoleWarn(...args);
         |     ^
      59 | };
      60 |
      61 | // Add additional Jest setup as needed 

      at console.warn (jest.setup.ts:58:5)
      at Logger.warn (src/utils/logger.ts:101:21)
      at StreamController.warn (src/core/streaming/StreamController.ts:406:21)
      at resume (src/core/streaming/StreamController.ts:6002:16)
      at fulfill (src/core/streaming/StreamController.ts:6023:5)

    console.warn
      [StreamController.outerRetryStream] Triggering retry due to content {
        attempt: 3,
        reason: 'Response contains a forbidden phrase; Response content is too short (25 < 200)',
        contentLength: 25,
        model: 'test-model',
        callerId: undefined,
        requestId: 'req_1770643290044',
        totalProcessingTimeMs: 10
      }

      56 |         return;
      57 |     }
    > 58 |     originalConsoleWarn(...args);
         |     ^
      59 | };
      60 |
      61 | // Add additional Jest setup as needed 

      at console.warn (jest.setup.ts:58:5)
      at Logger.warn (src/utils/logger.ts:101:21)
      at StreamController.warn (src/core/streaming/StreamController.ts:359:29)
      at resume (src/core/streaming/StreamController.ts:6002:16)
      at fulfill (src/core/streaming/StreamController.ts:6023:5)

    console.error
      [StreamController.outerRetryStream] All retry attempts failed {
        maxRetries: 2,
        totalAttempts: 3,
        model: 'test-model',
        callerId: undefined,
        requestId: 'req_1770643290044',
        lastError: 'Stream response content triggered retry due to unsatisfactory answer: Response contains a forbidden phrase; Response content is too short (25 < 200)',
        totalTimeMs: 10,
        failureCategory: 'Error'
      }

      43 |         return;
      44 |     }
    > 45 |     originalConsoleError(...args);
         |     ^
      46 | };
      47 |
      48 | // Silence TypeScript 'never' warnings in mocks by muting console.warn

      at console.error (jest.setup.ts:45:5)
      at Logger.error (src/utils/logger.ts:107:21)
      at StreamController.error (src/core/streaming/StreamController.ts:386:25)
      at resume (src/core/streaming/StreamController.ts:6002:16)
      at fulfill (src/core/streaming/StreamController.ts:6023:5)

    console.error
      [StreamController.getStream] Provider stream creation failed {
        error: 'Provider stream error',
        provider: 'Object',
        model: 'test-model',
        requestId: 'req_1770643290058',
        timeToFailMs: 0
      }

      43 |         return;
      44 |     }
    > 45 |     originalConsoleError(...args);
         |     ^
      46 | };
      47 |
      48 | // Silence TypeScript 'never' warnings in mocks by muting console.warn

      at console.error (jest.setup.ts:45:5)
      at Logger.error (src/utils/logger.ts:107:21)
      at StreamController.error (src/core/streaming/StreamController.ts:127:21)
          at Generator.throw (<anonymous>)
      at rejected (src/core/streaming/StreamController.ts:5726:32)

    console.error
      [StreamController.acquireStream] Error acquiring stream {
        error: 'Provider stream error',
        model: 'test-model',
        callerId: undefined,
        requestId: 'req_1770643290058',
        totalTimeMs: 1
      }

      43 |         return;
      44 |     }
    > 45 |     originalConsoleError(...args);
         |     ^
      46 | };
      47 |
      48 | // Silence TypeScript 'never' warnings in mocks by muting console.warn

      at console.error (jest.setup.ts:45:5)
      at Logger.error (src/utils/logger.ts:107:21)
      at StreamController.error (src/core/streaming/StreamController.ts:234:24)
          at Generator.throw (<anonymous>)
      at rejected (src/core/streaming/StreamController.ts:5726:32)

    console.warn
      [StreamController.outerRetryStream] Retrying stream after error {
        attempt: 1,
        nextAttempt: 2,
        error: 'Provider stream error',
        delayMs: 2,
        model: 'test-model',
        callerId: undefined,
        requestId: 'req_1770643290058',
        totalElapsedTimeMs: 1,
        errorType: 'Error'
      }

      56 |         return;
      57 |     }
    > 58 |     originalConsoleWarn(...args);
         |     ^
      59 | };
      60 |
      61 | // Add additional Jest setup as needed 

      at console.warn (jest.setup.ts:58:5)
      at Logger.warn (src/utils/logger.ts:101:21)
      at StreamController.warn (src/core/streaming/StreamController.ts:406:21)
          at Generator.throw (<anonymous>)
      at resume (src/core/streaming/StreamController.ts:6002:16)
      at reject (src/core/streaming/StreamController.ts:6029:5)

    console.error
      [StreamController.getStream] Provider stream creation failed {
        error: 'Provider stream error',
        provider: 'Object',
        model: 'test-model',
        requestId: 'req_1770643290058',
        timeToFailMs: 1
      }

      43 |         return;
      44 |     }
    > 45 |     originalConsoleError(...args);
         |     ^
      46 | };
      47 |
      48 | // Silence TypeScript 'never' warnings in mocks by muting console.warn

      at console.error (jest.setup.ts:45:5)
      at Logger.error (src/utils/logger.ts:107:21)
      at StreamController.error (src/core/streaming/StreamController.ts:127:21)
          at Generator.throw (<anonymous>)
      at rejected (src/core/streaming/StreamController.ts:5726:32)

    console.error
      [StreamController.acquireStream] Error acquiring stream {
        error: 'Provider stream error',
        model: 'test-model',
        callerId: undefined,
        requestId: 'req_1770643290058',
        totalTimeMs: 4
      }

      43 |         return;
      44 |     }
    > 45 |     originalConsoleError(...args);
         |     ^
      46 | };
      47 |
      48 | // Silence TypeScript 'never' warnings in mocks by muting console.warn

      at console.error (jest.setup.ts:45:5)
      at Logger.error (src/utils/logger.ts:107:21)
      at StreamController.error (src/core/streaming/StreamController.ts:234:24)
          at Generator.throw (<anonymous>)
      at rejected (src/core/streaming/StreamController.ts:5726:32)

    console.warn
      [StreamController.outerRetryStream] Retrying stream after error {
        attempt: 2,
        nextAttempt: 3,
        error: 'Provider stream error',
        delayMs: 4,
        model: 'test-model',
        callerId: undefined,
        requestId: 'req_1770643290058',
        totalElapsedTimeMs: 5,
        errorType: 'Error'
      }

      56 |         return;
      57 |     }
    > 58 |     originalConsoleWarn(...args);
         |     ^
      59 | };
      60 |
      61 | // Add additional Jest setup as needed 

      at console.warn (jest.setup.ts:58:5)
      at Logger.warn (src/utils/logger.ts:101:21)
      at StreamController.warn (src/core/streaming/StreamController.ts:406:21)
          at Generator.throw (<anonymous>)
      at resume (src/core/streaming/StreamController.ts:6002:16)
      at reject (src/core/streaming/StreamController.ts:6029:5)

    console.error
      [StreamController.getStream] Provider stream creation failed {
        error: 'Provider stream error',
        provider: 'Object',
        model: 'test-model',
        requestId: 'req_1770643290058',
        timeToFailMs: 0
      }

      43 |         return;
      44 |     }
    > 45 |     originalConsoleError(...args);
         |     ^
      46 | };
      47 |
      48 | // Silence TypeScript 'never' warnings in mocks by muting console.warn

      at console.error (jest.setup.ts:45:5)
      at Logger.error (src/utils/logger.ts:107:21)
      at StreamController.error (src/core/streaming/StreamController.ts:127:21)
          at Generator.throw (<anonymous>)
      at rejected (src/core/streaming/StreamController.ts:5726:32)

    console.error
      [StreamController.acquireStream] Error acquiring stream {
        error: 'Provider stream error',
        model: 'test-model',
        callerId: undefined,
        requestId: 'req_1770643290058',
        totalTimeMs: 14
      }

      43 |         return;
      44 |     }
    > 45 |     originalConsoleError(...args);
         |     ^
      46 | };
      47 |
      48 | // Silence TypeScript 'never' warnings in mocks by muting console.warn

      at console.error (jest.setup.ts:45:5)
      at Logger.error (src/utils/logger.ts:107:21)
      at StreamController.error (src/core/streaming/StreamController.ts:234:24)
          at Generator.throw (<anonymous>)
      at rejected (src/core/streaming/StreamController.ts:5726:32)

    console.warn
      [StreamController.outerRetryStream] Retrying stream after error {
        attempt: 3,
        nextAttempt: 4,
        error: 'Provider stream error',
        delayMs: 8,
        model: 'test-model',
        callerId: undefined,
        requestId: 'req_1770643290058',
        totalElapsedTimeMs: 20,
        errorType: 'Error'
      }

      56 |         return;
      57 |     }
    > 58 |     originalConsoleWarn(...args);
         |     ^
      59 | };
      60 |
      61 | // Add additional Jest setup as needed 

      at console.warn (jest.setup.ts:58:5)
      at Logger.warn (src/utils/logger.ts:101:21)
      at StreamController.warn (src/core/streaming/StreamController.ts:406:21)
          at Generator.throw (<anonymous>)
      at resume (src/core/streaming/StreamController.ts:6002:16)
      at reject (src/core/streaming/StreamController.ts:6029:5)

    console.error
      [StreamController.getStream] Provider stream creation failed {
        error: 'Provider stream error',
        provider: 'Object',
        model: 'test-model',
        requestId: 'req_1770643290058',
        timeToFailMs: 0
      }

      43 |         return;
      44 |     }
    > 45 |     originalConsoleError(...args);
         |     ^
      46 | };
      47 |
      48 | // Silence TypeScript 'never' warnings in mocks by muting console.warn

      at console.error (jest.setup.ts:45:5)
      at Logger.error (src/utils/logger.ts:107:21)
      at StreamController.error (src/core/streaming/StreamController.ts:127:21)
          at Generator.throw (<anonymous>)
      at rejected (src/core/streaming/StreamController.ts:5726:32)

    console.error
      [StreamController.acquireStream] Error acquiring stream {
        error: 'Provider stream error',
        model: 'test-model',
        callerId: undefined,
        requestId: 'req_1770643290058',
        totalTimeMs: 32
      }

      43 |         return;
      44 |     }
    > 45 |     originalConsoleError(...args);
         |     ^
      46 | };
      47 |
      48 | // Silence TypeScript 'never' warnings in mocks by muting console.warn

      at console.error (jest.setup.ts:45:5)
      at Logger.error (src/utils/logger.ts:107:21)
      at StreamController.error (src/core/streaming/StreamController.ts:234:24)
          at Generator.throw (<anonymous>)
      at rejected (src/core/streaming/StreamController.ts:5726:32)

    console.error
      [StreamController.outerRetryStream] All retry attempts failed {
        maxRetries: 3,
        totalAttempts: 4,
        model: 'test-model',
        callerId: undefined,
        requestId: 'req_1770643290058',
        lastError: 'Provider stream error',
        totalTimeMs: 34,
        failureCategory: 'Error'
      }

      43 |         return;
      44 |     }
    > 45 |     originalConsoleError(...args);
         |     ^
      46 | };
      47 |
      48 | // Silence TypeScript 'never' warnings in mocks by muting console.warn

      at console.error (jest.setup.ts:45:5)
      at Logger.error (src/utils/logger.ts:107:21)
      at StreamController.error (src/core/streaming/StreamController.ts:386:25)
          at Generator.throw (<anonymous>)
      at resume (src/core/streaming/StreamController.ts:6002:16)
      at reject (src/core/streaming/StreamController.ts:6029:5)

    console.error
      [StreamController.acquireStream] Error acquiring stream {
        error: 'Test error',
        model: 'test-model',
        callerId: undefined,
        requestId: 'req_1770643290093',
        totalTimeMs: 0
      }

      43 |         return;
      44 |     }
    > 45 |     originalConsoleError(...args);
         |     ^
      46 | };
      47 |
      48 | // Silence TypeScript 'never' warnings in mocks by muting console.warn

      at console.error (jest.setup.ts:45:5)
      at Logger.error (src/utils/logger.ts:107:21)
      at StreamController.error (src/core/streaming/StreamController.ts:234:24)
          at Generator.throw (<anonymous>)
      at rejected (src/core/streaming/StreamController.ts:5726:32)

    console.warn
      [StreamController.outerRetryStream] Retrying stream after error {
        attempt: 1,
        nextAttempt: 2,
        error: 'Test error',
        delayMs: 2,
        model: 'test-model',
        callerId: undefined,
        requestId: 'req_1770643290093',
        totalElapsedTimeMs: 0,
        errorType: 'Error'
      }

      56 |         return;
      57 |     }
    > 58 |     originalConsoleWarn(...args);
         |     ^
      59 | };
      60 |
      61 | // Add additional Jest setup as needed 

      at console.warn (jest.setup.ts:58:5)
      at Logger.warn (src/utils/logger.ts:101:21)
      at StreamController.warn (src/core/streaming/StreamController.ts:406:21)
          at Generator.throw (<anonymous>)
      at resume (src/core/streaming/StreamController.ts:6002:16)
      at reject (src/core/streaming/StreamController.ts:6029:5)

    console.error
      [StreamController.acquireStream] Error acquiring stream {
        error: 'Test error',
        model: 'test-model',
        callerId: undefined,
        requestId: 'req_1770643290093',
        totalTimeMs: 9
      }

      43 |         return;
      44 |     }
    > 45 |     originalConsoleError(...args);
         |     ^
      46 | };
      47 |
      48 | // Silence TypeScript 'never' warnings in mocks by muting console.warn

      at console.error (jest.setup.ts:45:5)
      at Logger.error (src/utils/logger.ts:107:21)
      at StreamController.error (src/core/streaming/StreamController.ts:234:24)
          at Generator.throw (<anonymous>)
      at rejected (src/core/streaming/StreamController.ts:5726:32)

    console.warn
      [StreamController.outerRetryStream] Retrying stream after error {
        attempt: 2,
        nextAttempt: 3,
        error: 'Test error',
        delayMs: 4,
        model: 'test-model',
        callerId: undefined,
        requestId: 'req_1770643290093',
        totalElapsedTimeMs: 9,
        errorType: 'Error'
      }

      56 |         return;
      57 |     }
    > 58 |     originalConsoleWarn(...args);
         |     ^
      59 | };
      60 |
      61 | // Add additional Jest setup as needed 

      at console.warn (jest.setup.ts:58:5)
      at Logger.warn (src/utils/logger.ts:101:21)
      at StreamController.warn (src/core/streaming/StreamController.ts:406:21)
          at Generator.throw (<anonymous>)
      at resume (src/core/streaming/StreamController.ts:6002:16)
      at reject (src/core/streaming/StreamController.ts:6029:5)

    console.error
      [StreamController.acquireStream] Error acquiring stream {
        error: 'Test error',
        model: 'test-model',
        callerId: undefined,
        requestId: 'req_1770643290093',
        totalTimeMs: 17
      }

      43 |         return;
      44 |     }
    > 45 |     originalConsoleError(...args);
         |     ^
      46 | };
      47 |
      48 | // Silence TypeScript 'never' warnings in mocks by muting console.warn

      at console.error (jest.setup.ts:45:5)
      at Logger.error (src/utils/logger.ts:107:21)
      at StreamController.error (src/core/streaming/StreamController.ts:234:24)
          at Generator.throw (<anonymous>)
      at rejected (src/core/streaming/StreamController.ts:5726:32)

    console.warn
      [StreamController.outerRetryStream] Retrying stream after error {
        attempt: 3,
        nextAttempt: 4,
        error: 'Test error',
        delayMs: 8,
        model: 'test-model',
        callerId: undefined,
        requestId: 'req_1770643290093',
        totalElapsedTimeMs: 20,
        errorType: 'Error'
      }

      56 |         return;
      57 |     }
    > 58 |     originalConsoleWarn(...args);
         |     ^
      59 | };
      60 |
      61 | // Add additional Jest setup as needed 

      at console.warn (jest.setup.ts:58:5)
      at Logger.warn (src/utils/logger.ts:101:21)
      at StreamController.warn (src/core/streaming/StreamController.ts:406:21)
          at Generator.throw (<anonymous>)
      at resume (src/core/streaming/StreamController.ts:6002:16)
      at reject (src/core/streaming/StreamController.ts:6029:5)

    console.error
      [StreamController.acquireStream] Error acquiring stream {
        error: 'Test error',
        model: 'test-model',
        callerId: undefined,
        requestId: 'req_1770643290093',
        totalTimeMs: 99
      }

      43 |         return;
      44 |     }
    > 45 |     originalConsoleError(...args);
         |     ^
      46 | };
      47 |
      48 | // Silence TypeScript 'never' warnings in mocks by muting console.warn

      at console.error (jest.setup.ts:45:5)
      at Logger.error (src/utils/logger.ts:107:21)
      at StreamController.error (src/core/streaming/StreamController.ts:234:24)
          at Generator.throw (<anonymous>)
      at rejected (src/core/streaming/StreamController.ts:5726:32)

    console.warn
      [StreamController.outerRetryStream] Retrying stream after error {
        attempt: 4,
        nextAttempt: 5,
        error: 'Test error',
        delayMs: 16,
        model: 'test-model',
        callerId: undefined,
        requestId: 'req_1770643290093',
        totalElapsedTimeMs: 100,
        errorType: 'Error'
      }

      56 |         return;
      57 |     }
    > 58 |     originalConsoleWarn(...args);
         |     ^
      59 | };
      60 |
      61 | // Add additional Jest setup as needed 

      at console.warn (jest.setup.ts:58:5)
      at Logger.warn (src/utils/logger.ts:101:21)
      at StreamController.warn (src/core/streaming/StreamController.ts:406:21)
          at Generator.throw (<anonymous>)
      at resume (src/core/streaming/StreamController.ts:6002:16)
      at reject (src/core/streaming/StreamController.ts:6029:5)

    console.error
      [StreamController.acquireStream] Error acquiring stream {
        error: 'Test error',
        model: 'test-model',
        callerId: undefined,
        requestId: 'req_1770643290093',
        totalTimeMs: 120
      }

      43 |         return;
      44 |     }
    > 45 |     originalConsoleError(...args);
         |     ^
      46 | };
      47 |
      48 | // Silence TypeScript 'never' warnings in mocks by muting console.warn

      at console.error (jest.setup.ts:45:5)
      at Logger.error (src/utils/logger.ts:107:21)
      at StreamController.error (src/core/streaming/StreamController.ts:234:24)
          at Generator.throw (<anonymous>)
      at rejected (src/core/streaming/StreamController.ts:5726:32)

    console.warn
      [StreamController.outerRetryStream] Retrying stream after error {
        attempt: 5,
        nextAttempt: 6,
        error: 'Test error',
        delayMs: 32,
        model: 'test-model',
        callerId: undefined,
        requestId: 'req_1770643290093',
        totalElapsedTimeMs: 121,
        errorType: 'Error'
      }

      56 |         return;
      57 |     }
    > 58 |     originalConsoleWarn(...args);
         |     ^
      59 | };
      60 |
      61 | // Add additional Jest setup as needed 

      at console.warn (jest.setup.ts:58:5)
      at Logger.warn (src/utils/logger.ts:101:21)
      at StreamController.warn (src/core/streaming/StreamController.ts:406:21)
          at Generator.throw (<anonymous>)
      at resume (src/core/streaming/StreamController.ts:6002:16)
      at reject (src/core/streaming/StreamController.ts:6029:5)

    console.error
      [StreamController.acquireStream] Error acquiring stream {
        error: 'Test error',
        model: 'test-model',
        callerId: undefined,
        requestId: 'req_1770643290093',
        totalTimeMs: 158
      }

      43 |         return;
      44 |     }
    > 45 |     originalConsoleError(...args);
         |     ^
      46 | };
      47 |
      48 | // Silence TypeScript 'never' warnings in mocks by muting console.warn

      at console.error (jest.setup.ts:45:5)
      at Logger.error (src/utils/logger.ts:107:21)
      at StreamController.error (src/core/streaming/StreamController.ts:234:24)
          at Generator.throw (<anonymous>)
      at rejected (src/core/streaming/StreamController.ts:5726:32)

    console.error
      [StreamController.outerRetryStream] All retry attempts failed {
        maxRetries: 5,
        totalAttempts: 6,
        model: 'test-model',
        callerId: undefined,
        requestId: 'req_1770643290093',
        lastError: 'Test error',
        totalTimeMs: 159,
        failureCategory: 'Error'
      }

      43 |         return;
      44 |     }
    > 45 |     originalConsoleError(...args);
         |     ^
      46 | };
      47 |
      48 | // Silence TypeScript 'never' warnings in mocks by muting console.warn

      at console.error (jest.setup.ts:45:5)
      at Logger.error (src/utils/logger.ts:107:21)
      at StreamController.error (src/core/streaming/StreamController.ts:386:25)
          at Generator.throw (<anonymous>)
      at resume (src/core/streaming/StreamController.ts:6002:16)
      at reject (src/core/streaming/StreamController.ts:6029:5)

    console.error
      [StreamController.outerRetryStream] Error during stream iteration {
        error: "Cannot read properties of undefined (reading 'Symbol(Symbol.asyncIterator)')",
        attempt: 1,
        chunkCount: 0,
        model: 'test-model',
        callerId: undefined,
        requestId: 'req_1770643290253',
        streamDurationMs: 1,
        accumulatedContentLength: 0,
        totalToolCalls: 0
      }

      43 |         return;
      44 |     }
    > 45 |     originalConsoleError(...args);
         |     ^
      46 | };
      47 |
      48 | // Silence TypeScript 'never' warnings in mocks by muting console.warn

      at console.error (jest.setup.ts:45:5)
      at Logger.error (src/utils/logger.ts:107:21)
      at StreamController.error (src/core/streaming/StreamController.ts:317:25)
      at resume (src/core/streaming/StreamController.ts:6002:16)
      at fulfill (src/core/streaming/StreamController.ts:6023:5)

    console.warn
      [StreamController.outerRetryStream] Retrying stream after error {
        attempt: 1,
        nextAttempt: 2,
        error: "Cannot read properties of undefined (reading 'Symbol(Symbol.asyncIterator)')",
        delayMs: 2,
        model: 'test-model',
        callerId: undefined,
        requestId: 'req_1770643290253',
        totalElapsedTimeMs: 7,
        errorType: 'TypeError'
      }

      56 |         return;
      57 |     }
    > 58 |     originalConsoleWarn(...args);
         |     ^
      59 | };
      60 |
      61 | // Add additional Jest setup as needed 

      at console.warn (jest.setup.ts:58:5)
      at Logger.warn (src/utils/logger.ts:101:21)
      at StreamController.warn (src/core/streaming/StreamController.ts:406:21)
      at resume (src/core/streaming/StreamController.ts:6002:16)
      at fulfill (src/core/streaming/StreamController.ts:6023:5)

    console.error
      [StreamController.outerRetryStream] Error during stream iteration {
        error: "Cannot read properties of undefined (reading 'Symbol(Symbol.asyncIterator)')",
        attempt: 2,
        chunkCount: 0,
        model: 'test-model',
        callerId: undefined,
        requestId: 'req_1770643290253',
        streamDurationMs: 0,
        accumulatedContentLength: 0,
        totalToolCalls: 0
      }

      43 |         return;
      44 |     }
    > 45 |     originalConsoleError(...args);
         |     ^
      46 | };
      47 |
      48 | // Silence TypeScript 'never' warnings in mocks by muting console.warn

      at console.error (jest.setup.ts:45:5)
      at Logger.error (src/utils/logger.ts:107:21)
      at StreamController.error (src/core/streaming/StreamController.ts:317:25)
      at resume (src/core/streaming/StreamController.ts:6002:16)
      at fulfill (src/core/streaming/StreamController.ts:6023:5)

    console.warn
      [StreamController.outerRetryStream] Retrying stream after error {
        attempt: 2,
        nextAttempt: 3,
        error: "Cannot read properties of undefined (reading 'Symbol(Symbol.asyncIterator)')",
        delayMs: 4,
        model: 'test-model',
        callerId: undefined,
        requestId: 'req_1770643290253',
        totalElapsedTimeMs: 14,
        errorType: 'TypeError'
      }

      56 |         return;
      57 |     }
    > 58 |     originalConsoleWarn(...args);
         |     ^
      59 | };
      60 |
      61 | // Add additional Jest setup as needed 

      at console.warn (jest.setup.ts:58:5)
      at Logger.warn (src/utils/logger.ts:101:21)
      at StreamController.warn (src/core/streaming/StreamController.ts:406:21)
      at resume (src/core/streaming/StreamController.ts:6002:16)
      at fulfill (src/core/streaming/StreamController.ts:6023:5)

    console.error
      [StreamController.outerRetryStream] Error during stream iteration {
        error: "Cannot read properties of undefined (reading 'Symbol(Symbol.asyncIterator)')",
        attempt: 3,
        chunkCount: 0,
        model: 'test-model',
        callerId: undefined,
        requestId: 'req_1770643290253',
        streamDurationMs: 0,
        accumulatedContentLength: 0,
        totalToolCalls: 0
      }

      43 |         return;
      44 |     }
    > 45 |     originalConsoleError(...args);
         |     ^
      46 | };
      47 |
      48 | // Silence TypeScript 'never' warnings in mocks by muting console.warn

      at console.error (jest.setup.ts:45:5)
      at Logger.error (src/utils/logger.ts:107:21)
      at StreamController.error (src/core/streaming/StreamController.ts:317:25)
      at resume (src/core/streaming/StreamController.ts:6002:16)
      at fulfill (src/core/streaming/StreamController.ts:6023:5)

    console.warn
      [StreamController.outerRetryStream] Retrying stream after error {
        attempt: 3,
        nextAttempt: 4,
        error: "Cannot read properties of undefined (reading 'Symbol(Symbol.asyncIterator)')",
        delayMs: 8,
        model: 'test-model',
        callerId: undefined,
        requestId: 'req_1770643290253',
        totalElapsedTimeMs: 19,
        errorType: 'TypeError'
      }

      56 |         return;
      57 |     }
    > 58 |     originalConsoleWarn(...args);
         |     ^
      59 | };
      60 |
      61 | // Add additional Jest setup as needed 

      at console.warn (jest.setup.ts:58:5)
      at Logger.warn (src/utils/logger.ts:101:21)
      at StreamController.warn (src/core/streaming/StreamController.ts:406:21)
      at resume (src/core/streaming/StreamController.ts:6002:16)
      at fulfill (src/core/streaming/StreamController.ts:6023:5)

    console.error
      [StreamController.outerRetryStream] Error during stream iteration {
        error: "Cannot read properties of undefined (reading 'Symbol(Symbol.asyncIterator)')",
        attempt: 4,
        chunkCount: 0,
        model: 'test-model',
        callerId: undefined,
        requestId: 'req_1770643290253',
        streamDurationMs: 0,
        accumulatedContentLength: 0,
        totalToolCalls: 0
      }

      43 |         return;
      44 |     }
    > 45 |     originalConsoleError(...args);
         |     ^
      46 | };
      47 |
      48 | // Silence TypeScript 'never' warnings in mocks by muting console.warn

      at console.error (jest.setup.ts:45:5)
      at Logger.error (src/utils/logger.ts:107:21)
      at StreamController.error (src/core/streaming/StreamController.ts:317:25)
      at resume (src/core/streaming/StreamController.ts:6002:16)
      at fulfill (src/core/streaming/StreamController.ts:6023:5)

    console.error
      [StreamController.outerRetryStream] All retry attempts failed {
        maxRetries: 3,
        totalAttempts: 4,
        model: 'test-model',
        callerId: undefined,
        requestId: 'req_1770643290253',
        lastError: "Cannot read properties of undefined (reading 'Symbol(Symbol.asyncIterator)')",
        totalTimeMs: 33,
        failureCategory: 'TypeError'
      }

      43 |         return;
      44 |     }
    > 45 |     originalConsoleError(...args);
         |     ^
      46 | };
      47 |
      48 | // Silence TypeScript 'never' warnings in mocks by muting console.warn

      at console.error (jest.setup.ts:45:5)
      at Logger.error (src/utils/logger.ts:107:21)
      at StreamController.error (src/core/streaming/StreamController.ts:386:25)
      at resume (src/core/streaming/StreamController.ts:6002:16)
      at fulfill (src/core/streaming/StreamController.ts:6023:5)

    console.error
      [StreamController.acquireStream] Error acquiring stream {
        error: 'Custom error with class',
        model: 'test-model',
        callerId: undefined,
        requestId: 'req_1770643290290',
        totalTimeMs: 0
      }

      43 |         return;
      44 |     }
    > 45 |     originalConsoleError(...args);
         |     ^
      46 | };
      47 |
      48 | // Silence TypeScript 'never' warnings in mocks by muting console.warn

      at console.error (jest.setup.ts:45:5)
      at Logger.error (src/utils/logger.ts:107:21)
      at StreamController.error (src/core/streaming/StreamController.ts:234:24)
          at Generator.throw (<anonymous>)
      at rejected (src/core/streaming/StreamController.ts:5726:32)

    console.error
      [StreamController.acquireStream] Error acquiring stream {
        error: 'Custom error with class',
        model: 'test-model',
        callerId: undefined,
        requestId: 'req_1770643290290',
        totalTimeMs: 11
      }

      43 |         return;
      44 |     }
    > 45 |     originalConsoleError(...args);
         |     ^
      46 | };
      47 |
      48 | // Silence TypeScript 'never' warnings in mocks by muting console.warn

      at console.error (jest.setup.ts:45:5)
      at Logger.error (src/utils/logger.ts:107:21)
      at StreamController.error (src/core/streaming/StreamController.ts:234:24)
          at Generator.throw (<anonymous>)
      at rejected (src/core/streaming/StreamController.ts:5726:32)

    console.error
      [StreamController.acquireStream] Error acquiring stream {
        error: 'Custom error with class',
        model: 'test-model',
        callerId: undefined,
        requestId: 'req_1770643290290',
        totalTimeMs: 15
      }

      43 |         return;
      44 |     }
    > 45 |     originalConsoleError(...args);
         |     ^
      46 | };
      47 |
      48 | // Silence TypeScript 'never' warnings in mocks by muting console.warn

      at console.error (jest.setup.ts:45:5)
      at Logger.error (src/utils/logger.ts:107:21)
      at StreamController.error (src/core/streaming/StreamController.ts:234:24)
          at Generator.throw (<anonymous>)
      at rejected (src/core/streaming/StreamController.ts:5726:32)

    console.error
      [StreamController.acquireStream] Error acquiring stream {
        error: 'Custom error with class',
        model: 'test-model',
        callerId: undefined,
        requestId: 'req_1770643290290',
        totalTimeMs: 28
      }

      43 |         return;
      44 |     }
    > 45 |     originalConsoleError(...args);
         |     ^
      46 | };
      47 |
      48 | // Silence TypeScript 'never' warnings in mocks by muting console.warn

      at console.error (jest.setup.ts:45:5)
      at Logger.error (src/utils/logger.ts:107:21)
      at StreamController.error (src/core/streaming/StreamController.ts:234:24)
          at Generator.throw (<anonymous>)
      at rejected (src/core/streaming/StreamController.ts:5726:32)

    console.error
      [StreamController.outerRetryStream] All retry attempts failed {
        maxRetries: 3,
        totalAttempts: 4,
        model: 'test-model',
        callerId: undefined,
        requestId: 'req_1770643290290',
        lastError: 'Custom error with class',
        totalTimeMs: 29,
        failureCategory: 'CustomTestError'
      }

      43 |         return;
      44 |     }
    > 45 |     originalConsoleError(...args);
         |     ^
      46 | };
      47 |
      48 | // Silence TypeScript 'never' warnings in mocks by muting console.warn

      at console.error (jest.setup.ts:45:5)
      at Logger.error (src/utils/logger.ts:107:21)
      at StreamController.error (src/core/streaming/StreamController.ts:386:25)
          at Generator.throw (<anonymous>)
      at resume (src/core/streaming/StreamController.ts:6002:16)
      at reject (src/core/streaming/StreamController.ts:6029:5)

    console.error
      [StreamController.outerRetryStream] Error during stream iteration {
        error: 'This includes validation error message',
        attempt: 1,
        chunkCount: 0,
        model: 'test-model',
        callerId: undefined,
        requestId: 'req_1770643290322',
        streamDurationMs: 0,
        accumulatedContentLength: 0,
        totalToolCalls: 0
      }

      43 |         return;
      44 |     }
    > 45 |     originalConsoleError(...args);
         |     ^
      46 | };
      47 |
      48 | // Silence TypeScript 'never' warnings in mocks by muting console.warn

      at console.error (jest.setup.ts:45:5)
      at Logger.error (src/utils/logger.ts:107:21)
      at StreamController.error (src/core/streaming/StreamController.ts:317:25)
          at Generator.throw (<anonymous>)
      at resume (src/core/streaming/StreamController.ts:6002:16)
      at reject (src/core/streaming/StreamController.ts:6029:5)

    console.warn
      [StreamController.outerRetryStream] Validation error, not retrying {
        error: 'This includes validation error message',
        attempt: 1,
        requestId: 'req_1770643290322'
      }

      56 |         return;
      57 |     }
    > 58 |     originalConsoleWarn(...args);
         |     ^
      59 | };
      60 |
      61 | // Add additional Jest setup as needed 

      at console.warn (jest.setup.ts:58:5)
      at Logger.warn (src/utils/logger.ts:101:21)
      at StreamController.warn (src/core/streaming/StreamController.ts:331:29)
          at Generator.throw (<anonymous>)
      at resume (src/core/streaming/StreamController.ts:6002:16)
      at reject (src/core/streaming/StreamController.ts:6029:5)

    console.error
      [StreamController.acquireStream] Error acquiring stream {
        error: 'Unknown error',
        model: 'test-model',
        callerId: undefined,
        requestId: 'req_1770643290330',
        totalTimeMs: 0
      }

      43 |         return;
      44 |     }
    > 45 |     originalConsoleError(...args);
         |     ^
      46 | };
      47 |
      48 | // Silence TypeScript 'never' warnings in mocks by muting console.warn

      at console.error (jest.setup.ts:45:5)
      at Logger.error (src/utils/logger.ts:107:21)
      at StreamController.error (src/core/streaming/StreamController.ts:234:24)
          at Generator.throw (<anonymous>)
      at rejected (src/core/streaming/StreamController.ts:5726:32)

    console.warn
      [StreamController.outerRetryStream] Retrying stream after error {
        attempt: 1,
        nextAttempt: 2,
        error: 'Unknown error',
        delayMs: 2,
        model: 'test-model',
        callerId: undefined,
        requestId: 'req_1770643290330',
        totalElapsedTimeMs: 0,
        errorType: 'Unknown'
      }

      56 |         return;
      57 |     }
    > 58 |     originalConsoleWarn(...args);
         |     ^
      59 | };
      60 |
      61 | // Add additional Jest setup as needed 

      at console.warn (jest.setup.ts:58:5)
      at Logger.warn (src/utils/logger.ts:101:21)
      at StreamController.warn (src/core/streaming/StreamController.ts:406:21)
          at Generator.throw (<anonymous>)
      at resume (src/core/streaming/StreamController.ts:6002:16)
      at reject (src/core/streaming/StreamController.ts:6029:5)

    console.error
      [StreamController.acquireStream] Error acquiring stream {
        error: 'Unknown error',
        model: 'test-model',
        callerId: undefined,
        requestId: 'req_1770643290330',
        totalTimeMs: 4
      }

      43 |         return;
      44 |     }
    > 45 |     originalConsoleError(...args);
         |     ^
      46 | };
      47 |
      48 | // Silence TypeScript 'never' warnings in mocks by muting console.warn

      at console.error (jest.setup.ts:45:5)
      at Logger.error (src/utils/logger.ts:107:21)
      at StreamController.error (src/core/streaming/StreamController.ts:234:24)
          at Generator.throw (<anonymous>)
      at rejected (src/core/streaming/StreamController.ts:5726:32)

    console.warn
      [StreamController.outerRetryStream] Retrying stream after error {
        attempt: 2,
        nextAttempt: 3,
        error: 'Unknown error',
        delayMs: 4,
        model: 'test-model',
        callerId: undefined,
        requestId: 'req_1770643290330',
        totalElapsedTimeMs: 5,
        errorType: 'Unknown'
      }

      56 |         return;
      57 |     }
    > 58 |     originalConsoleWarn(...args);
         |     ^
      59 | };
      60 |
      61 | // Add additional Jest setup as needed 

      at console.warn (jest.setup.ts:58:5)
      at Logger.warn (src/utils/logger.ts:101:21)
      at StreamController.warn (src/core/streaming/StreamController.ts:406:21)
          at Generator.throw (<anonymous>)
      at resume (src/core/streaming/StreamController.ts:6002:16)
      at reject (src/core/streaming/StreamController.ts:6029:5)

    console.error
      [StreamController.acquireStream] Error acquiring stream {
        error: 'Unknown error',
        model: 'test-model',
        callerId: undefined,
        requestId: 'req_1770643290330',
        totalTimeMs: 13
      }

      43 |         return;
      44 |     }
    > 45 |     originalConsoleError(...args);
         |     ^
      46 | };
      47 |
      48 | // Silence TypeScript 'never' warnings in mocks by muting console.warn

      at console.error (jest.setup.ts:45:5)
      at Logger.error (src/utils/logger.ts:107:21)
      at StreamController.error (src/core/streaming/StreamController.ts:234:24)
          at Generator.throw (<anonymous>)
      at rejected (src/core/streaming/StreamController.ts:5726:32)

    console.warn
      [StreamController.outerRetryStream] Retrying stream after error {
        attempt: 3,
        nextAttempt: 4,
        error: 'Unknown error',
        delayMs: 8,
        model: 'test-model',
        callerId: undefined,
        requestId: 'req_1770643290330',
        totalElapsedTimeMs: 15,
        errorType: 'Unknown'
      }

      56 |         return;
      57 |     }
    > 58 |     originalConsoleWarn(...args);
         |     ^
      59 | };
      60 |
      61 | // Add additional Jest setup as needed 

      at console.warn (jest.setup.ts:58:5)
      at Logger.warn (src/utils/logger.ts:101:21)
      at StreamController.warn (src/core/streaming/StreamController.ts:406:21)
          at Generator.throw (<anonymous>)
      at resume (src/core/streaming/StreamController.ts:6002:16)
      at reject (src/core/streaming/StreamController.ts:6029:5)

    console.error
      [StreamController.acquireStream] Error acquiring stream {
        error: 'Unknown error',
        model: 'test-model',
        callerId: undefined,
        requestId: 'req_1770643290330',
        totalTimeMs: 29
      }

      43 |         return;
      44 |     }
    > 45 |     originalConsoleError(...args);
         |     ^
      46 | };
      47 |
      48 | // Silence TypeScript 'never' warnings in mocks by muting console.warn

      at console.error (jest.setup.ts:45:5)
      at Logger.error (src/utils/logger.ts:107:21)
      at StreamController.error (src/core/streaming/StreamController.ts:234:24)
          at Generator.throw (<anonymous>)
      at rejected (src/core/streaming/StreamController.ts:5726:32)

    console.error
      [StreamController.outerRetryStream] All retry attempts failed {
        maxRetries: 3,
        totalAttempts: 4,
        model: 'test-model',
        callerId: undefined,
        requestId: 'req_1770643290330',
        lastError: 'Custom error object',
        totalTimeMs: 29,
        failureCategory: 'Unknown'
      }

      43 |         return;
      44 |     }
    > 45 |     originalConsoleError(...args);
         |     ^
      46 | };
      47 |
      48 | // Silence TypeScript 'never' warnings in mocks by muting console.warn

      at console.error (jest.setup.ts:45:5)
      at Logger.error (src/utils/logger.ts:107:21)
      at StreamController.error (src/core/streaming/StreamController.ts:386:25)
          at Generator.throw (<anonymous>)
      at resume (src/core/streaming/StreamController.ts:6002:16)
      at reject (src/core/streaming/StreamController.ts:6029:5)

    console.error
      [StreamController.acquireStream] Error acquiring stream {
        error: 'Unknown error',
        model: 'test-model',
        callerId: undefined,
        requestId: 'req_1770643290361',
        totalTimeMs: 0
      }

      43 |         return;
      44 |     }
    > 45 |     originalConsoleError(...args);
         |     ^
      46 | };
      47 |
      48 | // Silence TypeScript 'never' warnings in mocks by muting console.warn

      at console.error (jest.setup.ts:45:5)
      at Logger.error (src/utils/logger.ts:107:21)
      at StreamController.error (src/core/streaming/StreamController.ts:234:24)
          at Generator.throw (<anonymous>)
      at rejected (src/core/streaming/StreamController.ts:5726:32)

    console.error
      [StreamController.acquireStream] Error acquiring stream {
        error: 'Unknown error',
        model: 'test-model',
        callerId: undefined,
        requestId: 'req_1770643290361',
        totalTimeMs: 3
      }

      43 |         return;
      44 |     }
    > 45 |     originalConsoleError(...args);
         |     ^
      46 | };
      47 |
      48 | // Silence TypeScript 'never' warnings in mocks by muting console.warn

      at console.error (jest.setup.ts:45:5)
      at Logger.error (src/utils/logger.ts:107:21)
      at StreamController.error (src/core/streaming/StreamController.ts:234:24)
          at Generator.throw (<anonymous>)
      at rejected (src/core/streaming/StreamController.ts:5726:32)

    console.error
      [StreamController.acquireStream] Error acquiring stream {
        error: 'Unknown error',
        model: 'test-model',
        callerId: undefined,
        requestId: 'req_1770643290361',
        totalTimeMs: 8
      }

      43 |         return;
      44 |     }
    > 45 |     originalConsoleError(...args);
         |     ^
      46 | };
      47 |
      48 | // Silence TypeScript 'never' warnings in mocks by muting console.warn

      at console.error (jest.setup.ts:45:5)
      at Logger.error (src/utils/logger.ts:107:21)
      at StreamController.error (src/core/streaming/StreamController.ts:234:24)
          at Generator.throw (<anonymous>)
      at rejected (src/core/streaming/StreamController.ts:5726:32)

    console.error
      [StreamController.acquireStream] Error acquiring stream {
        error: 'Unknown error',
        model: 'test-model',
        callerId: undefined,
        requestId: 'req_1770643290361',
        totalTimeMs: 17
      }

      43 |         return;
      44 |     }
    > 45 |     originalConsoleError(...args);
         |     ^
      46 | };
      47 |
      48 | // Silence TypeScript 'never' warnings in mocks by muting console.warn

      at console.error (jest.setup.ts:45:5)
      at Logger.error (src/utils/logger.ts:107:21)
      at StreamController.error (src/core/streaming/StreamController.ts:234:24)
          at Generator.throw (<anonymous>)
      at rejected (src/core/streaming/StreamController.ts:5726:32)

    console.error
      [StreamController.outerRetryStream] Error during stream iteration {
        error: 'validation error',
        attempt: 1,
        chunkCount: 0,
        model: 'test-model',
        callerId: undefined,
        requestId: 'req_1770643290381',
        streamDurationMs: 1,
        accumulatedContentLength: 0,
        totalToolCalls: 0
      }

      43 |         return;
      44 |     }
    > 45 |     originalConsoleError(...args);
         |     ^
      46 | };
      47 |
      48 | // Silence TypeScript 'never' warnings in mocks by muting console.warn

      at console.error (jest.setup.ts:45:5)
      at Logger.error (src/utils/logger.ts:107:21)
      at StreamController.error (src/core/streaming/StreamController.ts:317:25)
          at Generator.throw (<anonymous>)
      at resume (src/core/streaming/StreamController.ts:6002:16)
      at reject (src/core/streaming/StreamController.ts:6029:5)

    console.warn
      [StreamController.outerRetryStream] Validation error, not retrying {
        error: 'validation error',
        attempt: 1,
        requestId: 'req_1770643290381'
      }

      56 |         return;
      57 |     }
    > 58 |     originalConsoleWarn(...args);
         |     ^
      59 | };
      60 |
      61 | // Add additional Jest setup as needed 

      at console.warn (jest.setup.ts:58:5)
      at Logger.warn (src/utils/logger.ts:101:21)
      at StreamController.warn (src/core/streaming/StreamController.ts:331:29)
          at Generator.throw (<anonymous>)
      at resume (src/core/streaming/StreamController.ts:6002:16)
      at reject (src/core/streaming/StreamController.ts:6029:5)

    console.error
      [StreamController.acquireStream] Error acquiring stream {
        error: 'Test error',
        model: 'test-model',
        callerId: undefined,
        requestId: 'req_1770643290385',
        totalTimeMs: 0
      }

      43 |         return;
      44 |     }
    > 45 |     originalConsoleError(...args);
         |     ^
      46 | };
      47 |
      48 | // Silence TypeScript 'never' warnings in mocks by muting console.warn

      at console.error (jest.setup.ts:45:5)
      at Logger.error (src/utils/logger.ts:107:21)
      at StreamController.error (src/core/streaming/StreamController.ts:234:24)
          at Generator.throw (<anonymous>)
      at rejected (src/core/streaming/StreamController.ts:5726:32)

    console.warn
      [StreamController.outerRetryStream] Retrying stream after error {
        attempt: 1,
        nextAttempt: 2,
        error: 'Test error',
        delayMs: 2,
        model: 'test-model',
        callerId: undefined,
        requestId: 'req_1770643290385',
        totalElapsedTimeMs: 0,
        errorType: 'Error'
      }

      56 |         return;
      57 |     }
    > 58 |     originalConsoleWarn(...args);
         |     ^
      59 | };
      60 |
      61 | // Add additional Jest setup as needed 

      at console.warn (jest.setup.ts:58:5)
      at Logger.warn (src/utils/logger.ts:101:21)
      at StreamController.warn (src/core/streaming/StreamController.ts:406:21)
          at Generator.throw (<anonymous>)
      at resume (src/core/streaming/StreamController.ts:6002:16)
      at reject (src/core/streaming/StreamController.ts:6029:5)

    console.error
      [StreamController.acquireStream] Error acquiring stream {
        error: 'Test error',
        model: 'test-model',
        callerId: undefined,
        requestId: 'req_1770643290385',
        totalTimeMs: 3
      }

      43 |         return;
      44 |     }
    > 45 |     originalConsoleError(...args);
         |     ^
      46 | };
      47 |
      48 | // Silence TypeScript 'never' warnings in mocks by muting console.warn

      at console.error (jest.setup.ts:45:5)
      at Logger.error (src/utils/logger.ts:107:21)
      at StreamController.error (src/core/streaming/StreamController.ts:234:24)
          at Generator.throw (<anonymous>)
      at rejected (src/core/streaming/StreamController.ts:5726:32)

    console.warn
      [StreamController.outerRetryStream] Retrying stream after error {
        attempt: 2,
        nextAttempt: 3,
        error: 'Test error',
        delayMs: 4,
        model: 'test-model',
        callerId: undefined,
        requestId: 'req_1770643290385',
        totalElapsedTimeMs: 4,
        errorType: 'Error'
      }

      56 |         return;
      57 |     }
    > 58 |     originalConsoleWarn(...args);
         |     ^
      59 | };
      60 |
      61 | // Add additional Jest setup as needed 

      at console.warn (jest.setup.ts:58:5)
      at Logger.warn (src/utils/logger.ts:101:21)
      at StreamController.warn (src/core/streaming/StreamController.ts:406:21)
          at Generator.throw (<anonymous>)
      at resume (src/core/streaming/StreamController.ts:6002:16)
      at reject (src/core/streaming/StreamController.ts:6029:5)

    console.error
      [StreamController.acquireStream] Error acquiring stream {
        error: 'Test error',
        model: 'test-model',
        callerId: undefined,
        requestId: 'req_1770643290385',
        totalTimeMs: 9
      }

      43 |         return;
      44 |     }
    > 45 |     originalConsoleError(...args);
         |     ^
      46 | };
      47 |
      48 | // Silence TypeScript 'never' warnings in mocks by muting console.warn

      at console.error (jest.setup.ts:45:5)
      at Logger.error (src/utils/logger.ts:107:21)
      at StreamController.error (src/core/streaming/StreamController.ts:234:24)
          at Generator.throw (<anonymous>)
      at rejected (src/core/streaming/StreamController.ts:5726:32)

    console.warn
      [StreamController.outerRetryStream] Retrying stream after error {
        attempt: 3,
        nextAttempt: 4,
        error: 'Test error',
        delayMs: 8,
        model: 'test-model',
        callerId: undefined,
        requestId: 'req_1770643290385',
        totalElapsedTimeMs: 9,
        errorType: 'Error'
      }

      56 |         return;
      57 |     }
    > 58 |     originalConsoleWarn(...args);
         |     ^
      59 | };
      60 |
      61 | // Add additional Jest setup as needed 

      at console.warn (jest.setup.ts:58:5)
      at Logger.warn (src/utils/logger.ts:101:21)
      at StreamController.warn (src/core/streaming/StreamController.ts:406:21)
          at Generator.throw (<anonymous>)
      at resume (src/core/streaming/StreamController.ts:6002:16)
      at reject (src/core/streaming/StreamController.ts:6029:5)

    console.error
      [StreamController.acquireStream] Error acquiring stream {
        error: 'Test error',
        model: 'test-model',
        callerId: undefined,
        requestId: 'req_1770643290385',
        totalTimeMs: 20
      }

      43 |         return;
      44 |     }
    > 45 |     originalConsoleError(...args);
         |     ^
      46 | };
      47 |
      48 | // Silence TypeScript 'never' warnings in mocks by muting console.warn

      at console.error (jest.setup.ts:45:5)
      at Logger.error (src/utils/logger.ts:107:21)
      at StreamController.error (src/core/streaming/StreamController.ts:234:24)
          at Generator.throw (<anonymous>)
      at rejected (src/core/streaming/StreamController.ts:5726:32)

    console.error
      [StreamController.outerRetryStream] All retry attempts failed {
        maxRetries: 3,
        totalAttempts: 4,
        model: 'test-model',
        callerId: undefined,
        requestId: 'req_1770643290385',
        lastError: 'Test error',
        totalTimeMs: 28,
        failureCategory: 'Error'
      }

      43 |         return;
      44 |     }
    > 45 |     originalConsoleError(...args);
         |     ^
      46 | };
      47 |
      48 | // Silence TypeScript 'never' warnings in mocks by muting console.warn

      at console.error (jest.setup.ts:45:5)
      at Logger.error (src/utils/logger.ts:107:21)
      at StreamController.error (src/core/streaming/StreamController.ts:386:25)
          at Generator.throw (<anonymous>)
      at resume (src/core/streaming/StreamController.ts:6002:16)
      at reject (src/core/streaming/StreamController.ts:6029:5)

    console.error
      [StreamController.getStream] Error in stream handler processing {
        error: 'Unknown error',
        processingTimeMs: 0,
        model: 'test-model',
        requestId: 'req_1770643290415'
      }

      43 |         return;
      44 |     }
    > 45 |     originalConsoleError(...args);
         |     ^
      46 | };
      47 |
      48 | // Silence TypeScript 'never' warnings in mocks by muting console.warn

      at console.error (jest.setup.ts:45:5)
      at Logger.error (src/utils/logger.ts:107:21)
      at StreamController.error (src/core/streaming/StreamController.ts:171:21)
      at fulfilled (src/core/streaming/StreamController.ts:5712:24)

    console.error
      [StreamController.acquireStream] Error acquiring stream {
        error: 'Unknown error',
        model: 'test-model',
        callerId: undefined,
        requestId: 'req_1770643290415',
        totalTimeMs: 1
      }

      43 |         return;
      44 |     }
    > 45 |     originalConsoleError(...args);
         |     ^
      46 | };
      47 |
      48 | // Silence TypeScript 'never' warnings in mocks by muting console.warn

      at console.error (jest.setup.ts:45:5)
      at Logger.error (src/utils/logger.ts:107:21)
      at StreamController.error (src/core/streaming/StreamController.ts:234:24)
          at Generator.throw (<anonymous>)
      at rejected (src/core/streaming/StreamController.ts:5726:32)

    console.warn
      [StreamController.outerRetryStream] Retrying stream after error {
        attempt: 1,
        nextAttempt: 2,
        error: 'Unknown error',
        delayMs: 2,
        model: 'test-model',
        callerId: undefined,
        requestId: 'req_1770643290415',
        totalElapsedTimeMs: 3,
        errorType: 'Unknown'
      }

      56 |         return;
      57 |     }
    > 58 |     originalConsoleWarn(...args);
         |     ^
      59 | };
      60 |
      61 | // Add additional Jest setup as needed 

      at console.warn (jest.setup.ts:58:5)
      at Logger.warn (src/utils/logger.ts:101:21)
      at StreamController.warn (src/core/streaming/StreamController.ts:406:21)
          at Generator.throw (<anonymous>)
      at resume (src/core/streaming/StreamController.ts:6002:16)
      at reject (src/core/streaming/StreamController.ts:6029:5)

    console.error
      [StreamController.getStream] Error in stream handler processing {
        error: 'Unknown error',
        processingTimeMs: 0,
        model: 'test-model',
        requestId: 'req_1770643290415'
      }

      43 |         return;
      44 |     }
    > 45 |     originalConsoleError(...args);
         |     ^
      46 | };
      47 |
      48 | // Silence TypeScript 'never' warnings in mocks by muting console.warn

      at console.error (jest.setup.ts:45:5)
      at Logger.error (src/utils/logger.ts:107:21)
      at StreamController.error (src/core/streaming/StreamController.ts:171:21)
      at fulfilled (src/core/streaming/StreamController.ts:5712:24)

    console.error
      [StreamController.acquireStream] Error acquiring stream {
        error: 'Unknown error',
        model: 'test-model',
        callerId: undefined,
        requestId: 'req_1770643290415',
        totalTimeMs: 27
      }

      43 |         return;
      44 |     }
    > 45 |     originalConsoleError(...args);
         |     ^
      46 | };
      47 |
      48 | // Silence TypeScript 'never' warnings in mocks by muting console.warn

      at console.error (jest.setup.ts:45:5)
      at Logger.error (src/utils/logger.ts:107:21)
      at StreamController.error (src/core/streaming/StreamController.ts:234:24)
          at Generator.throw (<anonymous>)
      at rejected (src/core/streaming/StreamController.ts:5726:32)

    console.warn
      [StreamController.outerRetryStream] Retrying stream after error {
        attempt: 2,
        nextAttempt: 3,
        error: 'Unknown error',
        delayMs: 4,
        model: 'test-model',
        callerId: undefined,
        requestId: 'req_1770643290415',
        totalElapsedTimeMs: 29,
        errorType: 'Unknown'
      }

      56 |         return;
      57 |     }
    > 58 |     originalConsoleWarn(...args);
         |     ^
      59 | };
      60 |
      61 | // Add additional Jest setup as needed 

      at console.warn (jest.setup.ts:58:5)
      at Logger.warn (src/utils/logger.ts:101:21)
      at StreamController.warn (src/core/streaming/StreamController.ts:406:21)
          at Generator.throw (<anonymous>)
      at resume (src/core/streaming/StreamController.ts:6002:16)
      at reject (src/core/streaming/StreamController.ts:6029:5)

    console.error
      [StreamController.getStream] Error in stream handler processing {
        error: 'Unknown error',
        processingTimeMs: 0,
        model: 'test-model',
        requestId: 'req_1770643290415'
      }

      43 |         return;
      44 |     }
    > 45 |     originalConsoleError(...args);
         |     ^
      46 | };
      47 |
      48 | // Silence TypeScript 'never' warnings in mocks by muting console.warn

      at console.error (jest.setup.ts:45:5)
      at Logger.error (src/utils/logger.ts:107:21)
      at StreamController.error (src/core/streaming/StreamController.ts:171:21)
      at fulfilled (src/core/streaming/StreamController.ts:5712:24)

    console.error
      [StreamController.acquireStream] Error acquiring stream {
        error: 'Unknown error',
        model: 'test-model',
        callerId: undefined,
        requestId: 'req_1770643290415',
        totalTimeMs: 39
      }

      43 |         return;
      44 |     }
    > 45 |     originalConsoleError(...args);
         |     ^
      46 | };
      47 |
      48 | // Silence TypeScript 'never' warnings in mocks by muting console.warn

      at console.error (jest.setup.ts:45:5)
      at Logger.error (src/utils/logger.ts:107:21)
      at StreamController.error (src/core/streaming/StreamController.ts:234:24)
          at Generator.throw (<anonymous>)
      at rejected (src/core/streaming/StreamController.ts:5726:32)

    console.warn
      [StreamController.outerRetryStream] Retrying stream after error {
        attempt: 3,
        nextAttempt: 4,
        error: 'Unknown error',
        delayMs: 8,
        model: 'test-model',
        callerId: undefined,
        requestId: 'req_1770643290415',
        totalElapsedTimeMs: 40,
        errorType: 'Unknown'
      }

      56 |         return;
      57 |     }
    > 58 |     originalConsoleWarn(...args);
         |     ^
      59 | };
      60 |
      61 | // Add additional Jest setup as needed 

      at console.warn (jest.setup.ts:58:5)
      at Logger.warn (src/utils/logger.ts:101:21)
      at StreamController.warn (src/core/streaming/StreamController.ts:406:21)
          at Generator.throw (<anonymous>)
      at resume (src/core/streaming/StreamController.ts:6002:16)
      at reject (src/core/streaming/StreamController.ts:6029:5)

    console.error
      [StreamController.getStream] Error in stream handler processing {
        error: 'Unknown error',
        processingTimeMs: 0,
        model: 'test-model',
        requestId: 'req_1770643290415'
      }

      43 |         return;
      44 |     }
    > 45 |     originalConsoleError(...args);
         |     ^
      46 | };
      47 |
      48 | // Silence TypeScript 'never' warnings in mocks by muting console.warn

      at console.error (jest.setup.ts:45:5)
      at Logger.error (src/utils/logger.ts:107:21)
      at StreamController.error (src/core/streaming/StreamController.ts:171:21)
      at fulfilled (src/core/streaming/StreamController.ts:5712:24)

    console.error
      [StreamController.acquireStream] Error acquiring stream {
        error: 'Unknown error',
        model: 'test-model',
        callerId: undefined,
        requestId: 'req_1770643290415',
        totalTimeMs: 64
      }

      43 |         return;
      44 |     }
    > 45 |     originalConsoleError(...args);
         |     ^
      46 | };
      47 |
      48 | // Silence TypeScript 'never' warnings in mocks by muting console.warn

      at console.error (jest.setup.ts:45:5)
      at Logger.error (src/utils/logger.ts:107:21)
      at StreamController.error (src/core/streaming/StreamController.ts:234:24)
          at Generator.throw (<anonymous>)
      at rejected (src/core/streaming/StreamController.ts:5726:32)

    console.error
      [StreamController.outerRetryStream] All retry attempts failed {
        maxRetries: 3,
        totalAttempts: 4,
        model: 'test-model',
        callerId: undefined,
        requestId: 'req_1770643290415',
        lastError: 'Custom object with message property',
        totalTimeMs: 65,
        failureCategory: 'Unknown'
      }

      43 |         return;
      44 |     }
    > 45 |     originalConsoleError(...args);
         |     ^
      46 | };
      47 |
      48 | // Silence TypeScript 'never' warnings in mocks by muting console.warn

      at console.error (jest.setup.ts:45:5)
      at Logger.error (src/utils/logger.ts:107:21)
      at StreamController.error (src/core/streaming/StreamController.ts:386:25)
          at Generator.throw (<anonymous>)
      at resume (src/core/streaming/StreamController.ts:6002:16)
      at reject (src/core/streaming/StreamController.ts:6029:5)

    console.error
      [StreamController.acquireStream] Error acquiring stream {
        error: 'Error with nested constructor',
        model: 'test-model',
        callerId: undefined,
        requestId: 'req_1770643290494',
        totalTimeMs: 1
      }

      43 |         return;
      44 |     }
    > 45 |     originalConsoleError(...args);
         |     ^
      46 | };
      47 |
      48 | // Silence TypeScript 'never' warnings in mocks by muting console.warn

      at console.error (jest.setup.ts:45:5)
      at Logger.error (src/utils/logger.ts:107:21)
      at StreamController.error (src/core/streaming/StreamController.ts:234:24)
          at Generator.throw (<anonymous>)
      at rejected (src/core/streaming/StreamController.ts:5726:32)

    console.error
      [StreamController.acquireStream] Error acquiring stream {
        error: 'Error with nested constructor',
        model: 'test-model',
        callerId: undefined,
        requestId: 'req_1770643290494',
        totalTimeMs: 7
      }

      43 |         return;
      44 |     }
    > 45 |     originalConsoleError(...args);
         |     ^
      46 | };
      47 |
      48 | // Silence TypeScript 'never' warnings in mocks by muting console.warn

      at console.error (jest.setup.ts:45:5)
      at Logger.error (src/utils/logger.ts:107:21)
      at StreamController.error (src/core/streaming/StreamController.ts:234:24)
          at Generator.throw (<anonymous>)
      at rejected (src/core/streaming/StreamController.ts:5726:32)

    console.error
      [StreamController.acquireStream] Error acquiring stream {
        error: 'Error with nested constructor',
        model: 'test-model',
        callerId: undefined,
        requestId: 'req_1770643290494',
        totalTimeMs: 12
      }

      43 |         return;
      44 |     }
    > 45 |     originalConsoleError(...args);
         |     ^
      46 | };
      47 |
      48 | // Silence TypeScript 'never' warnings in mocks by muting console.warn

      at console.error (jest.setup.ts:45:5)
      at Logger.error (src/utils/logger.ts:107:21)
      at StreamController.error (src/core/streaming/StreamController.ts:234:24)
          at Generator.throw (<anonymous>)
      at rejected (src/core/streaming/StreamController.ts:5726:32)

    console.error
      [StreamController.acquireStream] Error acquiring stream {
        error: 'Error with nested constructor',
        model: 'test-model',
        callerId: undefined,
        requestId: 'req_1770643290494',
        totalTimeMs: 24
      }

      43 |         return;
      44 |     }
    > 45 |     originalConsoleError(...args);
         |     ^
      46 | };
      47 |
      48 | // Silence TypeScript 'never' warnings in mocks by muting console.warn

      at console.error (jest.setup.ts:45:5)
      at Logger.error (src/utils/logger.ts:107:21)
      at StreamController.error (src/core/streaming/StreamController.ts:234:24)
          at Generator.throw (<anonymous>)
      at rejected (src/core/streaming/StreamController.ts:5726:32)

    console.error
      [StreamController.outerRetryStream] All retry attempts failed {
        maxRetries: 3,
        totalAttempts: 4,
        model: 'test-model',
        callerId: undefined,
        requestId: 'req_1770643290494',
        lastError: 'Error with nested constructor',
        totalTimeMs: 25,
        failureCategory: 'NestedErrorType'
      }

      43 |         return;
      44 |     }
    > 45 |     originalConsoleError(...args);
         |     ^
      46 | };
      47 |
      48 | // Silence TypeScript 'never' warnings in mocks by muting console.warn

      at console.error (jest.setup.ts:45:5)
      at Logger.error (src/utils/logger.ts:107:21)
      at StreamController.error (src/core/streaming/StreamController.ts:386:25)
          at Generator.throw (<anonymous>)
      at resume (src/core/streaming/StreamController.ts:6002:16)
      at reject (src/core/streaming/StreamController.ts:6029:5)

    console.warn
      [StreamController.outerRetryStream] Retrying stream after error {
        attempt: 1,
        nextAttempt: 2,
        error: 'Unknown error',
        delayMs: 2,
        model: 'test-model',
        callerId: undefined,
        requestId: 'req_1770643290534',
        totalElapsedTimeMs: 1,
        errorType: 'Unknown'
      }

      56 |         return;
      57 |     }
    > 58 |     originalConsoleWarn(...args);
         |     ^
      59 | };
      60 |
      61 | // Add additional Jest setup as needed 

      at console.warn (jest.setup.ts:58:5)
      at Logger.warn (src/utils/logger.ts:101:21)
      at StreamController.warn (src/core/streaming/StreamController.ts:406:21)
          at Generator.throw (<anonymous>)
      at resume (src/core/streaming/StreamController.ts:6002:16)
      at reject (src/core/streaming/StreamController.ts:6029:5)

    console.warn
      [StreamController.outerRetryStream] Retrying stream after error {
        attempt: 2,
        nextAttempt: 3,
        error: 'Unknown error',
        delayMs: 4,
        model: 'test-model',
        callerId: undefined,
        requestId: 'req_1770643290534',
        totalElapsedTimeMs: 4,
        errorType: 'Unknown'
      }

      56 |         return;
      57 |     }
    > 58 |     originalConsoleWarn(...args);
         |     ^
      59 | };
      60 |
      61 | // Add additional Jest setup as needed 

      at console.warn (jest.setup.ts:58:5)
      at Logger.warn (src/utils/logger.ts:101:21)
      at StreamController.warn (src/core/streaming/StreamController.ts:406:21)
          at Generator.throw (<anonymous>)
      at resume (src/core/streaming/StreamController.ts:6002:16)
      at reject (src/core/streaming/StreamController.ts:6029:5)

    console.warn
      [StreamController.outerRetryStream] Retrying stream after error {
        attempt: 3,
        nextAttempt: 4,
        error: 'Unknown error',
        delayMs: 8,
        model: 'test-model',
        callerId: undefined,
        requestId: 'req_1770643290534',
        totalElapsedTimeMs: 12,
        errorType: 'Unknown'
      }

      56 |         return;
      57 |     }
    > 58 |     originalConsoleWarn(...args);
         |     ^
      59 | };
      60 |
      61 | // Add additional Jest setup as needed 

      at console.warn (jest.setup.ts:58:5)
      at Logger.warn (src/utils/logger.ts:101:21)
      at StreamController.warn (src/core/streaming/StreamController.ts:406:21)
          at Generator.throw (<anonymous>)
      at resume (src/core/streaming/StreamController.ts:6002:16)
      at reject (src/core/streaming/StreamController.ts:6029:5)

    console.error
      [StreamController.acquireStream] Error acquiring stream {
        error: 'Test error',
        model: 'test-model',
        callerId: undefined,
        requestId: 'req_1770643290564',
        totalTimeMs: 0
      }

      43 |         return;
      44 |     }
    > 45 |     originalConsoleError(...args);
         |     ^
      46 | };
      47 |
      48 | // Silence TypeScript 'never' warnings in mocks by muting console.warn

      at console.error (jest.setup.ts:45:5)
      at Logger.error (src/utils/logger.ts:107:21)
      at StreamController.error (src/core/streaming/StreamController.ts:234:24)
          at Generator.throw (<anonymous>)
      at rejected (src/core/streaming/StreamController.ts:5726:32)

    console.warn
      [StreamController.outerRetryStream] Retrying stream after error {
        attempt: 1,
        nextAttempt: 2,
        error: 'Test error',
        delayMs: 2,
        model: 'test-model',
        callerId: undefined,
        requestId: 'req_1770643290564',
        totalElapsedTimeMs: 0,
        errorType: 'Error'
      }

      56 |         return;
      57 |     }
    > 58 |     originalConsoleWarn(...args);
         |     ^
      59 | };
      60 |
      61 | // Add additional Jest setup as needed 

      at console.warn (jest.setup.ts:58:5)
      at Logger.warn (src/utils/logger.ts:101:21)
      at StreamController.warn (src/core/streaming/StreamController.ts:406:21)
          at Generator.throw (<anonymous>)
      at resume (src/core/streaming/StreamController.ts:6002:16)
      at reject (src/core/streaming/StreamController.ts:6029:5)

    console.error
      [StreamController.acquireStream] Error acquiring stream {
        error: 'Test error',
        model: 'test-model',
        callerId: undefined,
        requestId: 'req_1770643290564',
        totalTimeMs: 6
      }

      43 |         return;
      44 |     }
    > 45 |     originalConsoleError(...args);
         |     ^
      46 | };
      47 |
      48 | // Silence TypeScript 'never' warnings in mocks by muting console.warn

      at console.error (jest.setup.ts:45:5)
      at Logger.error (src/utils/logger.ts:107:21)
      at StreamController.error (src/core/streaming/StreamController.ts:234:24)
          at Generator.throw (<anonymous>)
      at rejected (src/core/streaming/StreamController.ts:5726:32)

    console.warn
      [StreamController.outerRetryStream] Retrying stream after error {
        attempt: 2,
        nextAttempt: 3,
        error: 'Test error',
        delayMs: 4,
        model: 'test-model',
        callerId: undefined,
        requestId: 'req_1770643290564',
        totalElapsedTimeMs: 6,
        errorType: 'Error'
      }

      56 |         return;
      57 |     }
    > 58 |     originalConsoleWarn(...args);
         |     ^
      59 | };
      60 |
      61 | // Add additional Jest setup as needed 

      at console.warn (jest.setup.ts:58:5)
      at Logger.warn (src/utils/logger.ts:101:21)
      at StreamController.warn (src/core/streaming/StreamController.ts:406:21)
          at Generator.throw (<anonymous>)
      at resume (src/core/streaming/StreamController.ts:6002:16)
      at reject (src/core/streaming/StreamController.ts:6029:5)

    console.error
      [StreamController.acquireStream] Error acquiring stream {
        error: 'Test error',
        model: 'test-model',
        callerId: undefined,
        requestId: 'req_1770643290564',
        totalTimeMs: 17
      }

      43 |         return;
      44 |     }
    > 45 |     originalConsoleError(...args);
         |     ^
      46 | };
      47 |
      48 | // Silence TypeScript 'never' warnings in mocks by muting console.warn

      at console.error (jest.setup.ts:45:5)
      at Logger.error (src/utils/logger.ts:107:21)
      at StreamController.error (src/core/streaming/StreamController.ts:234:24)
          at Generator.throw (<anonymous>)
      at rejected (src/core/streaming/StreamController.ts:5726:32)

    console.warn
      [StreamController.outerRetryStream] Retrying stream after error {
        attempt: 3,
        nextAttempt: 4,
        error: 'Test error',
        delayMs: 8,
        model: 'test-model',
        callerId: undefined,
        requestId: 'req_1770643290564',
        totalElapsedTimeMs: 17,
        errorType: 'Error'
      }

      56 |         return;
      57 |     }
    > 58 |     originalConsoleWarn(...args);
         |     ^
      59 | };
      60 |
      61 | // Add additional Jest setup as needed 

      at console.warn (jest.setup.ts:58:5)
      at Logger.warn (src/utils/logger.ts:101:21)
      at StreamController.warn (src/core/streaming/StreamController.ts:406:21)
          at Generator.throw (<anonymous>)
      at resume (src/core/streaming/StreamController.ts:6002:16)
      at reject (src/core/streaming/StreamController.ts:6029:5)

    console.error
      [StreamController.acquireStream] Error acquiring stream {
        error: 'Test error',
        model: 'test-model',
        callerId: undefined,
        requestId: 'req_1770643290564',
        totalTimeMs: 31
      }

      43 |         return;
      44 |     }
    > 45 |     originalConsoleError(...args);
         |     ^
      46 | };
      47 |
      48 | // Silence TypeScript 'never' warnings in mocks by muting console.warn

      at console.error (jest.setup.ts:45:5)
      at Logger.error (src/utils/logger.ts:107:21)
      at StreamController.error (src/core/streaming/StreamController.ts:234:24)
          at Generator.throw (<anonymous>)
      at rejected (src/core/streaming/StreamController.ts:5726:32)

    console.error
      [StreamController.outerRetryStream] All retry attempts failed {
        maxRetries: 3,
        totalAttempts: 4,
        model: 'test-model',
        callerId: undefined,
        requestId: 'req_1770643290564',
        lastError: 'Test error',
        totalTimeMs: 32,
        failureCategory: 'Error'
      }

      43 |         return;
      44 |     }
    > 45 |     originalConsoleError(...args);
         |     ^
      46 | };
      47 |
      48 | // Silence TypeScript 'never' warnings in mocks by muting console.warn

      at console.error (jest.setup.ts:45:5)
      at Logger.error (src/utils/logger.ts:107:21)
      at StreamController.error (src/core/streaming/StreamController.ts:386:25)
          at Generator.throw (<anonymous>)
      at resume (src/core/streaming/StreamController.ts:6002:16)
      at reject (src/core/streaming/StreamController.ts:6029:5)

    console.error
      [StreamController.outerRetryStream] Error during stream iteration {
        error: "Cannot read properties of null (reading 'Symbol(Symbol.asyncIterator)')",
        attempt: 1,
        chunkCount: 0,
        model: 'test-model',
        callerId: undefined,
        requestId: 'req_1770643290611',
        streamDurationMs: 0,
        accumulatedContentLength: 0,
        totalToolCalls: 0
      }

      43 |         return;
      44 |     }
    > 45 |     originalConsoleError(...args);
         |     ^
      46 | };
      47 |
      48 | // Silence TypeScript 'never' warnings in mocks by muting console.warn

      at console.error (jest.setup.ts:45:5)
      at Logger.error (src/utils/logger.ts:107:21)
      at StreamController.error (src/core/streaming/StreamController.ts:317:25)
      at resume (src/core/streaming/StreamController.ts:6002:16)
      at fulfill (src/core/streaming/StreamController.ts:6023:5)

    console.warn
      [StreamController.outerRetryStream] Retrying stream after error {
        attempt: 1,
        nextAttempt: 2,
        error: "Cannot read properties of null (reading 'Symbol(Symbol.asyncIterator)')",
        delayMs: 2,
        model: 'test-model',
        callerId: undefined,
        requestId: 'req_1770643290611',
        totalElapsedTimeMs: 0,
        errorType: 'TypeError'
      }

      56 |         return;
      57 |     }
    > 58 |     originalConsoleWarn(...args);
         |     ^
      59 | };
      60 |
      61 | // Add additional Jest setup as needed 

      at console.warn (jest.setup.ts:58:5)
      at Logger.warn (src/utils/logger.ts:101:21)
      at StreamController.warn (src/core/streaming/StreamController.ts:406:21)
      at resume (src/core/streaming/StreamController.ts:6002:16)
      at fulfill (src/core/streaming/StreamController.ts:6023:5)

    console.error
      [StreamController.outerRetryStream] Error during stream iteration {
        error: "Cannot read properties of null (reading 'Symbol(Symbol.asyncIterator)')",
        attempt: 2,
        chunkCount: 0,
        model: 'test-model',
        callerId: undefined,
        requestId: 'req_1770643290611',
        streamDurationMs: 0,
        accumulatedContentLength: 0,
        totalToolCalls: 0
      }

      43 |         return;
      44 |     }
    > 45 |     originalConsoleError(...args);
         |     ^
      46 | };
      47 |
      48 | // Silence TypeScript 'never' warnings in mocks by muting console.warn

      at console.error (jest.setup.ts:45:5)
      at Logger.error (src/utils/logger.ts:107:21)
      at StreamController.error (src/core/streaming/StreamController.ts:317:25)
      at resume (src/core/streaming/StreamController.ts:6002:16)
      at fulfill (src/core/streaming/StreamController.ts:6023:5)

    console.warn
      [StreamController.outerRetryStream] Retrying stream after error {
        attempt: 2,
        nextAttempt: 3,
        error: "Cannot read properties of null (reading 'Symbol(Symbol.asyncIterator)')",
        delayMs: 4,
        model: 'test-model',
        callerId: undefined,
        requestId: 'req_1770643290611',
        totalElapsedTimeMs: 2,
        errorType: 'TypeError'
      }

      56 |         return;
      57 |     }
    > 58 |     originalConsoleWarn(...args);
         |     ^
      59 | };
      60 |
      61 | // Add additional Jest setup as needed 

      at console.warn (jest.setup.ts:58:5)
      at Logger.warn (src/utils/logger.ts:101:21)
      at StreamController.warn (src/core/streaming/StreamController.ts:406:21)
      at resume (src/core/streaming/StreamController.ts:6002:16)
      at fulfill (src/core/streaming/StreamController.ts:6023:5)

    console.error
      [StreamController.outerRetryStream] Error during stream iteration {
        error: "Cannot read properties of null (reading 'Symbol(Symbol.asyncIterator)')",
        attempt: 3,
        chunkCount: 0,
        model: 'test-model',
        callerId: undefined,
        requestId: 'req_1770643290611',
        streamDurationMs: 1,
        accumulatedContentLength: 0,
        totalToolCalls: 0
      }

      43 |         return;
      44 |     }
    > 45 |     originalConsoleError(...args);
         |     ^
      46 | };
      47 |
      48 | // Silence TypeScript 'never' warnings in mocks by muting console.warn

      at console.error (jest.setup.ts:45:5)
      at Logger.error (src/utils/logger.ts:107:21)
      at StreamController.error (src/core/streaming/StreamController.ts:317:25)
      at resume (src/core/streaming/StreamController.ts:6002:16)
      at fulfill (src/core/streaming/StreamController.ts:6023:5)

    console.warn
      [StreamController.outerRetryStream] Retrying stream after error {
        attempt: 3,
        nextAttempt: 4,
        error: "Cannot read properties of null (reading 'Symbol(Symbol.asyncIterator)')",
        delayMs: 8,
        model: 'test-model',
        callerId: undefined,
        requestId: 'req_1770643290611',
        totalElapsedTimeMs: 8,
        errorType: 'TypeError'
      }

      56 |         return;
      57 |     }
    > 58 |     originalConsoleWarn(...args);
         |     ^
      59 | };
      60 |
      61 | // Add additional Jest setup as needed 

      at console.warn (jest.setup.ts:58:5)
      at Logger.warn (src/utils/logger.ts:101:21)
      at StreamController.warn (src/core/streaming/StreamController.ts:406:21)
      at resume (src/core/streaming/StreamController.ts:6002:16)
      at fulfill (src/core/streaming/StreamController.ts:6023:5)

    console.error
      [StreamController.outerRetryStream] Error during stream iteration {
        error: "Cannot read properties of null (reading 'Symbol(Symbol.asyncIterator)')",
        attempt: 4,
        chunkCount: 0,
        model: 'test-model',
        callerId: undefined,
        requestId: 'req_1770643290611',
        streamDurationMs: 0,
        accumulatedContentLength: 0,
        totalToolCalls: 0
      }

      43 |         return;
      44 |     }
    > 45 |     originalConsoleError(...args);
         |     ^
      46 | };
      47 |
      48 | // Silence TypeScript 'never' warnings in mocks by muting console.warn

      at console.error (jest.setup.ts:45:5)
      at Logger.error (src/utils/logger.ts:107:21)
      at StreamController.error (src/core/streaming/StreamController.ts:317:25)
      at resume (src/core/streaming/StreamController.ts:6002:16)
      at fulfill (src/core/streaming/StreamController.ts:6023:5)

    console.error
      [StreamController.outerRetryStream] All retry attempts failed {
        maxRetries: 3,
        totalAttempts: 4,
        model: 'test-model',
        callerId: undefined,
        requestId: 'req_1770643290611',
        lastError: "Cannot read properties of null (reading 'Symbol(Symbol.asyncIterator)')",
        totalTimeMs: 22,
        failureCategory: 'TypeError'
      }

      43 |         return;
      44 |     }
    > 45 |     originalConsoleError(...args);
         |     ^
      46 | };
      47 |
      48 | // Silence TypeScript 'never' warnings in mocks by muting console.warn

      at console.error (jest.setup.ts:45:5)
      at Logger.error (src/utils/logger.ts:107:21)
      at StreamController.error (src/core/streaming/StreamController.ts:386:25)
      at resume (src/core/streaming/StreamController.ts:6002:16)
      at fulfill (src/core/streaming/StreamController.ts:6023:5)

    console.error
      [StreamController.acquireStream] Error acquiring stream {
        error: 'Unknown error',
        model: 'test-model',
        callerId: undefined,
        requestId: 'req_1770643290634',
        totalTimeMs: 0
      }

      43 |         return;
      44 |     }
    > 45 |     originalConsoleError(...args);
         |     ^
      46 | };
      47 |
      48 | // Silence TypeScript 'never' warnings in mocks by muting console.warn

      at console.error (jest.setup.ts:45:5)
      at Logger.error (src/utils/logger.ts:107:21)
      at StreamController.error (src/core/streaming/StreamController.ts:234:24)
          at Generator.throw (<anonymous>)
      at rejected (src/core/streaming/StreamController.ts:5726:32)

    console.warn
      [StreamController.outerRetryStream] Retrying stream after error {
        attempt: 1,
        nextAttempt: 2,
        error: 'Unknown error',
        delayMs: 2,
        model: 'test-model',
        callerId: undefined,
        requestId: 'req_1770643290634',
        totalElapsedTimeMs: 4,
        errorType: 'Unknown'
      }

      56 |         return;
      57 |     }
    > 58 |     originalConsoleWarn(...args);
         |     ^
      59 | };
      60 |
      61 | // Add additional Jest setup as needed 

      at console.warn (jest.setup.ts:58:5)
      at Logger.warn (src/utils/logger.ts:101:21)
      at StreamController.warn (src/core/streaming/StreamController.ts:406:21)
          at Generator.throw (<anonymous>)
      at resume (src/core/streaming/StreamController.ts:6002:16)
      at reject (src/core/streaming/StreamController.ts:6029:5)

    console.error
      [StreamController.acquireStream] Error acquiring stream {
        error: 'Unknown error',
        model: 'test-model',
        callerId: undefined,
        requestId: 'req_1770643290634',
        totalTimeMs: 11
      }

      43 |         return;
      44 |     }
    > 45 |     originalConsoleError(...args);
         |     ^
      46 | };
      47 |
      48 | // Silence TypeScript 'never' warnings in mocks by muting console.warn

      at console.error (jest.setup.ts:45:5)
      at Logger.error (src/utils/logger.ts:107:21)
      at StreamController.error (src/core/streaming/StreamController.ts:234:24)
          at Generator.throw (<anonymous>)
      at rejected (src/core/streaming/StreamController.ts:5726:32)

    console.warn
      [StreamController.outerRetryStream] Retrying stream after error {
        attempt: 2,
        nextAttempt: 3,
        error: 'Unknown error',
        delayMs: 4,
        model: 'test-model',
        callerId: undefined,
        requestId: 'req_1770643290634',
        totalElapsedTimeMs: 14,
        errorType: 'Unknown'
      }

      56 |         return;
      57 |     }
    > 58 |     originalConsoleWarn(...args);
         |     ^
      59 | };
      60 |
      61 | // Add additional Jest setup as needed 

      at console.warn (jest.setup.ts:58:5)
      at Logger.warn (src/utils/logger.ts:101:21)
      at StreamController.warn (src/core/streaming/StreamController.ts:406:21)
          at Generator.throw (<anonymous>)
      at resume (src/core/streaming/StreamController.ts:6002:16)
      at reject (src/core/streaming/StreamController.ts:6029:5)

    console.error
      [StreamController.acquireStream] Error acquiring stream {
        error: 'Unknown error',
        model: 'test-model',
        callerId: undefined,
        requestId: 'req_1770643290634',
        totalTimeMs: 20
      }

      43 |         return;
      44 |     }
    > 45 |     originalConsoleError(...args);
         |     ^
      46 | };
      47 |
      48 | // Silence TypeScript 'never' warnings in mocks by muting console.warn

      at console.error (jest.setup.ts:45:5)
      at Logger.error (src/utils/logger.ts:107:21)
      at StreamController.error (src/core/streaming/StreamController.ts:234:24)
          at Generator.throw (<anonymous>)
      at rejected (src/core/streaming/StreamController.ts:5726:32)

    console.warn
      [StreamController.outerRetryStream] Retrying stream after error {
        attempt: 3,
        nextAttempt: 4,
        error: 'Unknown error',
        delayMs: 8,
        model: 'test-model',
        callerId: undefined,
        requestId: 'req_1770643290634',
        totalElapsedTimeMs: 21,
        errorType: 'Unknown'
      }

      56 |         return;
      57 |     }
    > 58 |     originalConsoleWarn(...args);
         |     ^
      59 | };
      60 |
      61 | // Add additional Jest setup as needed 

      at console.warn (jest.setup.ts:58:5)
      at Logger.warn (src/utils/logger.ts:101:21)
      at StreamController.warn (src/core/streaming/StreamController.ts:406:21)
          at Generator.throw (<anonymous>)
      at resume (src/core/streaming/StreamController.ts:6002:16)
      at reject (src/core/streaming/StreamController.ts:6029:5)

    console.error
      [StreamController.acquireStream] Error acquiring stream {
        error: 'Unknown error',
        model: 'test-model',
        callerId: undefined,
        requestId: 'req_1770643290634',
        totalTimeMs: 32
      }

      43 |         return;
      44 |     }
    > 45 |     originalConsoleError(...args);
         |     ^
      46 | };
      47 |
      48 | // Silence TypeScript 'never' warnings in mocks by muting console.warn

      at console.error (jest.setup.ts:45:5)
      at Logger.error (src/utils/logger.ts:107:21)
      at StreamController.error (src/core/streaming/StreamController.ts:234:24)
          at Generator.throw (<anonymous>)
      at rejected (src/core/streaming/StreamController.ts:5726:32)

    console.error
      [StreamController.acquireStream] Error acquiring stream {
        error: 'Unknown error',
        model: 'test-model',
        callerId: undefined,
        requestId: 'req_1770643290688',
        totalTimeMs: 0
      }

      43 |         return;
      44 |     }
    > 45 |     originalConsoleError(...args);
         |     ^
      46 | };
      47 |
      48 | // Silence TypeScript 'never' warnings in mocks by muting console.warn

      at console.error (jest.setup.ts:45:5)
      at Logger.error (src/utils/logger.ts:107:21)
      at StreamController.error (src/core/streaming/StreamController.ts:234:24)
          at Generator.throw (<anonymous>)
      at rejected (src/core/streaming/StreamController.ts:5726:32)

    console.warn
      [StreamController.outerRetryStream] Retrying stream after error {
        attempt: 1,
        nextAttempt: 2,
        error: 'Unknown error',
        delayMs: 2,
        model: 'test-model',
        callerId: undefined,
        requestId: 'req_1770643290688',
        totalElapsedTimeMs: 0,
        errorType: 'Unknown'
      }

      56 |         return;
      57 |     }
    > 58 |     originalConsoleWarn(...args);
         |     ^
      59 | };
      60 |
      61 | // Add additional Jest setup as needed 

      at console.warn (jest.setup.ts:58:5)
      at Logger.warn (src/utils/logger.ts:101:21)
      at StreamController.warn (src/core/streaming/StreamController.ts:406:21)
          at Generator.throw (<anonymous>)
      at resume (src/core/streaming/StreamController.ts:6002:16)
      at reject (src/core/streaming/StreamController.ts:6029:5)

    console.error
      [StreamController.acquireStream] Error acquiring stream {
        error: 'Unknown error',
        model: 'test-model',
        callerId: undefined,
        requestId: 'req_1770643290688',
        totalTimeMs: 5
      }

      43 |         return;
      44 |     }
    > 45 |     originalConsoleError(...args);
         |     ^
      46 | };
      47 |
      48 | // Silence TypeScript 'never' warnings in mocks by muting console.warn

      at console.error (jest.setup.ts:45:5)
      at Logger.error (src/utils/logger.ts:107:21)
      at StreamController.error (src/core/streaming/StreamController.ts:234:24)
          at Generator.throw (<anonymous>)
      at rejected (src/core/streaming/StreamController.ts:5726:32)

    console.warn
      [StreamController.outerRetryStream] Retrying stream after error {
        attempt: 2,
        nextAttempt: 3,
        error: 'Unknown error',
        delayMs: 4,
        model: 'test-model',
        callerId: undefined,
        requestId: 'req_1770643290688',
        totalElapsedTimeMs: 5,
        errorType: 'Unknown'
      }

      56 |         return;
      57 |     }
    > 58 |     originalConsoleWarn(...args);
         |     ^
      59 | };
      60 |
      61 | // Add additional Jest setup as needed 

      at console.warn (jest.setup.ts:58:5)
      at Logger.warn (src/utils/logger.ts:101:21)
      at StreamController.warn (src/core/streaming/StreamController.ts:406:21)
          at Generator.throw (<anonymous>)
      at resume (src/core/streaming/StreamController.ts:6002:16)
      at reject (src/core/streaming/StreamController.ts:6029:5)

    console.error
      [StreamController.acquireStream] Error acquiring stream {
        error: 'Unknown error',
        model: 'test-model',
        callerId: undefined,
        requestId: 'req_1770643290688',
        totalTimeMs: 13
      }

      43 |         return;
      44 |     }
    > 45 |     originalConsoleError(...args);
         |     ^
      46 | };
      47 |
      48 | // Silence TypeScript 'never' warnings in mocks by muting console.warn

      at console.error (jest.setup.ts:45:5)
      at Logger.error (src/utils/logger.ts:107:21)
      at StreamController.error (src/core/streaming/StreamController.ts:234:24)
          at Generator.throw (<anonymous>)
      at rejected (src/core/streaming/StreamController.ts:5726:32)

    console.warn
      [StreamController.outerRetryStream] Retrying stream after error {
        attempt: 3,
        nextAttempt: 4,
        error: 'Unknown error',
        delayMs: 8,
        model: 'test-model',
        callerId: undefined,
        requestId: 'req_1770643290688',
        totalElapsedTimeMs: 14,
        errorType: 'Unknown'
      }

      56 |         return;
      57 |     }
    > 58 |     originalConsoleWarn(...args);
         |     ^
      59 | };
      60 |
      61 | // Add additional Jest setup as needed 

      at console.warn (jest.setup.ts:58:5)
      at Logger.warn (src/utils/logger.ts:101:21)
      at StreamController.warn (src/core/streaming/StreamController.ts:406:21)
          at Generator.throw (<anonymous>)
      at resume (src/core/streaming/StreamController.ts:6002:16)
      at reject (src/core/streaming/StreamController.ts:6029:5)

    console.error
      [StreamController.acquireStream] Error acquiring stream {
        error: 'Unknown error',
        model: 'test-model',
        callerId: undefined,
        requestId: 'req_1770643290688',
        totalTimeMs: 26
      }

      43 |         return;
      44 |     }
    > 45 |     originalConsoleError(...args);
         |     ^
      46 | };
      47 |
      48 | // Silence TypeScript 'never' warnings in mocks by muting console.warn

      at console.error (jest.setup.ts:45:5)
      at Logger.error (src/utils/logger.ts:107:21)
      at StreamController.error (src/core/streaming/StreamController.ts:234:24)
          at Generator.throw (<anonymous>)
      at rejected (src/core/streaming/StreamController.ts:5726:32)

    console.error
      [StreamController.acquireStream] Error acquiring stream {
        error: 'Unknown error',
        model: 'test-model',
        callerId: undefined,
        requestId: 'req_1770643290718',
        totalTimeMs: 0
      }

      43 |         return;
      44 |     }
    > 45 |     originalConsoleError(...args);
         |     ^
      46 | };
      47 |
      48 | // Silence TypeScript 'never' warnings in mocks by muting console.warn

      at console.error (jest.setup.ts:45:5)
      at Logger.error (src/utils/logger.ts:107:21)
      at StreamController.error (src/core/streaming/StreamController.ts:234:24)
          at Generator.throw (<anonymous>)
      at rejected (src/core/streaming/StreamController.ts:5726:32)

    console.warn
      [StreamController.outerRetryStream] Retrying stream after error {
        attempt: 1,
        nextAttempt: 2,
        error: 'Unknown error',
        delayMs: 2,
        model: 'test-model',
        callerId: undefined,
        requestId: 'req_1770643290718',
        totalElapsedTimeMs: 0,
        errorType: 'Unknown'
      }

      56 |         return;
      57 |     }
    > 58 |     originalConsoleWarn(...args);
         |     ^
      59 | };
      60 |
      61 | // Add additional Jest setup as needed 

      at console.warn (jest.setup.ts:58:5)
      at Logger.warn (src/utils/logger.ts:101:21)
      at StreamController.warn (src/core/streaming/StreamController.ts:406:21)
          at Generator.throw (<anonymous>)
      at resume (src/core/streaming/StreamController.ts:6002:16)
      at reject (src/core/streaming/StreamController.ts:6029:5)

    console.error
      [StreamController.acquireStream] Error acquiring stream {
        error: 'Unknown error',
        model: 'test-model',
        callerId: undefined,
        requestId: 'req_1770643290718',
        totalTimeMs: 4
      }

      43 |         return;
      44 |     }
    > 45 |     originalConsoleError(...args);
         |     ^
      46 | };
      47 |
      48 | // Silence TypeScript 'never' warnings in mocks by muting console.warn

      at console.error (jest.setup.ts:45:5)
      at Logger.error (src/utils/logger.ts:107:21)
      at StreamController.error (src/core/streaming/StreamController.ts:234:24)
          at Generator.throw (<anonymous>)
      at rejected (src/core/streaming/StreamController.ts:5726:32)

    console.warn
      [StreamController.outerRetryStream] Retrying stream after error {
        attempt: 2,
        nextAttempt: 3,
        error: 'Unknown error',
        delayMs: 4,
        model: 'test-model',
        callerId: undefined,
        requestId: 'req_1770643290718',
        totalElapsedTimeMs: 9,
        errorType: 'Unknown'
      }

      56 |         return;
      57 |     }
    > 58 |     originalConsoleWarn(...args);
         |     ^
      59 | };
      60 |
      61 | // Add additional Jest setup as needed 

      at console.warn (jest.setup.ts:58:5)
      at Logger.warn (src/utils/logger.ts:101:21)
      at StreamController.warn (src/core/streaming/StreamController.ts:406:21)
          at Generator.throw (<anonymous>)
      at resume (src/core/streaming/StreamController.ts:6002:16)
      at reject (src/core/streaming/StreamController.ts:6029:5)

    console.error
      [StreamController.acquireStream] Error acquiring stream {
        error: 'Unknown error',
        model: 'test-model',
        callerId: undefined,
        requestId: 'req_1770643290718',
        totalTimeMs: 16
      }

      43 |         return;
      44 |     }
    > 45 |     originalConsoleError(...args);
         |     ^
      46 | };
      47 |
      48 | // Silence TypeScript 'never' warnings in mocks by muting console.warn

      at console.error (jest.setup.ts:45:5)
      at Logger.error (src/utils/logger.ts:107:21)
      at StreamController.error (src/core/streaming/StreamController.ts:234:24)
          at Generator.throw (<anonymous>)
      at rejected (src/core/streaming/StreamController.ts:5726:32)

    console.warn
      [StreamController.outerRetryStream] Retrying stream after error {
        attempt: 3,
        nextAttempt: 4,
        error: 'Unknown error',
        delayMs: 8,
        model: 'test-model',
        callerId: undefined,
        requestId: 'req_1770643290718',
        totalElapsedTimeMs: 20,
        errorType: 'Unknown'
      }

      56 |         return;
      57 |     }
    > 58 |     originalConsoleWarn(...args);
         |     ^
      59 | };
      60 |
      61 | // Add additional Jest setup as needed 

      at console.warn (jest.setup.ts:58:5)
      at Logger.warn (src/utils/logger.ts:101:21)
      at StreamController.warn (src/core/streaming/StreamController.ts:406:21)
          at Generator.throw (<anonymous>)
      at resume (src/core/streaming/StreamController.ts:6002:16)
      at reject (src/core/streaming/StreamController.ts:6029:5)

    console.error
      [StreamController.acquireStream] Error acquiring stream {
        error: 'Unknown error',
        model: 'test-model',
        callerId: undefined,
        requestId: 'req_1770643290718',
        totalTimeMs: 30
      }

      43 |         return;
      44 |     }
    > 45 |     originalConsoleError(...args);
         |     ^
      46 | };
      47 |
      48 | // Silence TypeScript 'never' warnings in mocks by muting console.warn

      at console.error (jest.setup.ts:45:5)
      at Logger.error (src/utils/logger.ts:107:21)
      at StreamController.error (src/core/streaming/StreamController.ts:234:24)
          at Generator.throw (<anonymous>)
      at rejected (src/core/streaming/StreamController.ts:5726:32)

    console.error
      [StreamController.acquireStream] Error acquiring stream {
        error: 'Test error',
        model: 'test-model',
        callerId: undefined,
        requestId: 'req_1770643290752',
        totalTimeMs: 7
      }

      43 |         return;
      44 |     }
    > 45 |     originalConsoleError(...args);
         |     ^
      46 | };
      47 |
      48 | // Silence TypeScript 'never' warnings in mocks by muting console.warn

      at console.error (jest.setup.ts:45:5)
      at Logger.error (src/utils/logger.ts:107:21)
      at StreamController.error (src/core/streaming/StreamController.ts:234:24)
          at Generator.throw (<anonymous>)
      at rejected (src/core/streaming/StreamController.ts:5726:32)

    console.error
      [StreamController.outerRetryStream] All retry attempts failed {
        maxRetries: 0,
        totalAttempts: 1,
        model: 'test-model',
        callerId: undefined,
        requestId: 'req_1770643290752',
        lastError: 'Test error',
        totalTimeMs: 7,
        failureCategory: 'Error'
      }

      43 |         return;
      44 |     }
    > 45 |     originalConsoleError(...args);
         |     ^
      46 | };
      47 |
      48 | // Silence TypeScript 'never' warnings in mocks by muting console.warn

      at console.error (jest.setup.ts:45:5)
      at Logger.error (src/utils/logger.ts:107:21)
      at StreamController.error (src/core/streaming/StreamController.ts:386:25)
          at Generator.throw (<anonymous>)
      at resume (src/core/streaming/StreamController.ts:6002:16)
      at reject (src/core/streaming/StreamController.ts:6029:5)

    console.error
      [StreamController.acquireStream] Error acquiring stream {
        error: 'Unknown error',
        model: 'test-model',
        callerId: undefined,
        requestId: 'req_1770643290771',
        totalTimeMs: 1
      }

      43 |         return;
      44 |     }
    > 45 |     originalConsoleError(...args);
         |     ^
      46 | };
      47 |
      48 | // Silence TypeScript 'never' warnings in mocks by muting console.warn

      at console.error (jest.setup.ts:45:5)
      at Logger.error (src/utils/logger.ts:107:21)
      at StreamController.error (src/core/streaming/StreamController.ts:234:24)
          at Generator.throw (<anonymous>)
      at rejected (src/core/streaming/StreamController.ts:5726:32)

    console.warn
      [StreamController.outerRetryStream] Retrying stream after error {
        attempt: 1,
        nextAttempt: 2,
        error: 'Unknown error',
        delayMs: 2,
        model: 'test-model',
        callerId: undefined,
        requestId: 'req_1770643290771',
        totalElapsedTimeMs: 1,
        errorType: 'Unknown'
      }

      56 |         return;
      57 |     }
    > 58 |     originalConsoleWarn(...args);
         |     ^
      59 | };
      60 |
      61 | // Add additional Jest setup as needed 

      at console.warn (jest.setup.ts:58:5)
      at Logger.warn (src/utils/logger.ts:101:21)
      at StreamController.warn (src/core/streaming/StreamController.ts:406:21)
          at Generator.throw (<anonymous>)
      at resume (src/core/streaming/StreamController.ts:6002:16)
      at reject (src/core/streaming/StreamController.ts:6029:5)

    console.error
      [StreamController.acquireStream] Error acquiring stream {
        error: 'Unknown error',
        model: 'test-model',
        callerId: undefined,
        requestId: 'req_1770643290771',
        totalTimeMs: 9
      }

      43 |         return;
      44 |     }
    > 45 |     originalConsoleError(...args);
         |     ^
      46 | };
      47 |
      48 | // Silence TypeScript 'never' warnings in mocks by muting console.warn

      at console.error (jest.setup.ts:45:5)
      at Logger.error (src/utils/logger.ts:107:21)
      at StreamController.error (src/core/streaming/StreamController.ts:234:24)
          at Generator.throw (<anonymous>)
      at rejected (src/core/streaming/StreamController.ts:5726:32)

    console.warn
      [StreamController.outerRetryStream] Retrying stream after error {
        attempt: 2,
        nextAttempt: 3,
        error: 'Unknown error',
        delayMs: 4,
        model: 'test-model',
        callerId: undefined,
        requestId: 'req_1770643290771',
        totalElapsedTimeMs: 10,
        errorType: 'Unknown'
      }

      56 |         return;
      57 |     }
    > 58 |     originalConsoleWarn(...args);
         |     ^
      59 | };
      60 |
      61 | // Add additional Jest setup as needed 

      at console.warn (jest.setup.ts:58:5)
      at Logger.warn (src/utils/logger.ts:101:21)
      at StreamController.warn (src/core/streaming/StreamController.ts:406:21)
          at Generator.throw (<anonymous>)
      at resume (src/core/streaming/StreamController.ts:6002:16)
      at reject (src/core/streaming/StreamController.ts:6029:5)

    console.error
      [StreamController.acquireStream] Error acquiring stream {
        error: 'Unknown error',
        model: 'test-model',
        callerId: undefined,
        requestId: 'req_1770643290771',
        totalTimeMs: 23
      }

      43 |         return;
      44 |     }
    > 45 |     originalConsoleError(...args);
         |     ^
      46 | };
      47 |
      48 | // Silence TypeScript 'never' warnings in mocks by muting console.warn

      at console.error (jest.setup.ts:45:5)
      at Logger.error (src/utils/logger.ts:107:21)
      at StreamController.error (src/core/streaming/StreamController.ts:234:24)
          at Generator.throw (<anonymous>)
      at rejected (src/core/streaming/StreamController.ts:5726:32)

    console.warn
      [StreamController.outerRetryStream] Retrying stream after error {
        attempt: 3,
        nextAttempt: 4,
        error: 'Unknown error',
        delayMs: 8,
        model: 'test-model',
        callerId: undefined,
        requestId: 'req_1770643290771',
        totalElapsedTimeMs: 47,
        errorType: 'Unknown'
      }

      56 |         return;
      57 |     }
    > 58 |     originalConsoleWarn(...args);
         |     ^
      59 | };
      60 |
      61 | // Add additional Jest setup as needed 

      at console.warn (jest.setup.ts:58:5)
      at Logger.warn (src/utils/logger.ts:101:21)
      at StreamController.warn (src/core/streaming/StreamController.ts:406:21)
          at Generator.throw (<anonymous>)
      at resume (src/core/streaming/StreamController.ts:6002:16)
      at reject (src/core/streaming/StreamController.ts:6029:5)

    console.error
      [StreamController.acquireStream] Error acquiring stream {
        error: 'Unknown error',
        model: 'test-model',
        callerId: undefined,
        requestId: 'req_1770643290771',
        totalTimeMs: 67
      }

      43 |         return;
      44 |     }
    > 45 |     originalConsoleError(...args);
         |     ^
      46 | };
      47 |
      48 | // Silence TypeScript 'never' warnings in mocks by muting console.warn

      at console.error (jest.setup.ts:45:5)
      at Logger.error (src/utils/logger.ts:107:21)
      at StreamController.error (src/core/streaming/StreamController.ts:234:24)
          at Generator.throw (<anonymous>)
      at rejected (src/core/streaming/StreamController.ts:5726:32)

    console.error
      [StreamController.acquireStream] Error acquiring stream {
        error: 'invalid request',
        model: 'test-model',
        callerId: undefined,
        requestId: 'req_1770643290850',
        totalTimeMs: 0
      }

      43 |         return;
      44 |     }
    > 45 |     originalConsoleError(...args);
         |     ^
      46 | };
      47 |
      48 | // Silence TypeScript 'never' warnings in mocks by muting console.warn

      at console.error (jest.setup.ts:45:5)
      at Logger.error (src/utils/logger.ts:107:21)
      at StreamController.error (src/core/streaming/StreamController.ts:234:24)
          at Generator.throw (<anonymous>)
      at rejected (src/core/streaming/StreamController.ts:5726:32)

    console.warn
      [StreamController.outerRetryStream] Retrying stream after error {
        attempt: 1,
        nextAttempt: 2,
        error: 'invalid request',
        delayMs: 2,
        model: 'test-model',
        callerId: undefined,
        requestId: 'req_1770643290850',
        totalElapsedTimeMs: 1,
        errorType: 'CustomValidationError'
      }

      56 |         return;
      57 |     }
    > 58 |     originalConsoleWarn(...args);
         |     ^
      59 | };
      60 |
      61 | // Add additional Jest setup as needed 

      at console.warn (jest.setup.ts:58:5)
      at Logger.warn (src/utils/logger.ts:101:21)
      at StreamController.warn (src/core/streaming/StreamController.ts:406:21)
          at Generator.throw (<anonymous>)
      at resume (src/core/streaming/StreamController.ts:6002:16)
      at reject (src/core/streaming/StreamController.ts:6029:5)

    console.error
      [StreamController.acquireStream] Error acquiring stream {
        error: 'invalid request',
        model: 'test-model',
        callerId: undefined,
        requestId: 'req_1770643290850',
        totalTimeMs: 5
      }

      43 |         return;
      44 |     }
    > 45 |     originalConsoleError(...args);
         |     ^
      46 | };
      47 |
      48 | // Silence TypeScript 'never' warnings in mocks by muting console.warn

      at console.error (jest.setup.ts:45:5)
      at Logger.error (src/utils/logger.ts:107:21)
      at StreamController.error (src/core/streaming/StreamController.ts:234:24)
          at Generator.throw (<anonymous>)
      at rejected (src/core/streaming/StreamController.ts:5726:32)

    console.warn
      [StreamController.outerRetryStream] Retrying stream after error {
        attempt: 2,
        nextAttempt: 3,
        error: 'invalid request',
        delayMs: 4,
        model: 'test-model',
        callerId: undefined,
        requestId: 'req_1770643290850',
        totalElapsedTimeMs: 7,
        errorType: 'CustomValidationError'
      }

      56 |         return;
      57 |     }
    > 58 |     originalConsoleWarn(...args);
         |     ^
      59 | };
      60 |
      61 | // Add additional Jest setup as needed 

      at console.warn (jest.setup.ts:58:5)
      at Logger.warn (src/utils/logger.ts:101:21)
      at StreamController.warn (src/core/streaming/StreamController.ts:406:21)
          at Generator.throw (<anonymous>)
      at resume (src/core/streaming/StreamController.ts:6002:16)
      at reject (src/core/streaming/StreamController.ts:6029:5)

    console.error
      [StreamController.acquireStream] Error acquiring stream {
        error: 'invalid request',
        model: 'test-model',
        callerId: undefined,
        requestId: 'req_1770643290850',
        totalTimeMs: 17
      }

      43 |         return;
      44 |     }
    > 45 |     originalConsoleError(...args);
         |     ^
      46 | };
      47 |
      48 | // Silence TypeScript 'never' warnings in mocks by muting console.warn

      at console.error (jest.setup.ts:45:5)
      at Logger.error (src/utils/logger.ts:107:21)
      at StreamController.error (src/core/streaming/StreamController.ts:234:24)
          at Generator.throw (<anonymous>)
      at rejected (src/core/streaming/StreamController.ts:5726:32)

    console.warn
      [StreamController.outerRetryStream] Retrying stream after error {
        attempt: 3,
        nextAttempt: 4,
        error: 'invalid request',
        delayMs: 8,
        model: 'test-model',
        callerId: undefined,
        requestId: 'req_1770643290850',
        totalElapsedTimeMs: 21,
        errorType: 'CustomValidationError'
      }

      56 |         return;
      57 |     }
    > 58 |     originalConsoleWarn(...args);
         |     ^
      59 | };
      60 |
      61 | // Add additional Jest setup as needed 

      at console.warn (jest.setup.ts:58:5)
      at Logger.warn (src/utils/logger.ts:101:21)
      at StreamController.warn (src/core/streaming/StreamController.ts:406:21)
          at Generator.throw (<anonymous>)
      at resume (src/core/streaming/StreamController.ts:6002:16)
      at reject (src/core/streaming/StreamController.ts:6029:5)

    console.error
      [StreamController.acquireStream] Error acquiring stream {
        error: 'invalid request',
        model: 'test-model',
        callerId: undefined,
        requestId: 'req_1770643290850',
        totalTimeMs: 37
      }

      43 |         return;
      44 |     }
    > 45 |     originalConsoleError(...args);
         |     ^
      46 | };
      47 |
      48 | // Silence TypeScript 'never' warnings in mocks by muting console.warn

      at console.error (jest.setup.ts:45:5)
      at Logger.error (src/utils/logger.ts:107:21)
      at StreamController.error (src/core/streaming/StreamController.ts:234:24)
          at Generator.throw (<anonymous>)
      at rejected (src/core/streaming/StreamController.ts:5726:32)

    console.error
      [StreamController.outerRetryStream] All retry attempts failed {
        maxRetries: 3,
        totalAttempts: 4,
        model: 'test-model',
        callerId: undefined,
        requestId: 'req_1770643290850',
        lastError: 'invalid request',
        totalTimeMs: 40,
        failureCategory: 'CustomValidationError'
      }

      43 |         return;
      44 |     }
    > 45 |     originalConsoleError(...args);
         |     ^
      46 | };
      47 |
      48 | // Silence TypeScript 'never' warnings in mocks by muting console.warn

      at console.error (jest.setup.ts:45:5)
      at Logger.error (src/utils/logger.ts:107:21)
      at StreamController.error (src/core/streaming/StreamController.ts:386:25)
          at Generator.throw (<anonymous>)
      at resume (src/core/streaming/StreamController.ts:6002:16)
      at reject (src/core/streaming/StreamController.ts:6029:5)

    console.error
      [StreamController.acquireStream] Error acquiring stream {
        error: 'Unknown error',
        model: 'test-model',
        callerId: undefined,
        requestId: 'req_1770643290900',
        totalTimeMs: 0
      }

      43 |         return;
      44 |     }
    > 45 |     originalConsoleError(...args);
         |     ^
      46 | };
      47 |
      48 | // Silence TypeScript 'never' warnings in mocks by muting console.warn

      at console.error (jest.setup.ts:45:5)
      at Logger.error (src/utils/logger.ts:107:21)
      at StreamController.error (src/core/streaming/StreamController.ts:234:24)
          at Generator.throw (<anonymous>)
      at rejected (src/core/streaming/StreamController.ts:5726:32)

    console.warn
      [StreamController.outerRetryStream] Retrying stream after error {
        attempt: 1,
        nextAttempt: 2,
        error: 'Unknown error',
        delayMs: 2,
        model: 'test-model',
        callerId: undefined,
        requestId: 'req_1770643290900',
        totalElapsedTimeMs: 2,
        errorType: 'Unknown'
      }

      56 |         return;
      57 |     }
    > 58 |     originalConsoleWarn(...args);
         |     ^
      59 | };
      60 |
      61 | // Add additional Jest setup as needed 

      at console.warn (jest.setup.ts:58:5)
      at Logger.warn (src/utils/logger.ts:101:21)
      at StreamController.warn (src/core/streaming/StreamController.ts:406:21)
          at Generator.throw (<anonymous>)
      at resume (src/core/streaming/StreamController.ts:6002:16)
      at reject (src/core/streaming/StreamController.ts:6029:5)

    console.error
      [StreamController.acquireStream] Error acquiring stream {
        error: 'Unknown error',
        model: 'test-model',
        callerId: undefined,
        requestId: 'req_1770643290900',
        totalTimeMs: 13
      }

      43 |         return;
      44 |     }
    > 45 |     originalConsoleError(...args);
         |     ^
      46 | };
      47 |
      48 | // Silence TypeScript 'never' warnings in mocks by muting console.warn

      at console.error (jest.setup.ts:45:5)
      at Logger.error (src/utils/logger.ts:107:21)
      at StreamController.error (src/core/streaming/StreamController.ts:234:24)
          at Generator.throw (<anonymous>)
      at rejected (src/core/streaming/StreamController.ts:5726:32)

    console.warn
      [StreamController.outerRetryStream] Retrying stream after error {
        attempt: 2,
        nextAttempt: 3,
        error: 'Unknown error',
        delayMs: 4,
        model: 'test-model',
        callerId: undefined,
        requestId: 'req_1770643290900',
        totalElapsedTimeMs: 15,
        errorType: 'Unknown'
      }

      56 |         return;
      57 |     }
    > 58 |     originalConsoleWarn(...args);
         |     ^
      59 | };
      60 |
      61 | // Add additional Jest setup as needed 

      at console.warn (jest.setup.ts:58:5)
      at Logger.warn (src/utils/logger.ts:101:21)
      at StreamController.warn (src/core/streaming/StreamController.ts:406:21)
          at Generator.throw (<anonymous>)
      at resume (src/core/streaming/StreamController.ts:6002:16)
      at reject (src/core/streaming/StreamController.ts:6029:5)

    console.error
      [StreamController.acquireStream] Error acquiring stream {
        error: 'Unknown error',
        model: 'test-model',
        callerId: undefined,
        requestId: 'req_1770643290900',
        totalTimeMs: 29
      }

      43 |         return;
      44 |     }
    > 45 |     originalConsoleError(...args);
         |     ^
      46 | };
      47 |
      48 | // Silence TypeScript 'never' warnings in mocks by muting console.warn

      at console.error (jest.setup.ts:45:5)
      at Logger.error (src/utils/logger.ts:107:21)
      at StreamController.error (src/core/streaming/StreamController.ts:234:24)
          at Generator.throw (<anonymous>)
      at rejected (src/core/streaming/StreamController.ts:5726:32)

    console.warn
      [StreamController.outerRetryStream] Retrying stream after error {
        attempt: 3,
        nextAttempt: 4,
        error: 'Unknown error',
        delayMs: 8,
        model: 'test-model',
        callerId: undefined,
        requestId: 'req_1770643290900',
        totalElapsedTimeMs: 30,
        errorType: 'Unknown'
      }

      56 |         return;
      57 |     }
    > 58 |     originalConsoleWarn(...args);
         |     ^
      59 | };
      60 |
      61 | // Add additional Jest setup as needed 

      at console.warn (jest.setup.ts:58:5)
      at Logger.warn (src/utils/logger.ts:101:21)
      at StreamController.warn (src/core/streaming/StreamController.ts:406:21)
          at Generator.throw (<anonymous>)
      at resume (src/core/streaming/StreamController.ts:6002:16)
      at reject (src/core/streaming/StreamController.ts:6029:5)

    console.error
      [StreamController.acquireStream] Error acquiring stream {
        error: 'Unknown error',
        model: 'test-model',
        callerId: undefined,
        requestId: 'req_1770643290900',
        totalTimeMs: 41
      }

      43 |         return;
      44 |     }
    > 45 |     originalConsoleError(...args);
         |     ^
      46 | };
      47 |
      48 | // Silence TypeScript 'never' warnings in mocks by muting console.warn

      at console.error (jest.setup.ts:45:5)
      at Logger.error (src/utils/logger.ts:107:21)
      at StreamController.error (src/core/streaming/StreamController.ts:234:24)
          at Generator.throw (<anonymous>)
      at rejected (src/core/streaming/StreamController.ts:5726:32)

    console.error
      [StreamController.outerRetryStream] Error during stream iteration {
        error: "Cannot read properties of null (reading 'Symbol(Symbol.asyncIterator)')",
        attempt: 1,
        chunkCount: 0,
        model: 'test-model',
        callerId: undefined,
        requestId: 'req_1770643290952',
        streamDurationMs: 0,
        accumulatedContentLength: 0,
        totalToolCalls: 0
      }

      43 |         return;
      44 |     }
    > 45 |     originalConsoleError(...args);
         |     ^
      46 | };
      47 |
      48 | // Silence TypeScript 'never' warnings in mocks by muting console.warn

      at console.error (jest.setup.ts:45:5)
      at Logger.error (src/utils/logger.ts:107:21)
      at StreamController.error (src/core/streaming/StreamController.ts:317:25)
      at resume (src/core/streaming/StreamController.ts:6002:16)
      at fulfill (src/core/streaming/StreamController.ts:6023:5)

    console.warn
      [StreamController.outerRetryStream] Retrying stream after error {
        attempt: 1,
        nextAttempt: 2,
        error: "Cannot read properties of null (reading 'Symbol(Symbol.asyncIterator)')",
        delayMs: 2,
        model: 'test-model',
        callerId: undefined,
        requestId: 'req_1770643290952',
        totalElapsedTimeMs: 2,
        errorType: 'TypeError'
      }

      56 |         return;
      57 |     }
    > 58 |     originalConsoleWarn(...args);
         |     ^
      59 | };
      60 |
      61 | // Add additional Jest setup as needed 

      at console.warn (jest.setup.ts:58:5)
      at Logger.warn (src/utils/logger.ts:101:21)
      at StreamController.warn (src/core/streaming/StreamController.ts:406:21)
      at resume (src/core/streaming/StreamController.ts:6002:16)
      at fulfill (src/core/streaming/StreamController.ts:6023:5)

    console.error
      [StreamController.outerRetryStream] Error during stream iteration {
        error: "Cannot read properties of null (reading 'Symbol(Symbol.asyncIterator)')",
        attempt: 2,
        chunkCount: 0,
        model: 'test-model',
        callerId: undefined,
        requestId: 'req_1770643290952',
        streamDurationMs: 0,
        accumulatedContentLength: 0,
        totalToolCalls: 0
      }

      43 |         return;
      44 |     }
    > 45 |     originalConsoleError(...args);
         |     ^
      46 | };
      47 |
      48 | // Silence TypeScript 'never' warnings in mocks by muting console.warn

      at console.error (jest.setup.ts:45:5)
      at Logger.error (src/utils/logger.ts:107:21)
      at StreamController.error (src/core/streaming/StreamController.ts:317:25)
      at resume (src/core/streaming/StreamController.ts:6002:16)
      at fulfill (src/core/streaming/StreamController.ts:6023:5)

    console.warn
      [StreamController.outerRetryStream] Retrying stream after error {
        attempt: 2,
        nextAttempt: 3,
        error: "Cannot read properties of null (reading 'Symbol(Symbol.asyncIterator)')",
        delayMs: 4,
        model: 'test-model',
        callerId: undefined,
        requestId: 'req_1770643290952',
        totalElapsedTimeMs: 8,
        errorType: 'TypeError'
      }

      56 |         return;
      57 |     }
    > 58 |     originalConsoleWarn(...args);
         |     ^
      59 | };
      60 |
      61 | // Add additional Jest setup as needed 

      at console.warn (jest.setup.ts:58:5)
      at Logger.warn (src/utils/logger.ts:101:21)
      at StreamController.warn (src/core/streaming/StreamController.ts:406:21)
      at resume (src/core/streaming/StreamController.ts:6002:16)
      at fulfill (src/core/streaming/StreamController.ts:6023:5)

    console.error
      [StreamController.outerRetryStream] Error during stream iteration {
        error: "Cannot read properties of null (reading 'Symbol(Symbol.asyncIterator)')",
        attempt: 3,
        chunkCount: 0,
        model: 'test-model',
        callerId: undefined,
        requestId: 'req_1770643290952',
        streamDurationMs: 1,
        accumulatedContentLength: 0,
        totalToolCalls: 0
      }

      43 |         return;
      44 |     }
    > 45 |     originalConsoleError(...args);
         |     ^
      46 | };
      47 |
      48 | // Silence TypeScript 'never' warnings in mocks by muting console.warn

      at console.error (jest.setup.ts:45:5)
      at Logger.error (src/utils/logger.ts:107:21)
      at StreamController.error (src/core/streaming/StreamController.ts:317:25)
      at resume (src/core/streaming/StreamController.ts:6002:16)
      at fulfill (src/core/streaming/StreamController.ts:6023:5)

    console.warn
      [StreamController.outerRetryStream] Retrying stream after error {
        attempt: 3,
        nextAttempt: 4,
        error: "Cannot read properties of null (reading 'Symbol(Symbol.asyncIterator)')",
        delayMs: 8,
        model: 'test-model',
        callerId: undefined,
        requestId: 'req_1770643290952',
        totalElapsedTimeMs: 14,
        errorType: 'TypeError'
      }

      56 |         return;
      57 |     }
    > 58 |     originalConsoleWarn(...args);
         |     ^
      59 | };
      60 |
      61 | // Add additional Jest setup as needed 

      at console.warn (jest.setup.ts:58:5)
      at Logger.warn (src/utils/logger.ts:101:21)
      at StreamController.warn (src/core/streaming/StreamController.ts:406:21)
      at resume (src/core/streaming/StreamController.ts:6002:16)
      at fulfill (src/core/streaming/StreamController.ts:6023:5)

    console.error
      [StreamController.outerRetryStream] Error during stream iteration {
        error: "Cannot read properties of null (reading 'Symbol(Symbol.asyncIterator)')",
        attempt: 4,
        chunkCount: 0,
        model: 'test-model',
        callerId: undefined,
        requestId: 'req_1770643290952',
        streamDurationMs: 0,
        accumulatedContentLength: 0,
        totalToolCalls: 0
      }

      43 |         return;
      44 |     }
    > 45 |     originalConsoleError(...args);
         |     ^
      46 | };
      47 |
      48 | // Silence TypeScript 'never' warnings in mocks by muting console.warn

      at console.error (jest.setup.ts:45:5)
      at Logger.error (src/utils/logger.ts:107:21)
      at StreamController.error (src/core/streaming/StreamController.ts:317:25)
      at resume (src/core/streaming/StreamController.ts:6002:16)
      at fulfill (src/core/streaming/StreamController.ts:6023:5)

    console.error
      [StreamController.outerRetryStream] All retry attempts failed {
        maxRetries: 3,
        totalAttempts: 4,
        model: 'test-model',
        callerId: undefined,
        requestId: 'req_1770643290952',
        lastError: "Cannot read properties of null (reading 'Symbol(Symbol.asyncIterator)')",
        totalTimeMs: 25,
        failureCategory: 'TypeError'
      }

      43 |         return;
      44 |     }
    > 45 |     originalConsoleError(...args);
         |     ^
      46 | };
      47 |
      48 | // Silence TypeScript 'never' warnings in mocks by muting console.warn

      at console.error (jest.setup.ts:45:5)
      at Logger.error (src/utils/logger.ts:107:21)
      at StreamController.error (src/core/streaming/StreamController.ts:386:25)
      at resume (src/core/streaming/StreamController.ts:6002:16)
      at fulfill (src/core/streaming/StreamController.ts:6023:5)

FAIL src/tests/unit/core/chat/ChatController.test.ts
  ● Console

    console.log
      RetryManager: Attempt 2 - Reason: Network connection failed

      at RetryManager.log (src/core/retry/RetryManager.ts:58:29)

  ● ChatController › should properly handle validation failures in responseProcessor

    expect(received).rejects.toThrow()

    Received promise resolved instead of rejected
    Resolved to value: {"content": "Test response", "metadata": {"finishReason": "stop", "usage": {"costs": {"input": {"cached": 0, "total": 0.0001}, "output": {"reasoning": 0, "total": 0.0002}, "total": 0.0003}, "tokens": {"input": {"cached": 0, "total": 10}, "output": {"reasoning": 0, "total": 10}, "total": 20}}}, "role": "assistant", "toolCalls": []}

      619 |
      620 |     // Should throw error when validation fails
    > 621 |     await expect(chatController.execute({
          |           ^
      622 |       model: 'test-model',
      623 |       messages: [{ role: 'user', content: 'Hello' }]
      624 |     })).rejects.toThrow(/Failed to validate response/);

      at expect (node_modules/expect/build/index.js:113:15)
      at src/tests/unit/core/chat/ChatController.test.ts:621:11
      at src/tests/unit/core/chat/ChatController.test.ts:7:71
      at __awaiter (src/tests/unit/core/chat/ChatController.test.ts:3:12)
      at Object.<anonymous> (src/tests/unit/core/chat/ChatController.test.ts:615:84)

PASS src/tests/unit/core/caller/LLMCaller.settings.test.ts
PASS src/tests/unit/core/caller/LLMCaller.tools.test.ts
PASS src/tests/integration/core/tools/PathResolution.test.ts
  ● Console

    console.log
      getDirname() without import.meta.url: /Users/maximantonov/Work/_lab/callllm/src/utils

      at Object.<anonymous> (src/tests/integration/core/tools/PathResolution.test.ts:55:21)

    console.log
      getDirname(import.meta.url) from test: /Users/maximantonov/Work/_lab/callllm/src/tests/integration/core/tools

      at Object.<anonymous> (src/tests/integration/core/tools/PathResolution.test.ts:56:21)

    console.log
      Buggy path that caused the error: /Users/maximantonov/Work/_lab/callllm/src/utils/functions

      at Object.<anonymous> (src/tests/integration/core/tools/PathResolution.test.ts:88:21)

    console.log
      This directory does not exist, hence the "Tools directory not found" error

      at Object.<anonymous> (src/tests/integration/core/tools/PathResolution.test.ts:89:21)

    console.log
      Fixed approach gets correct directory: /Users/maximantonov/Work/_lab/callllm/src/tests/integration/core/tools

      at Object.<anonymous> (src/tests/integration/core/tools/PathResolution.test.ts:105:21)

    console.log
      From here, relative paths like "./functions" work as expected

      at Object.<anonymous> (src/tests/integration/core/tools/PathResolution.test.ts:106:21)

    console.log
      
      Why unit tests missed this:

      at Object.<anonymous> (src/tests/integration/core/tools/PathResolution.test.ts:123:21)

    console.log
      1. Unit tests mock getDirname() to return hardcoded paths

      at Object.<anonymous> (src/tests/integration/core/tools/PathResolution.test.ts:124:21)

    console.log
      2. Mocks bypass the real import.meta.url resolution logic

      at Object.<anonymous> (src/tests/integration/core/tools/PathResolution.test.ts:125:21)

    console.log
      3. Tests never exercise cross-directory calling contexts

      at Object.<anonymous> (src/tests/integration/core/tools/PathResolution.test.ts:126:21)

    console.log
      4. Integration tests with real path resolution are needed to catch this

      at Object.<anonymous> (src/tests/integration/core/tools/PathResolution.test.ts:127:21)

PASS src/tests/unit/core/caller/LLMCaller.mcp.test.ts
PASS src/tests/unit/core/caller/LLMCaller.images.test.ts
  ● Console

    console.log
      Intercepted call() with file: /path/to/image.jpg

      at src/tests/unit/core/caller/LLMCaller.images.test.ts:247:15

    console.log
      Image input detected, throwing CapabilityError

      at src/tests/unit/core/caller/LLMCaller.images.test.ts:251:17

PASS src/tests/unit/core/caller/LLMCaller.test.ts
  ● Console

    console.log
      [StreamHistoryProcessor.constructor] Initialized StreamHistoryProcessor

      at Logger.log [as debug] (src/utils/logger.ts:89:21)

    console.log
      [StreamHistoryProcessor.constructor] Initialized StreamHistoryProcessor

      at Logger.log [as debug] (src/utils/logger.ts:89:21)

    console.error
      [LLMCaller.call] Error in call method: Error: Model non-existent-model not found
          at LLMCaller.resolveModelWithCapabilities (/Users/maximantonov/Work/_lab/callllm/src/core/caller/LLMCaller.ts:653:15)
          at LLMCaller.resolveModelWithCapabilities [as getResolvedModel] (/Users/maximantonov/Work/_lab/callllm/src/core/caller/LLMCaller.ts:620:32)
          at LLMCaller.getResolvedModel (/Users/maximantonov/Work/_lab/callllm/src/core/caller/LLMCaller.ts:1668:86)
          at Generator.next (<anonymous>)
          at /Users/maximantonov/Work/_lab/callllm/src/core/caller/LLMCaller.ts:37371:40
          at new Promise (<anonymous>)
          at __awaiter (/Users/maximantonov/Work/_lab/callllm/src/core/caller/LLMCaller.ts:37320:10)
          at LLMCaller.call (/Users/maximantonov/Work/_lab/callllm/src/core/caller/LLMCaller.ts:41781:12)
          at /Users/maximantonov/Work/_lab/callllm/src/tests/unit/core/caller/LLMCaller.test.ts:320:27
          at Generator.next (<anonymous>)
          at /Users/maximantonov/Work/_lab/callllm/src/tests/unit/core/caller/LLMCaller.test.ts:7:71
          at new Promise (<anonymous>)
          at __awaiter (/Users/maximantonov/Work/_lab/callllm/src/tests/unit/core/caller/LLMCaller.test.ts:3:12)
          at Object.<anonymous> (/Users/maximantonov/Work/_lab/callllm/src/tests/unit/core/caller/LLMCaller.test.ts:311:77)
          at Promise.then.completed (/Users/maximantonov/Work/_lab/callllm/node_modules/jest-circus/build/utils.js:298:28)
          at new Promise (<anonymous>)
          at callAsyncCircusFn (/Users/maximantonov/Work/_lab/callllm/node_modules/jest-circus/build/utils.js:231:10)
          at _callCircusTest (/Users/maximantonov/Work/_lab/callllm/node_modules/jest-circus/build/run.js:316:40)
          at processTicksAndRejections (node:internal/process/task_queues:103:5)
          at _runTest (/Users/maximantonov/Work/_lab/callllm/node_modules/jest-circus/build/run.js:252:3)
          at _runTestsForDescribeBlock (/Users/maximantonov/Work/_lab/callllm/node_modules/jest-circus/build/run.js:126:9)
          at _runTestsForDescribeBlock (/Users/maximantonov/Work/_lab/callllm/node_modules/jest-circus/build/run.js:121:9)
          at _runTestsForDescribeBlock (/Users/maximantonov/Work/_lab/callllm/node_modules/jest-circus/build/run.js:121:9)
          at run (/Users/maximantonov/Work/_lab/callllm/node_modules/jest-circus/build/run.js:71:3)
          at runAndTransformResultsToJestFormat (/Users/maximantonov/Work/_lab/callllm/node_modules/jest-circus/build/legacy-code-todo-rewrite/jestAdapterInit.js:122:21)
          at jestAdapter (/Users/maximantonov/Work/_lab/callllm/node_modules/jest-circus/build/legacy-code-todo-rewrite/jestAdapter.js:79:19)
          at runTestInternal (/Users/maximantonov/Work/_lab/callllm/node_modules/jest-runner/build/runTest.js:367:16)
          at runTest (/Users/maximantonov/Work/_lab/callllm/node_modules/jest-runner/build/runTest.js:444:34)
          at Object.worker (/Users/maximantonov/Work/_lab/callllm/node_modules/jest-runner/build/testWorker.js:106:12)

      43 |         return;
      44 |     }
    > 45 |     originalConsoleError(...args);
         |     ^
      46 | };
      47 |
      48 | // Silence TypeScript 'never' warnings in mocks by muting console.warn

      at console.error (jest.setup.ts:45:5)
      at Logger.error (src/utils/logger.ts:107:21)
      at LLMCaller.error (src/core/caller/LLMCaller.ts:2129:17)
      at src/core/caller/LLMCaller.ts:37371:40
      at __awaiter (src/core/caller/LLMCaller.ts:37320:10)
      at LLMCaller.call (src/core/caller/LLMCaller.ts:41781:12)
      at src/tests/unit/core/caller/LLMCaller.test.ts:320:27
      at src/tests/unit/core/caller/LLMCaller.test.ts:7:71
      at __awaiter (src/tests/unit/core/caller/LLMCaller.test.ts:3:12)
      at Object.<anonymous> (src/tests/unit/core/caller/LLMCaller.test.ts:311:77)

    console.log
      [StreamHistoryProcessor.constructor] Initialized StreamHistoryProcessor

      at Logger.log [as debug] (src/utils/logger.ts:89:21)

    console.log
      [StreamHistoryProcessor.constructor] Initialized StreamHistoryProcessor

      at Logger.log [as debug] (src/utils/logger.ts:89:21)

    console.log
      [StreamHistoryProcessor.constructor] Initialized StreamHistoryProcessor

      at Logger.log [as debug] (src/utils/logger.ts:89:21)

    console.log
      [StreamHistoryProcessor.constructor] Initialized StreamHistoryProcessor

      at Logger.log [as debug] (src/utils/logger.ts:89:21)

    console.log
      [StreamHistoryProcessor.constructor] Initialized StreamHistoryProcessor

      at Logger.log [as debug] (src/utils/logger.ts:89:21)

    console.log
      [StreamHistoryProcessor.constructor] Initialized StreamHistoryProcessor

      at Logger.log [as debug] (src/utils/logger.ts:89:21)

    console.error
      Error in stream method: Error: Stream creation failed
          at /Users/maximantonov/Work/_lab/callllm/src/tests/unit/core/caller/LLMCaller.test.ts:370:59
          at Generator.next (<anonymous>)
          at /Users/maximantonov/Work/_lab/callllm/src/tests/unit/core/caller/LLMCaller.test.ts:7:71
          at new Promise (<anonymous>)
          at __awaiter (/Users/maximantonov/Work/_lab/callllm/src/tests/unit/core/caller/LLMCaller.test.ts:3:12)
          at Object.<anonymous> (/Users/maximantonov/Work/_lab/callllm/src/tests/unit/core/caller/LLMCaller.test.ts:368:73)
          at Promise.then.completed (/Users/maximantonov/Work/_lab/callllm/node_modules/jest-circus/build/utils.js:298:28)
          at new Promise (<anonymous>)
          at callAsyncCircusFn (/Users/maximantonov/Work/_lab/callllm/node_modules/jest-circus/build/utils.js:231:10)
          at _callCircusTest (/Users/maximantonov/Work/_lab/callllm/node_modules/jest-circus/build/run.js:316:40)
          at processTicksAndRejections (node:internal/process/task_queues:103:5)
          at _runTest (/Users/maximantonov/Work/_lab/callllm/node_modules/jest-circus/build/run.js:252:3)
          at _runTestsForDescribeBlock (/Users/maximantonov/Work/_lab/callllm/node_modules/jest-circus/build/run.js:126:9)
          at _runTestsForDescribeBlock (/Users/maximantonov/Work/_lab/callllm/node_modules/jest-circus/build/run.js:121:9)
          at _runTestsForDescribeBlock (/Users/maximantonov/Work/_lab/callllm/node_modules/jest-circus/build/run.js:121:9)
          at run (/Users/maximantonov/Work/_lab/callllm/node_modules/jest-circus/build/run.js:71:3)
          at runAndTransformResultsToJestFormat (/Users/maximantonov/Work/_lab/callllm/node_modules/jest-circus/build/legacy-code-todo-rewrite/jestAdapterInit.js:122:21)
          at jestAdapter (/Users/maximantonov/Work/_lab/callllm/node_modules/jest-circus/build/legacy-code-todo-rewrite/jestAdapter.js:79:19)
          at runTestInternal (/Users/maximantonov/Work/_lab/callllm/node_modules/jest-runner/build/runTest.js:367:16)
          at runTest (/Users/maximantonov/Work/_lab/callllm/node_modules/jest-runner/build/runTest.js:444:34)
          at Object.worker (/Users/maximantonov/Work/_lab/callllm/node_modules/jest-runner/build/testWorker.js:106:12)

      43 |         return;
      44 |     }
    > 45 |     originalConsoleError(...args);
         |     ^
      46 | };
      47 |
      48 | // Silence TypeScript 'never' warnings in mocks by muting console.warn

      at console.error (jest.setup.ts:45:5)
      at Logger.error (src/utils/logger.ts:107:21)
      at LLMCaller.error (src/core/caller/LLMCaller.ts:1532:20)
          at stream_2.throw (<anonymous>)
      at resume (src/core/caller/LLMCaller.ts:37646:16)
      at reject (src/core/caller/LLMCaller.ts:37673:5)

    console.error
      Error in stream method: Error: Stream creation failed
          at /Users/maximantonov/Work/_lab/callllm/src/tests/unit/core/caller/LLMCaller.test.ts:402:59
          at Generator.next (<anonymous>)
          at /Users/maximantonov/Work/_lab/callllm/src/tests/unit/core/caller/LLMCaller.test.ts:7:71
          at new Promise (<anonymous>)
          at __awaiter (/Users/maximantonov/Work/_lab/callllm/src/tests/unit/core/caller/LLMCaller.test.ts:3:12)
          at Object.<anonymous> (/Users/maximantonov/Work/_lab/callllm/src/tests/unit/core/caller/LLMCaller.test.ts:394:63)
          at Promise.then.completed (/Users/maximantonov/Work/_lab/callllm/node_modules/jest-circus/build/utils.js:298:28)
          at new Promise (<anonymous>)
          at callAsyncCircusFn (/Users/maximantonov/Work/_lab/callllm/node_modules/jest-circus/build/utils.js:231:10)
          at _callCircusTest (/Users/maximantonov/Work/_lab/callllm/node_modules/jest-circus/build/run.js:316:40)
          at processTicksAndRejections (node:internal/process/task_queues:103:5)
          at _runTest (/Users/maximantonov/Work/_lab/callllm/node_modules/jest-circus/build/run.js:252:3)
          at _runTestsForDescribeBlock (/Users/maximantonov/Work/_lab/callllm/node_modules/jest-circus/build/run.js:126:9)
          at _runTestsForDescribeBlock (/Users/maximantonov/Work/_lab/callllm/node_modules/jest-circus/build/run.js:121:9)
          at _runTestsForDescribeBlock (/Users/maximantonov/Work/_lab/callllm/node_modules/jest-circus/build/run.js:121:9)
          at run (/Users/maximantonov/Work/_lab/callllm/node_modules/jest-circus/build/run.js:71:3)
          at runAndTransformResultsToJestFormat (/Users/maximantonov/Work/_lab/callllm/node_modules/jest-circus/build/legacy-code-todo-rewrite/jestAdapterInit.js:122:21)
          at jestAdapter (/Users/maximantonov/Work/_lab/callllm/node_modules/jest-circus/build/legacy-code-todo-rewrite/jestAdapter.js:79:19)
          at runTestInternal (/Users/maximantonov/Work/_lab/callllm/node_modules/jest-runner/build/runTest.js:367:16)
          at runTest (/Users/maximantonov/Work/_lab/callllm/node_modules/jest-runner/build/runTest.js:444:34)
          at Object.worker (/Users/maximantonov/Work/_lab/callllm/node_modules/jest-runner/build/testWorker.js:106:12)

      43 |         return;
      44 |     }
    > 45 |     originalConsoleError(...args);
         |     ^
      46 | };
      47 |
      48 | // Silence TypeScript 'never' warnings in mocks by muting console.warn

      at console.error (jest.setup.ts:45:5)
      at Logger.error (src/utils/logger.ts:107:21)
      at LLMCaller.error (src/core/caller/LLMCaller.ts:1532:20)
          at stream_2.throw (<anonymous>)
      at resume (src/core/caller/LLMCaller.ts:37646:16)
      at reject (src/core/caller/LLMCaller.ts:37673:5)

    console.error
      [LLMCaller.call] Error in call method: CapabilityError: Model "text-only-model" does not support image inputs.
          at LLMCaller.<anonymous> (/Users/maximantonov/Work/_lab/callllm/src/core/caller/LLMCaller.ts:1674:27)
          at Generator.next (<anonymous>)
          at /Users/maximantonov/Work/_lab/callllm/src/core/caller/LLMCaller.ts:37371:40
          at new Promise (<anonymous>)
          at __awaiter (/Users/maximantonov/Work/_lab/callllm/src/core/caller/LLMCaller.ts:37320:10)
          at LLMCaller.call (/Users/maximantonov/Work/_lab/callllm/src/core/caller/LLMCaller.ts:41781:12)
          at /Users/maximantonov/Work/_lab/callllm/src/tests/unit/core/caller/LLMCaller.test.ts:669:35
          at Generator.next (<anonymous>)
          at /Users/maximantonov/Work/_lab/callllm/src/tests/unit/core/caller/LLMCaller.test.ts:7:71
          at new Promise (<anonymous>)
          at __awaiter (/Users/maximantonov/Work/_lab/callllm/src/tests/unit/core/caller/LLMCaller.test.ts:3:12)
          at Object.<anonymous> (/Users/maximantonov/Work/_lab/callllm/src/tests/unit/core/caller/LLMCaller.test.ts:631:81)
          at Promise.then.completed (/Users/maximantonov/Work/_lab/callllm/node_modules/jest-circus/build/utils.js:298:28)
          at new Promise (<anonymous>)
          at callAsyncCircusFn (/Users/maximantonov/Work/_lab/callllm/node_modules/jest-circus/build/utils.js:231:10)
          at _callCircusTest (/Users/maximantonov/Work/_lab/callllm/node_modules/jest-circus/build/run.js:316:40)
          at processTicksAndRejections (node:internal/process/task_queues:103:5)
          at _runTest (/Users/maximantonov/Work/_lab/callllm/node_modules/jest-circus/build/run.js:252:3)
          at _runTestsForDescribeBlock (/Users/maximantonov/Work/_lab/callllm/node_modules/jest-circus/build/run.js:126:9)
          at _runTestsForDescribeBlock (/Users/maximantonov/Work/_lab/callllm/node_modules/jest-circus/build/run.js:121:9)
          at _runTestsForDescribeBlock (/Users/maximantonov/Work/_lab/callllm/node_modules/jest-circus/build/run.js:121:9)
          at run (/Users/maximantonov/Work/_lab/callllm/node_modules/jest-circus/build/run.js:71:3)
          at runAndTransformResultsToJestFormat (/Users/maximantonov/Work/_lab/callllm/node_modules/jest-circus/build/legacy-code-todo-rewrite/jestAdapterInit.js:122:21)
          at jestAdapter (/Users/maximantonov/Work/_lab/callllm/node_modules/jest-circus/build/legacy-code-todo-rewrite/jestAdapter.js:79:19)
          at runTestInternal (/Users/maximantonov/Work/_lab/callllm/node_modules/jest-runner/build/runTest.js:367:16)
          at runTest (/Users/maximantonov/Work/_lab/callllm/node_modules/jest-runner/build/runTest.js:444:34)
          at Object.worker (/Users/maximantonov/Work/_lab/callllm/node_modules/jest-runner/build/testWorker.js:106:12)

      43 |         return;
      44 |     }
    > 45 |     originalConsoleError(...args);
         |     ^
      46 | };
      47 |
      48 | // Silence TypeScript 'never' warnings in mocks by muting console.warn

      at console.error (jest.setup.ts:45:5)
      at Logger.error (src/utils/logger.ts:107:21)
      at LLMCaller.error (src/core/caller/LLMCaller.ts:2129:17)
      at src/core/caller/LLMCaller.ts:37371:40
      at __awaiter (src/core/caller/LLMCaller.ts:37320:10)
      at LLMCaller.call (src/core/caller/LLMCaller.ts:41781:12)
      at src/tests/unit/core/caller/LLMCaller.test.ts:669:35
      at src/tests/unit/core/caller/LLMCaller.test.ts:7:71
      at __awaiter (src/tests/unit/core/caller/LLMCaller.test.ts:3:12)
      at Object.<anonymous> (src/tests/unit/core/caller/LLMCaller.test.ts:631:81)

    console.error
      Error in stream method: CapabilityError: Model "text-only-model" does not support image inputs.
          at LLMCaller.stream_2 (/Users/maximantonov/Work/_lab/callllm/src/core/caller/LLMCaller.ts:1356:27)
          at stream_2.next (<anonymous>)
          at resume (/Users/maximantonov/Work/_lab/callllm/src/core/caller/LLMCaller.ts:37646:16)
          at /Users/maximantonov/Work/_lab/callllm/src/core/caller/LLMCaller.ts:37618:41
          at new Promise (<anonymous>)
          at Object.i.<computed> [as next] (/Users/maximantonov/Work/_lab/callllm/src/core/caller/LLMCaller.ts:37611:16)
          at /Users/maximantonov/Work/_lab/callllm/src/tests/unit/core/caller/LLMCaller.test.ts:715:37
          at Generator.next (<anonymous>)
          at /Users/maximantonov/Work/_lab/callllm/src/tests/unit/core/caller/LLMCaller.test.ts:7:71
          at new Promise (<anonymous>)
          at __awaiter (/Users/maximantonov/Work/_lab/callllm/src/tests/unit/core/caller/LLMCaller.test.ts:3:12)
          at /Users/maximantonov/Work/_lab/callllm/src/tests/unit/core/caller/LLMCaller.test.ts:712:31
          at Object.toThrow (/Users/maximantonov/Work/_lab/callllm/node_modules/expect/build/index.js:202:58)
          at /Users/maximantonov/Work/_lab/callllm/src/tests/unit/core/caller/LLMCaller.test.ts:721:18
          at Generator.next (<anonymous>)
          at /Users/maximantonov/Work/_lab/callllm/src/tests/unit/core/caller/LLMCaller.test.ts:7:71
          at new Promise (<anonymous>)
          at __awaiter (/Users/maximantonov/Work/_lab/callllm/src/tests/unit/core/caller/LLMCaller.test.ts:3:12)
          at Object.<anonymous> (/Users/maximantonov/Work/_lab/callllm/src/tests/unit/core/caller/LLMCaller.test.ts:674:83)
          at Promise.then.completed (/Users/maximantonov/Work/_lab/callllm/node_modules/jest-circus/build/utils.js:298:28)
          at new Promise (<anonymous>)
          at callAsyncCircusFn (/Users/maximantonov/Work/_lab/callllm/node_modules/jest-circus/build/utils.js:231:10)
          at _callCircusTest (/Users/maximantonov/Work/_lab/callllm/node_modules/jest-circus/build/run.js:316:40)
          at processTicksAndRejections (node:internal/process/task_queues:103:5)
          at _runTest (/Users/maximantonov/Work/_lab/callllm/node_modules/jest-circus/build/run.js:252:3)
          at _runTestsForDescribeBlock (/Users/maximantonov/Work/_lab/callllm/node_modules/jest-circus/build/run.js:126:9)
          at _runTestsForDescribeBlock (/Users/maximantonov/Work/_lab/callllm/node_modules/jest-circus/build/run.js:121:9)
          at _runTestsForDescribeBlock (/Users/maximantonov/Work/_lab/callllm/node_modules/jest-circus/build/run.js:121:9)
          at run (/Users/maximantonov/Work/_lab/callllm/node_modules/jest-circus/build/run.js:71:3)
          at runAndTransformResultsToJestFormat (/Users/maximantonov/Work/_lab/callllm/node_modules/jest-circus/build/legacy-code-todo-rewrite/jestAdapterInit.js:122:21)
          at jestAdapter (/Users/maximantonov/Work/_lab/callllm/node_modules/jest-circus/build/legacy-code-todo-rewrite/jestAdapter.js:79:19)
          at runTestInternal (/Users/maximantonov/Work/_lab/callllm/node_modules/jest-runner/build/runTest.js:367:16)
          at runTest (/Users/maximantonov/Work/_lab/callllm/node_modules/jest-runner/build/runTest.js:444:34)
          at Object.worker (/Users/maximantonov/Work/_lab/callllm/node_modules/jest-runner/build/testWorker.js:106:12)

      43 |         return;
      44 |     }
    > 45 |     originalConsoleError(...args);
         |     ^
      46 | };
      47 |
      48 | // Silence TypeScript 'never' warnings in mocks by muting console.warn

      at console.error (jest.setup.ts:45:5)
      at Logger.error (src/utils/logger.ts:107:21)
      at LLMCaller.error (src/core/caller/LLMCaller.ts:1532:20)
          at stream_2.next (<anonymous>)
      at resume (src/core/caller/LLMCaller.ts:37646:16)
      at src/core/caller/LLMCaller.ts:37618:41
      at Object.i.<computed> [as next] (src/core/caller/LLMCaller.ts:37611:16)
      at src/tests/unit/core/caller/LLMCaller.test.ts:715:37
      at src/tests/unit/core/caller/LLMCaller.test.ts:7:71
      at __awaiter (src/tests/unit/core/caller/LLMCaller.test.ts:3:12)
      at src/tests/unit/core/caller/LLMCaller.test.ts:712:31
      at Object.toThrow (node_modules/expect/build/index.js:202:58)
      at src/tests/unit/core/caller/LLMCaller.test.ts:721:18
      at src/tests/unit/core/caller/LLMCaller.test.ts:7:71
      at __awaiter (src/tests/unit/core/caller/LLMCaller.test.ts:3:12)
      at Object.<anonymous> (src/tests/unit/core/caller/LLMCaller.test.ts:674:83)

    console.error
      [LLMCaller.call] Error in call method: Error: Model cheap not found
          at LLMCaller.resolveModelWithCapabilities (/Users/maximantonov/Work/_lab/callllm/src/core/caller/LLMCaller.ts:653:15)
          at LLMCaller.resolveModelWithCapabilities [as getResolvedModel] (/Users/maximantonov/Work/_lab/callllm/src/core/caller/LLMCaller.ts:620:32)
          at LLMCaller.getResolvedModel (/Users/maximantonov/Work/_lab/callllm/src/core/caller/LLMCaller.ts:1668:86)
          at Generator.next (<anonymous>)
          at /Users/maximantonov/Work/_lab/callllm/src/core/caller/LLMCaller.ts:37371:40
          at new Promise (<anonymous>)
          at __awaiter (/Users/maximantonov/Work/_lab/callllm/src/core/caller/LLMCaller.ts:37320:10)
          at LLMCaller.call (/Users/maximantonov/Work/_lab/callllm/src/core/caller/LLMCaller.ts:41781:12)
          at /Users/maximantonov/Work/_lab/callllm/src/tests/unit/core/caller/LLMCaller.test.ts:1187:27
          at Generator.next (<anonymous>)
          at /Users/maximantonov/Work/_lab/callllm/src/tests/unit/core/caller/LLMCaller.test.ts:7:71
          at new Promise (<anonymous>)
          at __awaiter (/Users/maximantonov/Work/_lab/callllm/src/tests/unit/core/caller/LLMCaller.test.ts:3:12)
          at Object.<anonymous> (/Users/maximantonov/Work/_lab/callllm/src/tests/unit/core/caller/LLMCaller.test.ts:1170:73)
          at Promise.then.completed (/Users/maximantonov/Work/_lab/callllm/node_modules/jest-circus/build/utils.js:298:28)
          at new Promise (<anonymous>)
          at callAsyncCircusFn (/Users/maximantonov/Work/_lab/callllm/node_modules/jest-circus/build/utils.js:231:10)
          at _callCircusTest (/Users/maximantonov/Work/_lab/callllm/node_modules/jest-circus/build/run.js:316:40)
          at processTicksAndRejections (node:internal/process/task_queues:103:5)
          at _runTest (/Users/maximantonov/Work/_lab/callllm/node_modules/jest-circus/build/run.js:252:3)
          at _runTestsForDescribeBlock (/Users/maximantonov/Work/_lab/callllm/node_modules/jest-circus/build/run.js:126:9)
          at _runTestsForDescribeBlock (/Users/maximantonov/Work/_lab/callllm/node_modules/jest-circus/build/run.js:121:9)
          at _runTestsForDescribeBlock (/Users/maximantonov/Work/_lab/callllm/node_modules/jest-circus/build/run.js:121:9)
          at run (/Users/maximantonov/Work/_lab/callllm/node_modules/jest-circus/build/run.js:71:3)
          at runAndTransformResultsToJestFormat (/Users/maximantonov/Work/_lab/callllm/node_modules/jest-circus/build/legacy-code-todo-rewrite/jestAdapterInit.js:122:21)
          at jestAdapter (/Users/maximantonov/Work/_lab/callllm/node_modules/jest-circus/build/legacy-code-todo-rewrite/jestAdapter.js:79:19)
          at runTestInternal (/Users/maximantonov/Work/_lab/callllm/node_modules/jest-runner/build/runTest.js:367:16)
          at runTest (/Users/maximantonov/Work/_lab/callllm/node_modules/jest-runner/build/runTest.js:444:34)
          at Object.worker (/Users/maximantonov/Work/_lab/callllm/node_modules/jest-runner/build/testWorker.js:106:12)

      43 |         return;
      44 |     }
    > 45 |     originalConsoleError(...args);
         |     ^
      46 | };
      47 |
      48 | // Silence TypeScript 'never' warnings in mocks by muting console.warn

      at console.error (jest.setup.ts:45:5)
      at Logger.error (src/utils/logger.ts:107:21)
      at LLMCaller.error (src/core/caller/LLMCaller.ts:2129:17)
      at src/core/caller/LLMCaller.ts:37371:40
      at __awaiter (src/core/caller/LLMCaller.ts:37320:10)
      at LLMCaller.call (src/core/caller/LLMCaller.ts:41781:12)
      at src/tests/unit/core/caller/LLMCaller.test.ts:1187:27
      at src/tests/unit/core/caller/LLMCaller.test.ts:7:71
      at __awaiter (src/tests/unit/core/caller/LLMCaller.test.ts:3:12)
      at Object.<anonymous> (src/tests/unit/core/caller/LLMCaller.test.ts:1170:73)

PASS src/tests/unit/core/caller/LLMCaller.embeddings.test.ts
  ● Console

    console.log
      [StreamHistoryProcessor.constructor] Initialized StreamHistoryProcessor

      at Logger.log [as debug] (src/utils/logger.ts:89:21)

    console.log
      [StreamHistoryProcessor.constructor] Initialized StreamHistoryProcessor

      at Logger.log [as debug] (src/utils/logger.ts:89:21)

    console.log
      [EmbeddingController] Successfully generated embeddings {
        model: 'text-embedding-3-small',
        inputCount: 1,
        tokensUsed: 10,
        cost: 0.0001
      }

      at Logger.log [as info] (src/utils/logger.ts:95:21)

    console.log
      [StreamHistoryProcessor.constructor] Initialized StreamHistoryProcessor

      at Logger.log [as debug] (src/utils/logger.ts:89:21)

    console.log
      [StreamHistoryProcessor.constructor] Initialized StreamHistoryProcessor

      at Logger.log [as debug] (src/utils/logger.ts:89:21)

    console.log
      [StreamHistoryProcessor.constructor] Initialized StreamHistoryProcessor

      at Logger.log [as debug] (src/utils/logger.ts:89:21)

    console.log
      [StreamHistoryProcessor.constructor] Initialized StreamHistoryProcessor

      at Logger.log [as debug] (src/utils/logger.ts:89:21)

    console.log
      [StreamHistoryProcessor.constructor] Initialized StreamHistoryProcessor

      at Logger.log [as debug] (src/utils/logger.ts:89:21)

    console.log
      [StreamHistoryProcessor.constructor] Initialized StreamHistoryProcessor

      at Logger.log [as debug] (src/utils/logger.ts:89:21)

PASS src/tests/unit/adapters/openai/validator.test.ts
  ● Console

    console.warn
      [OpenAIResponseAdapter.Validator] Temperature provided for reasoning-capable model; ignoring. { model: 'o3-mini', temperature: 0.7 }

      56 |         return;
      57 |     }
    > 58 |     originalConsoleWarn(...args);
         |     ^
      59 | };
      60 |
      61 | // Add additional Jest setup as needed 

      at console.warn (jest.setup.ts:58:5)
      at Logger.warn (src/utils/logger.ts:101:21)
      at Validator.warn [as validateParams] (src/adapters/openai/validator.ts:58:17)
      at src/tests/unit/adapters/openai/validator.test.ts:287:32
      at Object.<anonymous> (node_modules/expect/build/toThrowMatchers.js:74:11)
      at Object.throwingMatcher [as toThrow] (node_modules/expect/build/index.js:320:21)
      at Object.<anonymous> (src/tests/unit/adapters/openai/validator.test.ts:287:60)

PASS src/tests/unit/core/caller/LLMCaller.video.test.ts
  ● Console

    console.log
      [StreamHistoryProcessor.constructor] Initialized StreamHistoryProcessor

      at Logger.log [as debug] (src/utils/logger.ts:89:21)

    console.log
      [StreamHistoryProcessor.constructor] Initialized StreamHistoryProcessor

      at Logger.log [as debug] (src/utils/logger.ts:89:21)

    console.log
      [LLMCaller.call] Detected video output request; will attempt to route to videoCall {
        requestedModel: 'sora-2',
        size: '1280x720',
        seconds: 4,
        wait: 'poll',
        variant: undefined
      }

      at Logger.log [as info] (src/utils/logger.ts:95:21)

    console.log
      [LLMCaller.call] Routing to provider videoCall (short-circuit) {
        model: 'sora-2',
        size: '1280x720',
        seconds: 4,
        wait: 'poll',
        variant: undefined
      }

      at Logger.log [as info] (src/utils/logger.ts:95:21)

    console.log
      [LLMCaller.call] videoCall completed {
        model: 'sora-2',
        status: 'completed',
        jobId: 'video_test_123',
        progress: 1,
        savedPath: '/output/video.mp4'
      }

      at Logger.log [as info] (src/utils/logger.ts:95:21)

    console.log
      [StreamHistoryProcessor.constructor] Initialized StreamHistoryProcessor

      at Logger.log [as debug] (src/utils/logger.ts:89:21)

    console.log
      [StreamHistoryProcessor.constructor] Initialized StreamHistoryProcessor

      at Logger.log [as debug] (src/utils/logger.ts:89:21)

    console.log
      [LLMCaller.call] Detected video output request; will attempt to route to videoCall {
        requestedModel: 'sora-2',
        size: '720x1280',
        seconds: 8,
        wait: 'none',
        variant: undefined
      }

      at Logger.log [as info] (src/utils/logger.ts:95:21)

    console.log
      [LLMCaller.call] Routing to provider videoCall (short-circuit) {
        model: 'sora-2',
        size: '720x1280',
        seconds: 8,
        wait: 'none',
        variant: undefined
      }

      at Logger.log [as info] (src/utils/logger.ts:95:21)

    console.log
      [LLMCaller.call] videoCall completed {
        model: 'sora-2',
        status: 'completed',
        jobId: 'video_test_123',
        progress: 1,
        savedPath: '/output/video.mp4'
      }

      at Logger.log [as info] (src/utils/logger.ts:95:21)

    console.log
      [StreamHistoryProcessor.constructor] Initialized StreamHistoryProcessor

      at Logger.log [as debug] (src/utils/logger.ts:89:21)

    console.log
      [StreamHistoryProcessor.constructor] Initialized StreamHistoryProcessor

      at Logger.log [as debug] (src/utils/logger.ts:89:21)

    console.log
      [LLMCaller.call] Detected video output request; will attempt to route to videoCall {
        requestedModel: 'sora-2',
        size: undefined,
        seconds: 4,
        wait: undefined,
        variant: undefined
      }

      at Logger.log [as info] (src/utils/logger.ts:95:21)

    console.log
      [LLMCaller.call] Routing to provider videoCall (short-circuit) {
        model: 'sora-2',
        size: undefined,
        seconds: 4,
        wait: 'none',
        variant: undefined
      }

      at Logger.log [as info] (src/utils/logger.ts:95:21)

    console.log
      [LLMCaller.call] videoCall completed {
        model: 'sora-2',
        status: 'completed',
        jobId: 'video_test_123',
        progress: 1,
        savedPath: '/output/video.mp4'
      }

      at Logger.log [as info] (src/utils/logger.ts:95:21)

    console.log
      [StreamHistoryProcessor.constructor] Initialized StreamHistoryProcessor

      at Logger.log [as debug] (src/utils/logger.ts:89:21)

    console.log
      [StreamHistoryProcessor.constructor] Initialized StreamHistoryProcessor

      at Logger.log [as debug] (src/utils/logger.ts:89:21)

    console.log
      [LLMCaller.call] Detected video output request; will attempt to route to videoCall {
        requestedModel: 'sora-2',
        size: undefined,
        seconds: 4,
        wait: undefined,
        variant: undefined
      }

      at Logger.log [as info] (src/utils/logger.ts:95:21)

    console.log
      [LLMCaller.call] Routing to provider videoCall (short-circuit) {
        model: 'sora-2',
        size: undefined,
        seconds: 4,
        wait: 'none',
        variant: undefined
      }

      at Logger.log [as info] (src/utils/logger.ts:95:21)

    console.log
      [LLMCaller.call] videoCall completed {
        model: 'sora-2',
        status: 'completed',
        jobId: 'video_test_123',
        progress: 1,
        savedPath: '/output/video.mp4'
      }

      at Logger.log [as info] (src/utils/logger.ts:95:21)

    console.log
      [StreamHistoryProcessor.constructor] Initialized StreamHistoryProcessor

      at Logger.log [as debug] (src/utils/logger.ts:89:21)

    console.log
      [StreamHistoryProcessor.constructor] Initialized StreamHistoryProcessor

      at Logger.log [as debug] (src/utils/logger.ts:89:21)

    console.log
      [LLMCaller.call] Detected video output request; will attempt to route to videoCall {
        requestedModel: 'sora-2',
        size: undefined,
        seconds: 4,
        wait: 'poll',
        variant: 'thumbnail'
      }

      at Logger.log [as info] (src/utils/logger.ts:95:21)

    console.log
      [LLMCaller.call] Routing to provider videoCall (short-circuit) {
        model: 'sora-2',
        size: undefined,
        seconds: 4,
        wait: 'poll',
        variant: 'thumbnail'
      }

      at Logger.log [as info] (src/utils/logger.ts:95:21)

    console.log
      [LLMCaller.call] videoCall completed {
        model: 'sora-2',
        status: 'completed',
        jobId: 'video_test_123',
        progress: 1,
        savedPath: '/output/video.mp4'
      }

      at Logger.log [as info] (src/utils/logger.ts:95:21)

    console.log
      [StreamHistoryProcessor.constructor] Initialized StreamHistoryProcessor

      at Logger.log [as debug] (src/utils/logger.ts:89:21)

    console.log
      [StreamHistoryProcessor.constructor] Initialized StreamHistoryProcessor

      at Logger.log [as debug] (src/utils/logger.ts:89:21)

    console.log
      [StreamHistoryProcessor.constructor] Initialized StreamHistoryProcessor

      at Logger.log [as debug] (src/utils/logger.ts:89:21)

    console.log
      [StreamHistoryProcessor.constructor] Initialized StreamHistoryProcessor

      at Logger.log [as debug] (src/utils/logger.ts:89:21)

    console.log
      [LLMCaller.call] Detected video output request; will attempt to route to videoCall {
        requestedModel: 'sora-2',
        size: undefined,
        seconds: 4,
        wait: 'poll',
        variant: undefined
      }

      at Logger.log [as info] (src/utils/logger.ts:95:21)

    console.log
      [LLMCaller.call] Routing to provider videoCall (short-circuit) {
        model: 'sora-2',
        size: undefined,
        seconds: 4,
        wait: 'poll',
        variant: undefined
      }

      at Logger.log [as info] (src/utils/logger.ts:95:21)

    console.log
      [LLMCaller.call] videoCall completed {
        model: 'sora-2',
        status: 'completed',
        jobId: 'video_test_123',
        progress: 1,
        savedPath: '/output/video.mp4'
      }

      at Logger.log [as info] (src/utils/logger.ts:95:21)

    console.log
      [StreamHistoryProcessor.constructor] Initialized StreamHistoryProcessor

      at Logger.log [as debug] (src/utils/logger.ts:89:21)

    console.log
      [StreamHistoryProcessor.constructor] Initialized StreamHistoryProcessor

      at Logger.log [as debug] (src/utils/logger.ts:89:21)

    console.log
      [StreamHistoryProcessor.constructor] Initialized StreamHistoryProcessor

      at Logger.log [as debug] (src/utils/logger.ts:89:21)

    console.log
      [StreamHistoryProcessor.constructor] Initialized StreamHistoryProcessor

      at Logger.log [as debug] (src/utils/logger.ts:89:21)

    console.log
      [LLMCaller.call] Detected video output request; will attempt to route to videoCall {
        requestedModel: 'sora-2',
        size: undefined,
        seconds: 4,
        wait: undefined,
        variant: undefined
      }

      at Logger.log [as info] (src/utils/logger.ts:95:21)

    console.log
      [LLMCaller.call] Routing to provider videoCall (short-circuit) {
        model: 'sora-2',
        size: undefined,
        seconds: 4,
        wait: 'none',
        variant: undefined
      }

      at Logger.log [as info] (src/utils/logger.ts:95:21)

    console.log
      [LLMCaller.call] videoCall completed {
        model: 'sora-2',
        status: 'completed',
        jobId: 'video_test_123',
        progress: 1,
        savedPath: '/output/video.mp4'
      }

      at Logger.log [as info] (src/utils/logger.ts:95:21)

    console.log
      [StreamHistoryProcessor.constructor] Initialized StreamHistoryProcessor

      at Logger.log [as debug] (src/utils/logger.ts:89:21)

    console.log
      [StreamHistoryProcessor.constructor] Initialized StreamHistoryProcessor

      at Logger.log [as debug] (src/utils/logger.ts:89:21)

    console.log
      [StreamHistoryProcessor.constructor] Initialized StreamHistoryProcessor

      at Logger.log [as debug] (src/utils/logger.ts:89:21)

    console.log
      [StreamHistoryProcessor.constructor] Initialized StreamHistoryProcessor

      at Logger.log [as debug] (src/utils/logger.ts:89:21)

    console.log
      [LLMCaller.call] Detected video output request; will attempt to route to videoCall {
        requestedModel: 'sora-2',
        size: undefined,
        seconds: 4,
        wait: 'poll',
        variant: undefined
      }

      at Logger.log [as info] (src/utils/logger.ts:95:21)

    console.log
      [LLMCaller.call] Routing to provider videoCall (short-circuit) {
        model: 'sora-2',
        size: undefined,
        seconds: 4,
        wait: 'poll',
        variant: undefined
      }

      at Logger.log [as info] (src/utils/logger.ts:95:21)

    console.log
      [LLMCaller.call] videoCall completed {
        model: 'sora-2',
        status: 'completed',
        jobId: 'video_test_123',
        progress: 1,
        savedPath: '/output/video.mp4'
      }

      at Logger.log [as info] (src/utils/logger.ts:95:21)

    console.log
      [StreamHistoryProcessor.constructor] Initialized StreamHistoryProcessor

      at Logger.log [as debug] (src/utils/logger.ts:89:21)

    console.log
      [StreamHistoryProcessor.constructor] Initialized StreamHistoryProcessor

      at Logger.log [as debug] (src/utils/logger.ts:89:21)

    console.log
      [StreamHistoryProcessor.constructor] Initialized StreamHistoryProcessor

      at Logger.log [as debug] (src/utils/logger.ts:89:21)

    console.log
      [StreamHistoryProcessor.constructor] Initialized StreamHistoryProcessor

      at Logger.log [as debug] (src/utils/logger.ts:89:21)

    console.log
      [LLMCaller.call] Detected video output request; will attempt to route to videoCall {
        requestedModel: 'sora-2',
        size: undefined,
        seconds: 4,
        wait: 'poll',
        variant: undefined
      }

      at Logger.log [as info] (src/utils/logger.ts:95:21)

    console.log
      [LLMCaller.call] Routing to provider videoCall (short-circuit) {
        model: 'sora-2',
        size: undefined,
        seconds: 4,
        wait: 'poll',
        variant: undefined
      }

      at Logger.log [as info] (src/utils/logger.ts:95:21)

    console.log
      [LLMCaller.call] videoCall completed {
        model: 'sora-2',
        status: 'failed',
        jobId: 'video_fail_123',
        progress: 0.8,
        savedPath: undefined
      }

      at Logger.log [as info] (src/utils/logger.ts:95:21)

    console.log
      [StreamHistoryProcessor.constructor] Initialized StreamHistoryProcessor

      at Logger.log [as debug] (src/utils/logger.ts:89:21)

    console.log
      [StreamHistoryProcessor.constructor] Initialized StreamHistoryProcessor

      at Logger.log [as debug] (src/utils/logger.ts:89:21)

    console.log
      [StreamHistoryProcessor.constructor] Initialized StreamHistoryProcessor

      at Logger.log [as debug] (src/utils/logger.ts:89:21)

    console.log
      [StreamHistoryProcessor.constructor] Initialized StreamHistoryProcessor

      at Logger.log [as debug] (src/utils/logger.ts:89:21)

    console.log
      [StreamHistoryProcessor.constructor] Initialized StreamHistoryProcessor

      at Logger.log [as debug] (src/utils/logger.ts:89:21)

    console.log
      [StreamHistoryProcessor.constructor] Initialized StreamHistoryProcessor

      at Logger.log [as debug] (src/utils/logger.ts:89:21)

    console.log
      [StreamHistoryProcessor.constructor] Initialized StreamHistoryProcessor

      at Logger.log [as debug] (src/utils/logger.ts:89:21)

    console.log
      [StreamHistoryProcessor.constructor] Initialized StreamHistoryProcessor

      at Logger.log [as debug] (src/utils/logger.ts:89:21)

    console.log
      [StreamHistoryProcessor.constructor] Initialized StreamHistoryProcessor

      at Logger.log [as debug] (src/utils/logger.ts:89:21)

    console.log
      [StreamHistoryProcessor.constructor] Initialized StreamHistoryProcessor

      at Logger.log [as debug] (src/utils/logger.ts:89:21)

    console.log
      [StreamHistoryProcessor.constructor] Initialized StreamHistoryProcessor

      at Logger.log [as debug] (src/utils/logger.ts:89:21)

    console.log
      [StreamHistoryProcessor.constructor] Initialized StreamHistoryProcessor

      at Logger.log [as debug] (src/utils/logger.ts:89:21)

    console.log
      [StreamHistoryProcessor.constructor] Initialized StreamHistoryProcessor

      at Logger.log [as debug] (src/utils/logger.ts:89:21)

    console.log
      [StreamHistoryProcessor.constructor] Initialized StreamHistoryProcessor

      at Logger.log [as debug] (src/utils/logger.ts:89:21)

    console.log
      [LLMCaller.call] Detected video output request; will attempt to route to videoCall {
        requestedModel: 'sora-2',
        size: undefined,
        seconds: 4,
        wait: undefined,
        variant: undefined
      }

      at Logger.log [as info] (src/utils/logger.ts:95:21)

    console.log
      [LLMCaller.call] Routing to provider videoCall (short-circuit) {
        model: 'sora-2-pro',
        size: undefined,
        seconds: 4,
        wait: 'none',
        variant: undefined
      }

      at Logger.log [as info] (src/utils/logger.ts:95:21)

    console.log
      [LLMCaller.call] videoCall completed {
        model: 'sora-2-pro',
        status: 'completed',
        jobId: 'video_test_123',
        progress: 1,
        savedPath: '/output/video.mp4'
      }

      at Logger.log [as info] (src/utils/logger.ts:95:21)

    console.log
      [StreamHistoryProcessor.constructor] Initialized StreamHistoryProcessor

      at Logger.log [as debug] (src/utils/logger.ts:89:21)

    console.log
      [StreamHistoryProcessor.constructor] Initialized StreamHistoryProcessor

      at Logger.log [as debug] (src/utils/logger.ts:89:21)

    console.log
      [LLMCaller.call] Detected video output request; will attempt to route to videoCall {
        requestedModel: 'sora-2',
        size: undefined,
        seconds: 4,
        wait: undefined,
        variant: undefined
      }

      at Logger.log [as info] (src/utils/logger.ts:95:21)

    console.log
      [LLMCaller.call] Routing to provider videoCall (short-circuit) {
        model: 'sora-2',
        size: undefined,
        seconds: 4,
        wait: 'none',
        variant: undefined
      }

      at Logger.log [as info] (src/utils/logger.ts:95:21)

    console.log
      [LLMCaller.call] videoCall completed {
        model: 'sora-2',
        status: 'completed',
        jobId: 'video_test_123',
        progress: 1,
        savedPath: '/output/video.mp4'
      }

      at Logger.log [as info] (src/utils/logger.ts:95:21)

PASS src/tests/unit/adapters/openai/usage.test.ts
PASS src/tests/unit/adapters/openai/errors.test.ts
PASS src/tests/unit/core/caller/LLMCaller.extended.test.ts
  ● Console

    console.error
      [LLMCaller.call] Error in call method: ProviderNotFoundError: Provider "test-provider" not found in registry
          at /Users/maximantonov/Work/_lab/callllm/src/tests/unit/core/caller/LLMCaller.extended.test.ts:184:13
          at Generator.next (<anonymous>)
          at /Users/maximantonov/Work/_lab/callllm/src/tests/unit/core/caller/LLMCaller.extended.test.ts:7:71
          at new Promise (<anonymous>)
          at __awaiter (/Users/maximantonov/Work/_lab/callllm/src/tests/unit/core/caller/LLMCaller.extended.test.ts:3:12)
          at Object.<anonymous> (/Users/maximantonov/Work/_lab/callllm/src/tests/unit/core/caller/LLMCaller.extended.test.ts:183:68)
          at /Users/maximantonov/Work/_lab/callllm/node_modules/jest-mock/build/index.js:397:39
          at Object.<anonymous> (/Users/maximantonov/Work/_lab/callllm/node_modules/jest-mock/build/index.js:404:13)
          at Object.mockConstructor [as execute] (/Users/maximantonov/Work/_lab/callllm/node_modules/jest-mock/build/index.js:148:19)
          at LLMCaller.execute (/Users/maximantonov/Work/_lab/callllm/src/core/caller/LLMCaller.ts:814:56)
          at Generator.next (<anonymous>)
          at /Users/maximantonov/Work/_lab/callllm/src/core/caller/LLMCaller.ts:37371:40
          at new Promise (<anonymous>)
          at __awaiter (/Users/maximantonov/Work/_lab/callllm/src/core/caller/LLMCaller.ts:37320:10)
          at LLMCaller.internalChatCall (/Users/maximantonov/Work/_lab/callllm/src/core/caller/LLMCaller.ts:39356:12)
          at LLMCaller.internalChatCall (/Users/maximantonov/Work/_lab/callllm/src/core/caller/LLMCaller.ts:2033:57)
          at Generator.next (<anonymous>)
          at /Users/maximantonov/Work/_lab/callllm/src/core/caller/LLMCaller.ts:37371:40
          at new Promise (<anonymous>)
          at __awaiter (/Users/maximantonov/Work/_lab/callllm/src/core/caller/LLMCaller.ts:37320:10)
          at __awaiter (/Users/maximantonov/Work/_lab/callllm/src/core/caller/LLMCaller.ts:2033:45)
          at LLMCaller.exec (/Users/maximantonov/Work/_lab/callllm/src/core/caller/LLMCaller.ts:2034:44)
          at Generator.next (<anonymous>)
          at fulfilled (/Users/maximantonov/Work/_lab/callllm/src/core/caller/LLMCaller.ts:37334:24)
          at processTicksAndRejections (node:internal/process/task_queues:103:5)

      43 |         return;
      44 |     }
    > 45 |     originalConsoleError(...args);
         |     ^
      46 | };
      47 |
      48 | // Silence TypeScript 'never' warnings in mocks by muting console.warn

      at console.error (jest.setup.ts:45:5)
      at Logger.error (src/utils/logger.ts:107:21)
      at LLMCaller.error (src/core/caller/LLMCaller.ts:2129:17)
          at Generator.throw (<anonymous>)
      at rejected (src/core/caller/LLMCaller.ts:37348:32)

    console.warn
      Adding tool result without toolCallId - this may cause message history issues

      56 |         return;
      57 |     }
    > 58 |     originalConsoleWarn(...args);
         |     ^
      59 | };
      60 |
      61 | // Add additional Jest setup as needed 

      at console.warn (jest.setup.ts:58:5)
      at Logger.warn (src/utils/logger.ts:101:21)
      at LLMCaller.warn [as addToolResult] (src/core/caller/LLMCaller.ts:2313:20)
      at Object.<anonymous> (src/tests/unit/core/caller/LLMCaller.extended.test.ts:392:17)

PASS src/tests/unit/adapters/openai/OpenAIVideoAdapter.test.ts
PASS src/tests/unit/adapters/openai/stream.test.ts
  ● Console

    console.error
      [StreamHandler] Stream failed event received: {
        type: 'response.failed',
        error: { message: 'Test error' },
        response: {
          id: 'resp_123',
          created_at: '2026-02-09T13:21:37.421Z',
          status: 'failed'
        }
      }

      43 |         return;
      44 |     }
    > 45 |     originalConsoleError(...args);
         |     ^
      46 | };
      47 |
      48 | // Silence TypeScript 'never' warnings in mocks by muting console.warn

      at console.error (jest.setup.ts:45:5)
      at Logger.error (src/utils/logger.ts:107:21)
      at StreamHandler.error (src/adapters/openai/stream.ts:348:34)
          at handleStream_1.next (<anonymous>)
      at resume (src/adapters/openai/stream.ts:8380:16)
      at fulfill (src/adapters/openai/stream.ts:8401:5)

    console.warn
      [StreamHandler] Received args delta for unknown item_id: unknown_id

      56 |         return;
      57 |     }
    > 58 |     originalConsoleWarn(...args);
         |     ^
      59 | };
      60 |
      61 | // Add additional Jest setup as needed 

      at console.warn (jest.setup.ts:58:5)
      at Logger.warn (src/utils/logger.ts:101:21)
      at StreamHandler.warn (src/adapters/openai/stream.ts:186:42)
          at handleStream_1.next (<anonymous>)
      at resume (src/adapters/openai/stream.ts:8380:16)
      at fulfill (src/adapters/openai/stream.ts:8401:5)

PASS src/tests/integration/core/processors/MarkdownChunking.integration.test.ts
  ● Console

    console.log
      ✅ Created 3 chunks for 23421 characters

      at src/tests/integration/core/processors/MarkdownChunking.integration.test.ts:99:21

    console.log
         Chunk 1: 9977 chars

      at src/tests/integration/core/processors/MarkdownChunking.integration.test.ts:101:25
          at Array.forEach (<anonymous>)

    console.log
         Chunk 2: 9942 chars

      at src/tests/integration/core/processors/MarkdownChunking.integration.test.ts:101:25
          at Array.forEach (<anonymous>)

    console.log
         Chunk 3: 3498 chars

      at src/tests/integration/core/processors/MarkdownChunking.integration.test.ts:101:25
          at Array.forEach (<anonymous>)

    console.log
      Plain text chunks: 3, Markdown chunks: 3

      at src/tests/integration/core/processors/MarkdownChunking.integration.test.ts:199:21

PASS src/tests/unit/adapters/openai/OpenAIImageHandling.test.ts
PASS src/tests/unit/adapters/openai/converter.test.ts
PASS src/tests/unit/adapters/openai/OpenAIImageAdapter.test.ts
PASS src/tests/integration/core/mcp/MCPDirectAccess.integration.test.ts
  ● Console

    console.log
      [StreamHistoryProcessor.constructor] Initialized StreamHistoryProcessor

      at Logger.log [as debug] (src/utils/logger.ts:89:21)

    console.log
      [StreamHistoryProcessor.constructor] Initialized StreamHistoryProcessor

      at Logger.log [as debug] (src/utils/logger.ts:89:21)

    console.log
      [StreamHistoryProcessor.constructor] Initialized StreamHistoryProcessor

      at Logger.log [as debug] (src/utils/logger.ts:89:21)

    console.log
      [StreamHistoryProcessor.constructor] Initialized StreamHistoryProcessor

      at Logger.log [as debug] (src/utils/logger.ts:89:21)

    console.error
      Failed to get tool schemas for MCP server non_existent_server: MCPConnectionError: Failed to connect to MCP server "non_existent_server": Server not connected. Cannot fetch schemas.
          at MCPServiceAdapter.<anonymous> (/Users/maximantonov/Work/_lab/callllm/src/tests/integration/core/mcp/MCPDirectAccess.integration.test.ts:146:17)
          at Generator.next (<anonymous>)
          at /Users/maximantonov/Work/_lab/callllm/src/tests/integration/core/mcp/MCPDirectAccess.integration.test.ts:7:71
          at new Promise (<anonymous>)
          at __awaiter (/Users/maximantonov/Work/_lab/callllm/src/tests/integration/core/mcp/MCPDirectAccess.integration.test.ts:3:12)
          at MCPServiceAdapter.getMcpServerToolSchemas (/Users/maximantonov/Work/_lab/callllm/src/tests/integration/core/mcp/MCPDirectAccess.integration.test.ts:124:24)
          at LLMCaller.getMcpServerToolSchemas (/Users/maximantonov/Work/_lab/callllm/src/core/caller/LLMCaller.ts:2385:37)
          at Generator.next (<anonymous>)
          at /Users/maximantonov/Work/_lab/callllm/src/core/caller/LLMCaller.ts:37371:40
          at new Promise (<anonymous>)
          at __awaiter (/Users/maximantonov/Work/_lab/callllm/src/core/caller/LLMCaller.ts:37320:10)
          at LLMCaller.getMcpServerToolSchemas (/Users/maximantonov/Work/_lab/callllm/src/core/caller/LLMCaller.ts:44396:12)
          at /Users/maximantonov/Work/_lab/callllm/src/tests/integration/core/mcp/MCPDirectAccess.integration.test.ts:315:27
          at Generator.next (<anonymous>)
          at /Users/maximantonov/Work/_lab/callllm/src/tests/integration/core/mcp/MCPDirectAccess.integration.test.ts:7:71
          at new Promise (<anonymous>)
          at __awaiter (/Users/maximantonov/Work/_lab/callllm/src/tests/integration/core/mcp/MCPDirectAccess.integration.test.ts:3:12)
          at Object.<anonymous> (/Users/maximantonov/Work/_lab/callllm/src/tests/integration/core/mcp/MCPDirectAccess.integration.test.ts:313:73)
          at Promise.then.completed (/Users/maximantonov/Work/_lab/callllm/node_modules/jest-circus/build/utils.js:298:28)
          at new Promise (<anonymous>)
          at callAsyncCircusFn (/Users/maximantonov/Work/_lab/callllm/node_modules/jest-circus/build/utils.js:231:10)
          at _callCircusTest (/Users/maximantonov/Work/_lab/callllm/node_modules/jest-circus/build/run.js:316:40)
          at processTicksAndRejections (node:internal/process/task_queues:103:5)
          at _runTest (/Users/maximantonov/Work/_lab/callllm/node_modules/jest-circus/build/run.js:252:3)
          at _runTestsForDescribeBlock (/Users/maximantonov/Work/_lab/callllm/node_modules/jest-circus/build/run.js:126:9)
          at _runTestsForDescribeBlock (/Users/maximantonov/Work/_lab/callllm/node_modules/jest-circus/build/run.js:121:9)
          at _runTestsForDescribeBlock (/Users/maximantonov/Work/_lab/callllm/node_modules/jest-circus/build/run.js:121:9)
          at run (/Users/maximantonov/Work/_lab/callllm/node_modules/jest-circus/build/run.js:71:3)
          at runAndTransformResultsToJestFormat (/Users/maximantonov/Work/_lab/callllm/node_modules/jest-circus/build/legacy-code-todo-rewrite/jestAdapterInit.js:122:21)
          at jestAdapter (/Users/maximantonov/Work/_lab/callllm/node_modules/jest-circus/build/legacy-code-todo-rewrite/jestAdapter.js:79:19)
          at runTestInternal (/Users/maximantonov/Work/_lab/callllm/node_modules/jest-runner/build/runTest.js:367:16)
          at runTest (/Users/maximantonov/Work/_lab/callllm/node_modules/jest-runner/build/runTest.js:444:34)
          at Object.worker (/Users/maximantonov/Work/_lab/callllm/node_modules/jest-runner/build/testWorker.js:106:12)

      43 |         return;
      44 |     }
    > 45 |     originalConsoleError(...args);
         |     ^
      46 | };
      47 |
      48 | // Silence TypeScript 'never' warnings in mocks by muting console.warn

      at console.error (jest.setup.ts:45:5)
      at Logger.error (src/utils/logger.ts:107:21)
      at LLMCaller.error (src/core/caller/LLMCaller.ts:2387:20)
          at Generator.throw (<anonymous>)
      at rejected (src/core/caller/LLMCaller.ts:37348:32)

    console.log
      [StreamHistoryProcessor.constructor] Initialized StreamHistoryProcessor

      at Logger.log [as debug] (src/utils/logger.ts:89:21)

    console.log
      [StreamHistoryProcessor.constructor] Initialized StreamHistoryProcessor

      at Logger.log [as debug] (src/utils/logger.ts:89:21)

    console.log
      [LLMCaller.callMcpTool] Direct MCP tool call successful: filesystem.list_directory

      at Logger.log [as info] (src/utils/logger.ts:95:21)

    console.log
      [StreamHistoryProcessor.constructor] Initialized StreamHistoryProcessor

      at Logger.log [as debug] (src/utils/logger.ts:89:21)

    console.log
      [StreamHistoryProcessor.constructor] Initialized StreamHistoryProcessor

      at Logger.log [as debug] (src/utils/logger.ts:89:21)

    console.log
      [LLMCaller.callMcpTool] Direct MCP tool call successful: filesystem.read_file

      at Logger.log [as info] (src/utils/logger.ts:95:21)

    console.log
      [StreamHistoryProcessor.constructor] Initialized StreamHistoryProcessor

      at Logger.log [as debug] (src/utils/logger.ts:89:21)

    console.log
      [StreamHistoryProcessor.constructor] Initialized StreamHistoryProcessor

      at Logger.log [as debug] (src/utils/logger.ts:89:21)

    console.error
      [LLMCaller.callMcpTool] Direct MCP tool call failed: filesystem.unknown_tool {
        error: MCPToolCallError: Error calling tool "unknown_tool" on MCP server "filesystem": Tool not found: unknown_tool
            at MCPServiceAdapter.<anonymous> (/Users/maximantonov/Work/_lab/callllm/src/tests/integration/core/mcp/MCPDirectAccess.integration.test.ts:224:17)
            at Generator.next (<anonymous>)
            at /Users/maximantonov/Work/_lab/callllm/src/tests/integration/core/mcp/MCPDirectAccess.integration.test.ts:7:71
            at new Promise (<anonymous>)
            at __awaiter (/Users/maximantonov/Work/_lab/callllm/src/tests/integration/core/mcp/MCPDirectAccess.integration.test.ts:3:12)
            at MCPServiceAdapter.executeMcpTool (/Users/maximantonov/Work/_lab/callllm/src/tests/integration/core/mcp/MCPDirectAccess.integration.test.ts:171:24)
            at LLMCaller.executeMcpTool (/Users/maximantonov/Work/_lab/callllm/src/core/caller/LLMCaller.ts:2425:45)
            at Generator.next (<anonymous>)
            at /Users/maximantonov/Work/_lab/callllm/src/core/caller/LLMCaller.ts:37371:40
            at new Promise (<anonymous>)
            at __awaiter (/Users/maximantonov/Work/_lab/callllm/src/core/caller/LLMCaller.ts:37320:10)
            at LLMCaller.callMcpTool (/Users/maximantonov/Work/_lab/callllm/src/core/caller/LLMCaller.ts:44441:12)
            at /Users/maximantonov/Work/_lab/callllm/src/tests/integration/core/mcp/MCPDirectAccess.integration.test.ts:349:27
            at Generator.next (<anonymous>)
            at /Users/maximantonov/Work/_lab/callllm/src/tests/integration/core/mcp/MCPDirectAccess.integration.test.ts:7:71
            at new Promise (<anonymous>)
            at __awaiter (/Users/maximantonov/Work/_lab/callllm/src/tests/integration/core/mcp/MCPDirectAccess.integration.test.ts:3:12)
            at Object.<anonymous> (/Users/maximantonov/Work/_lab/callllm/src/tests/integration/core/mcp/MCPDirectAccess.integration.test.ts:348:62)
            at Promise.then.completed (/Users/maximantonov/Work/_lab/callllm/node_modules/jest-circus/build/utils.js:298:28)
            at new Promise (<anonymous>)
            at callAsyncCircusFn (/Users/maximantonov/Work/_lab/callllm/node_modules/jest-circus/build/utils.js:231:10)
            at _callCircusTest (/Users/maximantonov/Work/_lab/callllm/node_modules/jest-circus/build/run.js:316:40)
            at processTicksAndRejections (node:internal/process/task_queues:103:5)
            at _runTest (/Users/maximantonov/Work/_lab/callllm/node_modules/jest-circus/build/run.js:252:3)
            at _runTestsForDescribeBlock (/Users/maximantonov/Work/_lab/callllm/node_modules/jest-circus/build/run.js:126:9)
            at _runTestsForDescribeBlock (/Users/maximantonov/Work/_lab/callllm/node_modules/jest-circus/build/run.js:121:9)
            at _runTestsForDescribeBlock (/Users/maximantonov/Work/_lab/callllm/node_modules/jest-circus/build/run.js:121:9)
            at run (/Users/maximantonov/Work/_lab/callllm/node_modules/jest-circus/build/run.js:71:3)
            at runAndTransformResultsToJestFormat (/Users/maximantonov/Work/_lab/callllm/node_modules/jest-circus/build/legacy-code-todo-rewrite/jestAdapterInit.js:122:21)
            at jestAdapter (/Users/maximantonov/Work/_lab/callllm/node_modules/jest-circus/build/legacy-code-todo-rewrite/jestAdapter.js:79:19)
            at runTestInternal (/Users/maximantonov/Work/_lab/callllm/node_modules/jest-runner/build/runTest.js:367:16)
            at runTest (/Users/maximantonov/Work/_lab/callllm/node_modules/jest-runner/build/runTest.js:444:34)
            at Object.worker (/Users/maximantonov/Work/_lab/callllm/node_modules/jest-runner/build/testWorker.js:106:12)
      }

      43 |         return;
      44 |     }
    > 45 |     originalConsoleError(...args);
         |     ^
      46 | };
      47 |
      48 | // Silence TypeScript 'never' warnings in mocks by muting console.warn

      at console.error (jest.setup.ts:45:5)
      at Logger.error (src/utils/logger.ts:107:21)
      at LLMCaller.error (src/core/caller/LLMCaller.ts:2429:17)
          at Generator.throw (<anonymous>)
      at rejected (src/core/caller/LLMCaller.ts:37348:32)

    console.log
      [StreamHistoryProcessor.constructor] Initialized StreamHistoryProcessor

      at Logger.log [as debug] (src/utils/logger.ts:89:21)

    console.log
      [StreamHistoryProcessor.constructor] Initialized StreamHistoryProcessor

      at Logger.log [as debug] (src/utils/logger.ts:89:21)

    console.error
      [LLMCaller.callMcpTool] Direct MCP tool call failed: filesystem.read_file {
        error: MCPToolCallError: Error calling tool "read_file" on MCP server "filesystem": File not found
            at MCPServiceAdapter.<anonymous> (/Users/maximantonov/Work/_lab/callllm/src/tests/integration/core/mcp/MCPDirectAccess.integration.test.ts:211:19)
            at Generator.next (<anonymous>)
            at /Users/maximantonov/Work/_lab/callllm/src/tests/integration/core/mcp/MCPDirectAccess.integration.test.ts:7:71
            at new Promise (<anonymous>)
            at __awaiter (/Users/maximantonov/Work/_lab/callllm/src/tests/integration/core/mcp/MCPDirectAccess.integration.test.ts:3:12)
            at MCPServiceAdapter.executeMcpTool (/Users/maximantonov/Work/_lab/callllm/src/tests/integration/core/mcp/MCPDirectAccess.integration.test.ts:171:24)
            at LLMCaller.executeMcpTool (/Users/maximantonov/Work/_lab/callllm/src/core/caller/LLMCaller.ts:2425:45)
            at Generator.next (<anonymous>)
            at /Users/maximantonov/Work/_lab/callllm/src/core/caller/LLMCaller.ts:37371:40
            at new Promise (<anonymous>)
            at __awaiter (/Users/maximantonov/Work/_lab/callllm/src/core/caller/LLMCaller.ts:37320:10)
            at LLMCaller.callMcpTool (/Users/maximantonov/Work/_lab/callllm/src/core/caller/LLMCaller.ts:44441:12)
            at /Users/maximantonov/Work/_lab/callllm/src/tests/integration/core/mcp/MCPDirectAccess.integration.test.ts:354:27
            at Generator.next (<anonymous>)
            at /Users/maximantonov/Work/_lab/callllm/src/tests/integration/core/mcp/MCPDirectAccess.integration.test.ts:7:71
            at new Promise (<anonymous>)
            at __awaiter (/Users/maximantonov/Work/_lab/callllm/src/tests/integration/core/mcp/MCPDirectAccess.integration.test.ts:3:12)
            at Object.<anonymous> (/Users/maximantonov/Work/_lab/callllm/src/tests/integration/core/mcp/MCPDirectAccess.integration.test.ts:353:70)
            at Promise.then.completed (/Users/maximantonov/Work/_lab/callllm/node_modules/jest-circus/build/utils.js:298:28)
            at new Promise (<anonymous>)
            at callAsyncCircusFn (/Users/maximantonov/Work/_lab/callllm/node_modules/jest-circus/build/utils.js:231:10)
            at _callCircusTest (/Users/maximantonov/Work/_lab/callllm/node_modules/jest-circus/build/run.js:316:40)
            at processTicksAndRejections (node:internal/process/task_queues:103:5)
            at _runTest (/Users/maximantonov/Work/_lab/callllm/node_modules/jest-circus/build/run.js:252:3)
            at _runTestsForDescribeBlock (/Users/maximantonov/Work/_lab/callllm/node_modules/jest-circus/build/run.js:126:9)
            at _runTestsForDescribeBlock (/Users/maximantonov/Work/_lab/callllm/node_modules/jest-circus/build/run.js:121:9)
            at _runTestsForDescribeBlock (/Users/maximantonov/Work/_lab/callllm/node_modules/jest-circus/build/run.js:121:9)
            at run (/Users/maximantonov/Work/_lab/callllm/node_modules/jest-circus/build/run.js:71:3)
            at runAndTransformResultsToJestFormat (/Users/maximantonov/Work/_lab/callllm/node_modules/jest-circus/build/legacy-code-todo-rewrite/jestAdapterInit.js:122:21)
            at jestAdapter (/Users/maximantonov/Work/_lab/callllm/node_modules/jest-circus/build/legacy-code-todo-rewrite/jestAdapter.js:79:19)
            at runTestInternal (/Users/maximantonov/Work/_lab/callllm/node_modules/jest-runner/build/runTest.js:367:16)
            at runTest (/Users/maximantonov/Work/_lab/callllm/node_modules/jest-runner/build/runTest.js:444:34)
            at Object.worker (/Users/maximantonov/Work/_lab/callllm/node_modules/jest-runner/build/testWorker.js:106:12)
      }

      43 |         return;
      44 |     }
    > 45 |     originalConsoleError(...args);
         |     ^
      46 | };
      47 |
      48 | // Silence TypeScript 'never' warnings in mocks by muting console.warn

      at console.error (jest.setup.ts:45:5)
      at Logger.error (src/utils/logger.ts:107:21)
      at LLMCaller.error (src/core/caller/LLMCaller.ts:2429:17)
          at Generator.throw (<anonymous>)
      at rejected (src/core/caller/LLMCaller.ts:37348:32)

    console.log
      [StreamHistoryProcessor.constructor] Initialized StreamHistoryProcessor

      at Logger.log [as debug] (src/utils/logger.ts:89:21)

    console.log
      [StreamHistoryProcessor.constructor] Initialized StreamHistoryProcessor

      at Logger.log [as debug] (src/utils/logger.ts:89:21)

PASS src/tests/unit/core/types.test.ts
PASS src/tests/unit/adapters/base/baseAdapter.test.ts
PASS src/tests/unit/adapters/openai/OpenAIResponseAdapter.test.ts
  ● Console

    console.warn
      [OpenAIResponseAdapter.formatToolsForNative] Tool has empty properties object: get_time {
        originalParameters: { type: 'object', properties: {}, required: [] }
      }

      56 |         return;
      57 |     }
    > 58 |     originalConsoleWarn(...args);
         |     ^
      59 | };
      60 |
      61 | // Add additional Jest setup as needed 

      at console.warn (jest.setup.ts:58:5)
      at Logger.warn (src/utils/logger.ts:101:21)
      at warn (src/adapters/openai/OpenAIResponseAdapter.ts:42:21)
          at Array.map (<anonymous>)
      at OpenAIResponseAdapter.map [as formatToolsForNative] (src/adapters/openai/OpenAIResponseAdapter.ts:17:22)
      at Object.<anonymous> (src/tests/unit/adapters/openai/OpenAIResponseAdapter.test.ts:296:30)

    console.warn
      [OpenAIResponseAdapter.formatToolsForNative] Tool has required params not in properties: test_tool { missingProperties: [ 'param2' ] }

      56 |         return;
      57 |     }
    > 58 |     originalConsoleWarn(...args);
         |     ^
      59 | };
      60 |
      61 | // Add additional Jest setup as needed 

      at console.warn (jest.setup.ts:58:5)
      at Logger.warn (src/utils/logger.ts:101:21)
      at warn (src/adapters/openai/OpenAIResponseAdapter.ts:52:21)
          at Array.map (<anonymous>)
      at OpenAIResponseAdapter.map [as formatToolsForNative] (src/adapters/openai/OpenAIResponseAdapter.ts:17:22)
      at Object.<anonymous> (src/tests/unit/adapters/openai/OpenAIResponseAdapter.test.ts:332:30)

PASS src/tests/unit/adapters/openai/adapter.additional.test.ts
  ● Console

    console.error
      [OpenAIResponseAdapter.chatCall] API call failed. Error Status: 400, Error Response: {
        error: {
          message: 'Invalid API key',
          type: 'invalid_request_error',
          code: 'invalid_api_key'
        }
      }

      43 |         return;
      44 |     }
    > 45 |     originalConsoleError(...args);
         |     ^
      46 | };
      47 |
      48 | // Silence TypeScript 'never' warnings in mocks by muting console.warn

      at console.error (jest.setup.ts:45:5)
      at OpenAIResponseAdapter.error (src/adapters/openai/adapter.ts:153:21)
          at Generator.throw (<anonymous>)
      at rejected (src/adapters/openai/adapter.ts:24202:32)

PASS src/tests/unit/adapters/openai/adapter.test.ts
  ● Console

    console.error
      [OpenAIResponseAdapter.chatCall] API call failed. Error Status: 401, Error Response: Invalid API key

      43 |         return;
      44 |     }
    > 45 |     originalConsoleError(...args);
         |     ^
      46 | };
      47 |
      48 | // Silence TypeScript 'never' warnings in mocks by muting console.warn

      at console.error (jest.setup.ts:45:5)
      at OpenAIResponseAdapter.error (src/adapters/openai/adapter.ts:153:21)
          at Generator.throw (<anonymous>)
      at rejected (src/adapters/openai/adapter.ts:24202:32)

    console.error
      [OpenAIResponseAdapter.chatCall] API call failed. Error Status: 429, Error Response: Rate limit exceeded

      43 |         return;
      44 |     }
    > 45 |     originalConsoleError(...args);
         |     ^
      46 | };
      47 |
      48 | // Silence TypeScript 'never' warnings in mocks by muting console.warn

      at console.error (jest.setup.ts:45:5)
      at OpenAIResponseAdapter.error (src/adapters/openai/adapter.ts:153:21)
          at Generator.throw (<anonymous>)
      at rejected (src/adapters/openai/adapter.ts:24202:32)

    console.error
      [OpenAIResponseAdapter.chatCall] API call failed. Error Status: 500, Error Response: Internal server error

      43 |         return;
      44 |     }
    > 45 |     originalConsoleError(...args);
         |     ^
      46 | };
      47 |
      48 | // Silence TypeScript 'never' warnings in mocks by muting console.warn

      at console.error (jest.setup.ts:45:5)
      at OpenAIResponseAdapter.error (src/adapters/openai/adapter.ts:153:21)
          at Generator.throw (<anonymous>)
      at rejected (src/adapters/openai/adapter.ts:24202:32)

    console.error
      [OpenAIResponseAdapter.chatCall] API call failed. Error Status: 400, Error Response: Invalid request parameters

      43 |         return;
      44 |     }
    > 45 |     originalConsoleError(...args);
         |     ^
      46 | };
      47 |
      48 | // Silence TypeScript 'never' warnings in mocks by muting console.warn

      at console.error (jest.setup.ts:45:5)
      at OpenAIResponseAdapter.error (src/adapters/openai/adapter.ts:153:21)
          at Generator.throw (<anonymous>)
      at rejected (src/adapters/openai/adapter.ts:24202:32)

    console.error
      [OpenAIResponseAdapter.chatCall] API call failed. Error Status: undefined, Error Response: Generic error

      43 |         return;
      44 |     }
    > 45 |     originalConsoleError(...args);
         |     ^
      46 | };
      47 |
      48 | // Silence TypeScript 'never' warnings in mocks by muting console.warn

      at console.error (jest.setup.ts:45:5)
      at OpenAIResponseAdapter.error (src/adapters/openai/adapter.ts:153:21)
          at Generator.throw (<anonymous>)
      at rejected (src/adapters/openai/adapter.ts:24202:32)

PASS src/tests/integration/capability-aware-alias-resolution.test.ts
PASS src/tests/integration/core/chat/ChatControllerToolsJson.integration.test.ts
  ● Console

    console.log
      [StreamHistoryProcessor.constructor] Initialized StreamHistoryProcessor

      at Logger.log [as debug] (src/utils/logger.ts:89:21)

    console.log
      [StreamHistoryProcessor.constructor] Initialized StreamHistoryProcessor

      at Logger.log [as debug] (src/utils/logger.ts:89:21)

PASS src/tests/integration/tools/ToolCalling.streaming.test.ts
  ● Console

    console.log
      [StreamHistoryProcessor.constructor] Initialized StreamHistoryProcessor

      at Logger.log [as debug] (src/utils/logger.ts:89:21)

    console.log
      [StreamHistoryProcessor.constructor] Initialized StreamHistoryProcessor

      at Logger.log [as debug] (src/utils/logger.ts:89:21)

    console.log
      [StreamHistoryProcessor.constructor] Initialized StreamHistoryProcessor

      at Logger.log [as debug] (src/utils/logger.ts:89:21)

    console.log
      [StreamHandler.processStream] [StreamHandler] Using JSON mode: {
        mode: 'fallback',
        hasNativeSupport: false,
        isJsonRequested: undefined,
        modelName: 'test-model',
        schemaProvided: false
      }

      at Logger.log [as info] (src/utils/logger.ts:95:21)
          at processStream_1.next (<anonymous>)
          at wrapStreamWithTelemetry_1.next (<anonymous>)

    console.log
      [StreamPipeline] Starting to process stream for reasoning

      at Logger.log [as debug] (src/utils/logger.ts:89:21)
          at processStream_1.next (<anonymous>)
          at processStream_1.next (<anonymous>)
          at processStream_1.next (<anonymous>)
          at processStream_1.next (<anonymous>)
          at processStream_1.next (<anonymous>)
          at wrapStreamWithTelemetry_1.next (<anonymous>)

    console.log
      [StreamPipeline] Starting to process stream

      at Logger.log [as debug] (src/utils/logger.ts:89:21)
          at processStream_1.next (<anonymous>)
          at processStream_1.next (<anonymous>)
          at processStream_1.next (<anonymous>)
          at processStream_1.next (<anonymous>)
          at processStream_1.next (<anonymous>)
          at processStream_1.next (<anonymous>)
          at wrapStreamWithTelemetry_1.next (<anonymous>)

    console.log
      [StreamPipeline] Processing chunk to accumulate: {
        chunk: {
          role: 'assistant',
          content: '',
          toolCalls: [ [Object] ],
          isComplete: true,
          metadata: { finishReason: 'tool_calls' }
        }
      }

      at Logger.log [as debug] (src/utils/logger.ts:89:21)
          at processStream_1.next (<anonymous>)

    console.log
      [StreamPipeline] Processing 1 complete tool calls from chunk

      at Logger.log [as debug] (src/utils/logger.ts:89:21)
          at processStream_1.next (<anonymous>)

    console.log
      [StreamPipeline] Added tool calls from chunk: [ { id: 'tool_call_123', name: 'test_streaming_tool' } ]

      at Logger.log [as debug] (src/utils/logger.ts:89:21)
          at processStream_1.next (<anonymous>)

    console.log
      [StreamPipeline] Stream complete with TOOL_CALLS finish reason, marking all tool calls as complete

      at Logger.log [as debug] (src/utils/logger.ts:89:21)
          at processStream_1.next (<anonymous>)

    console.log
      [StreamPipeline] Processing chunk for reasoning: { hasReasoning: false, reasoningLength: 0 }

      at Logger.log [as debug] (src/utils/logger.ts:89:21)
          at processStream_1.next (<anonymous>)

    console.log
      [StreamPipeline] Getting accumulated reasoning, length: 0

      at Logger.log [as debug] (src/utils/logger.ts:89:21)
          at processStream_1.next (<anonymous>)

    console.log
      [StreamPipeline] Getting completed tool calls, count: 1

      at Logger.log [as debug] (src/utils/logger.ts:89:21)
          at processStream_1.next (<anonymous>)

    console.log
      [StreamPipeline] Getting completed tool calls, count: 1

      at Logger.log [as debug] (src/utils/logger.ts:89:21)
          at processStream_1.next (<anonymous>)

    console.log
      [StreamPipeline] Getting accumulated content, length: 0

      at Logger.log [as debug] (src/utils/logger.ts:89:21)
          at processStream_1.next (<anonymous>)

    console.log
      [StreamPipeline] Resetting iteration count

      at Logger.log [as debug] (src/utils/logger.ts:89:21)
          at processStream_1.next (<anonymous>)
          at wrapStreamWithTelemetry_1.next (<anonymous>)

    console.log
      [StreamPipeline] Resetting iteration count

      at Logger.log [as debug] (src/utils/logger.ts:89:21)
          at processStream_1.next (<anonymous>)
          at wrapStreamWithTelemetry_1.next (<anonymous>)

    console.log
      [StreamPipeline] Processing 1 tool calls

      at Logger.log [as debug] (src/utils/logger.ts:89:21)
          at processStream_1.next (<anonymous>)
          at wrapStreamWithTelemetry_1.next (<anonymous>)

    console.log
      [StreamPipeline] After filtering: 1 tool calls remaining

      at Logger.log [as debug] (src/utils/logger.ts:89:21)
          at processStream_1.next (<anonymous>)
          at wrapStreamWithTelemetry_1.next (<anonymous>)

    console.log
      [StreamPipeline] Processing 1 tool call results

      at Logger.log [as debug] (src/utils/logger.ts:89:21)

    console.log
      [StreamPipeline] Added tool result for test_streaming_tool with ID tool_call_123

      at Logger.log [as debug] (src/utils/logger.ts:89:21)

    console.log
      [StreamHandler.processStream] [StreamHandler] Using JSON mode: {
        mode: 'fallback',
        hasNativeSupport: false,
        isJsonRequested: undefined,
        modelName: 'test-model',
        schemaProvided: false
      }

      at Logger.log [as info] (src/utils/logger.ts:95:21)
          at processStream_1.next (<anonymous>)
          at wrapStreamWithTelemetry_1.next (<anonymous>)
          at processStream_1.next (<anonymous>)

    console.log
      [StreamPipeline] Starting to process stream for reasoning

      at Logger.log [as debug] (src/utils/logger.ts:89:21)
          at processStream_1.next (<anonymous>)
          at processStream_1.next (<anonymous>)
          at processStream_1.next (<anonymous>)
          at processStream_1.next (<anonymous>)
          at processStream_1.next (<anonymous>)
          at wrapStreamWithTelemetry_1.next (<anonymous>)
          at processStream_1.next (<anonymous>)

    console.log
      [StreamPipeline] Starting to process stream

      at Logger.log [as debug] (src/utils/logger.ts:89:21)
          at processStream_1.next (<anonymous>)
          at processStream_1.next (<anonymous>)
          at processStream_1.next (<anonymous>)
          at processStream_1.next (<anonymous>)
          at processStream_1.next (<anonymous>)
          at processStream_1.next (<anonymous>)
          at wrapStreamWithTelemetry_1.next (<anonymous>)
          at processStream_1.next (<anonymous>)

    console.log
      [StreamPipeline] Processing chunk to accumulate: {
        chunk: {
          role: 'assistant',
          content: 'Tool executed with result: success',
          isComplete: true,
          metadata: { finishReason: 'stop' }
        }
      }

      at Logger.log [as debug] (src/utils/logger.ts:89:21)
          at processStream_1.next (<anonymous>)

    console.log
      [StreamPipeline] Accumulated content, length: 34

      at Logger.log [as debug] (src/utils/logger.ts:89:21)
          at processStream_1.next (<anonymous>)

    console.log
      [StreamPipeline] Processing chunk for reasoning: { hasReasoning: false, reasoningLength: 0 }

      at Logger.log [as debug] (src/utils/logger.ts:89:21)
          at processStream_1.next (<anonymous>)

    console.log
      [StreamPipeline] Getting accumulated reasoning, length: 0

      at Logger.log [as debug] (src/utils/logger.ts:89:21)
          at processStream_1.next (<anonymous>)

    console.log
      [StreamPipeline] Getting accumulated content, length: 34

      at Logger.log [as debug] (src/utils/logger.ts:89:21)
          at processStream_1.next (<anonymous>)

    console.log
      [StreamPipeline] Finished processing stream

      at Logger.log [as debug] (src/utils/logger.ts:89:21)
          at processStream_1.next (<anonymous>)

    console.log
      [StreamPipeline] Finished processing stream for reasoning

      at Logger.log [as debug] (src/utils/logger.ts:89:21)
          at processStream_1.next (<anonymous>)

    console.log
      [StreamPipeline] Finished processing stream

      at Logger.log [as debug] (src/utils/logger.ts:89:21)
          at processStream_1.next (<anonymous>)

    console.log
      [StreamPipeline] Finished processing stream for reasoning

      at Logger.log [as debug] (src/utils/logger.ts:89:21)
          at processStream_1.next (<anonymous>)

    console.log
      [StreamHistoryProcessor.constructor] Initialized StreamHistoryProcessor

      at Logger.log [as debug] (src/utils/logger.ts:89:21)

    console.log
      [StreamHistoryProcessor.constructor] Initialized StreamHistoryProcessor

      at Logger.log [as debug] (src/utils/logger.ts:89:21)

    console.log
      [StreamHistoryProcessor.constructor] Initialized StreamHistoryProcessor

      at Logger.log [as debug] (src/utils/logger.ts:89:21)

    console.log
      [StreamHistoryProcessor.constructor] Initialized StreamHistoryProcessor

      at Logger.log [as debug] (src/utils/logger.ts:89:21)

PASS src/tests/integration/tools/ToolOrchestrator.test.ts
  ● Console

    console.error
      [ToolController.processToolCalls] Error executing tool call { toolName: 'errorTool', error: 'Tool execution failed' }

      43 |         return;
      44 |     }
    > 45 |     originalConsoleError(...args);
         |     ^
      46 | };
      47 |
      48 | // Silence TypeScript 'never' warnings in mocks by muting console.warn

      at console.error (jest.setup.ts:45:5)
      at Logger.error (src/utils/logger.ts:107:21)
      at ToolController.error (src/core/tools/ToolController.ts:301:25)
          at Generator.throw (<anonymous>)
      at rejected (src/core/tools/ToolController.ts:5711:32)

PASS src/tests/integration/LLMCaller.tools.test.ts
  ● Console

    console.log
      [StreamHistoryProcessor.constructor] Initialized StreamHistoryProcessor

      at Logger.log [as debug] (src/utils/logger.ts:89:21)

    console.log
      [StreamHistoryProcessor.constructor] Initialized StreamHistoryProcessor

      at Logger.log [as debug] (src/utils/logger.ts:89:21)

    console.log
      BEFORE CALL - HISTORY: [
        {
          "role": "system",
          "content": "System message"
        }
      ]

      at src/tests/integration/LLMCaller.tools.test.ts:99:13

    console.log
      AFTER CALL - HISTORY: [
        {
          "role": "system",
          "content": "System message"
        }
      ]

      at src/tests/integration/LLMCaller.tools.test.ts:101:13

    console.log
      HISTORY: [
        {
          "role": "system",
          "content": "System message"
        },
        {
          "role": "user",
          "content": "Please use the test tool with param1=value1"
        },
        {
          "role": "assistant",
          "content": "",
          "toolCalls": [
            {
              "id": "call_123",
              "name": "test_tool",
              "arguments": {
                "param1": "value1"
              }
            }
          ]
        },
        {
          "role": "tool",
          "content": "{\"result\":\"Tool executed successfully\"}",
          "toolCallId": "call_123"
        }
      ]

      at src/tests/integration/LLMCaller.tools.test.ts:135:13

    console.log
      USER MESSAGES: [
        {
          "role": "user",
          "content": "Please use the test tool with param1=value1"
        }
      ]

      at src/tests/integration/LLMCaller.tools.test.ts:138:13

    console.log
      [StreamHistoryProcessor.constructor] Initialized StreamHistoryProcessor

      at Logger.log [as debug] (src/utils/logger.ts:89:21)

    console.log
      [StreamHistoryProcessor.constructor] Initialized StreamHistoryProcessor

      at Logger.log [as debug] (src/utils/logger.ts:89:21)

    console.log
      [StreamHandler.processStream] [StreamHandler] Using JSON mode: {
        mode: 'fallback',
        hasNativeSupport: false,
        isJsonRequested: undefined,
        modelName: 'mock-model',
        schemaProvided: false
      }

      at Logger.log [as info] (src/utils/logger.ts:95:21)
          at processStream_1.next (<anonymous>)
          at wrapStreamWithTelemetry_1.next (<anonymous>)
          at wrap_1.next (<anonymous>)
          at stream_2.next (<anonymous>)

    console.log
      [StreamPipeline] Starting to process stream for reasoning

      at Logger.log [as debug] (src/utils/logger.ts:89:21)
          at processStream_1.next (<anonymous>)
          at processStream_1.next (<anonymous>)
          at processStream_1.next (<anonymous>)
          at processStream_1.next (<anonymous>)
          at processStream_1.next (<anonymous>)
          at wrapStreamWithTelemetry_1.next (<anonymous>)
          at wrap_1.next (<anonymous>)
          at stream_2.next (<anonymous>)

    console.log
      [StreamPipeline] Starting to process stream

      at Logger.log [as debug] (src/utils/logger.ts:89:21)
          at processStream_1.next (<anonymous>)
          at processStream_1.next (<anonymous>)
          at processStream_1.next (<anonymous>)
          at processStream_1.next (<anonymous>)
          at processStream_1.next (<anonymous>)
          at processStream_1.next (<anonymous>)
          at wrapStreamWithTelemetry_1.next (<anonymous>)
          at wrap_1.next (<anonymous>)
          at stream_2.next (<anonymous>)

    console.log
      YIELDING TOOL CALL CHUNK: {
        "role": "assistant",
        "content": "",
        "type": "chunk",
        "toolCalls": [
          {
            "id": "stream_call_456",
            "name": "stream_test_tool",
            "arguments": {
              "p": "stream_value"
            }
          }
        ],
        "isComplete": true,
        "metadata": {
          "finishReason": "tool_calls"
        }
      }

      at Object.<anonymous> (src/tests/integration/LLMCaller.tools.test.ts:218:15)
          at convertToStreamChunks_1.next (<anonymous>)
          at processStream_1.next (<anonymous>)
          at processStream_1.next (<anonymous>)
          at processStream_1.next (<anonymous>)
          at processStream_1.next (<anonymous>)
          at processStream_1.next (<anonymous>)
          at processStream_1.next (<anonymous>)
          at wrapStreamWithTelemetry_1.next (<anonymous>)
          at wrap_1.next (<anonymous>)
          at stream_2.next (<anonymous>)

    console.log
      [StreamPipeline] Processing chunk to accumulate: {
        chunk: {
          role: 'assistant',
          content: '',
          type: 'chunk',
          toolCalls: [ [Object] ],
          isComplete: true,
          metadata: { finishReason: 'tool_calls' }
        }
      }

      at Logger.log [as debug] (src/utils/logger.ts:89:21)
          at processStream_1.next (<anonymous>)

    console.log
      [StreamPipeline] Processing 1 complete tool calls from chunk

      at Logger.log [as debug] (src/utils/logger.ts:89:21)
          at processStream_1.next (<anonymous>)

    console.log
      [StreamPipeline] Added tool calls from chunk: [ { id: 'stream_call_456', name: 'stream_test_tool' } ]

      at Logger.log [as debug] (src/utils/logger.ts:89:21)
          at processStream_1.next (<anonymous>)

    console.log
      [StreamPipeline] Stream complete with TOOL_CALLS finish reason, marking all tool calls as complete

      at Logger.log [as debug] (src/utils/logger.ts:89:21)
          at processStream_1.next (<anonymous>)

    console.log
      [StreamPipeline] Processing chunk for reasoning: { hasReasoning: false, reasoningLength: 0 }

      at Logger.log [as debug] (src/utils/logger.ts:89:21)
          at processStream_1.next (<anonymous>)

    console.log
      [StreamPipeline] Getting accumulated reasoning, length: 0

      at Logger.log [as debug] (src/utils/logger.ts:89:21)
          at processStream_1.next (<anonymous>)

    console.log
      [StreamPipeline] Getting completed tool calls, count: 1

      at Logger.log [as debug] (src/utils/logger.ts:89:21)
          at processStream_1.next (<anonymous>)

    console.log
      [StreamPipeline] Getting completed tool calls, count: 1

      at Logger.log [as debug] (src/utils/logger.ts:89:21)
          at processStream_1.next (<anonymous>)

    console.log
      [StreamPipeline] Getting accumulated content, length: 0

      at Logger.log [as debug] (src/utils/logger.ts:89:21)
          at processStream_1.next (<anonymous>)

    console.log
      RECEIVED STREAM CHUNK: {
        "role": "assistant",
        "content": "",
        "toolCalls": [
          {
            "id": "stream_call_456",
            "name": "stream_test_tool",
            "arguments": {
              "p": "stream_value"
            }
          }
        ],
        "isComplete": false
      }

      at src/tests/integration/LLMCaller.tools.test.ts:233:15

    console.log
      TOOL CALLS DETECTED: [
        {
          "id": "stream_call_456",
          "name": "stream_test_tool",
          "arguments": {
            "p": "stream_value"
          }
        }
      ]

      at src/tests/integration/LLMCaller.tools.test.ts:239:17

    console.log
      [StreamPipeline] Resetting iteration count

      at Logger.log [as debug] (src/utils/logger.ts:89:21)
          at processStream_1.next (<anonymous>)
          at wrapStreamWithTelemetry_1.next (<anonymous>)
          at wrap_1.next (<anonymous>)
          at stream_2.next (<anonymous>)

    console.log
      [StreamPipeline] Resetting iteration count

      at Logger.log [as debug] (src/utils/logger.ts:89:21)
          at processStream_1.next (<anonymous>)
          at wrapStreamWithTelemetry_1.next (<anonymous>)
          at wrap_1.next (<anonymous>)
          at stream_2.next (<anonymous>)

    console.log
      [StreamPipeline] Processing 1 tool calls

      at Logger.log [as debug] (src/utils/logger.ts:89:21)
          at processStream_1.next (<anonymous>)
          at wrapStreamWithTelemetry_1.next (<anonymous>)
          at wrap_1.next (<anonymous>)
          at stream_2.next (<anonymous>)

    console.log
      [StreamPipeline] After filtering: 1 tool calls remaining

      at Logger.log [as debug] (src/utils/logger.ts:89:21)
          at processStream_1.next (<anonymous>)
          at wrapStreamWithTelemetry_1.next (<anonymous>)
          at wrap_1.next (<anonymous>)
          at stream_2.next (<anonymous>)

    console.log
      [StreamPipeline] Processing 1 tool call results

      at Logger.log [as debug] (src/utils/logger.ts:89:21)

    console.log
      [StreamPipeline] Added tool result for stream_test_tool with ID stream_call_456

      at Logger.log [as debug] (src/utils/logger.ts:89:21)

    console.log
      [StreamHandler.processStream] [StreamHandler] Using JSON mode: {
        mode: 'fallback',
        hasNativeSupport: false,
        isJsonRequested: undefined,
        modelName: 'mock-model',
        schemaProvided: false
      }

      at Logger.log [as info] (src/utils/logger.ts:95:21)
          at processStream_1.next (<anonymous>)
          at wrapStreamWithTelemetry_1.next (<anonymous>)
          at processStream_1.next (<anonymous>)

    console.log
      [StreamPipeline] Starting to process stream for reasoning

      at Logger.log [as debug] (src/utils/logger.ts:89:21)
          at processStream_1.next (<anonymous>)
          at processStream_1.next (<anonymous>)
          at processStream_1.next (<anonymous>)
          at processStream_1.next (<anonymous>)
          at processStream_1.next (<anonymous>)
          at wrapStreamWithTelemetry_1.next (<anonymous>)
          at processStream_1.next (<anonymous>)

    console.log
      [StreamPipeline] Starting to process stream

      at Logger.log [as debug] (src/utils/logger.ts:89:21)
          at processStream_1.next (<anonymous>)
          at processStream_1.next (<anonymous>)
          at processStream_1.next (<anonymous>)
          at processStream_1.next (<anonymous>)
          at processStream_1.next (<anonymous>)
          at processStream_1.next (<anonymous>)
          at wrapStreamWithTelemetry_1.next (<anonymous>)
          at processStream_1.next (<anonymous>)

    console.log
      [StreamPipeline] Processing chunk to accumulate: { chunk: { type: 'content_delta', content: 'Okay, ' } }

      at Logger.log [as debug] (src/utils/logger.ts:89:21)
          at processStream_1.next (<anonymous>)

    console.log
      [StreamPipeline] Accumulated content, length: 6

      at Logger.log [as debug] (src/utils/logger.ts:89:21)
          at processStream_1.next (<anonymous>)

    console.log
      [StreamPipeline] Processing chunk for reasoning: { hasReasoning: false, reasoningLength: 0 }

      at Logger.log [as debug] (src/utils/logger.ts:89:21)
          at processStream_1.next (<anonymous>)

    console.log
      [StreamPipeline] Getting accumulated reasoning, length: 0

      at Logger.log [as debug] (src/utils/logger.ts:89:21)
          at processStream_1.next (<anonymous>)

    console.log
      RECEIVED STREAM CHUNK: {
        "content": "Okay, ",
        "role": "assistant",
        "isComplete": false,
        "isFirstContentChunk": true,
        "isFirstReasoningChunk": false,
        "metadata": {
          "accumulatedContent": "Okay, ",
          "toolCallsInProgress": 0,
          "accumulatedReasoning": "",
          "hasReasoningContent": false,
          "processInfo": {
            "currentChunk": 1,
            "totalChunks": 0
          }
        },
        "reasoningText": ""
      }

      at src/tests/integration/LLMCaller.tools.test.ts:233:15

    console.log
      [StreamPipeline] Processing chunk to accumulate: { chunk: { type: 'content_delta', content: 'used stream tool.' } }

      at Logger.log [as debug] (src/utils/logger.ts:89:21)
          at processStream_1.next (<anonymous>)

    console.log
      [StreamPipeline] Accumulated content, length: 23

      at Logger.log [as debug] (src/utils/logger.ts:89:21)
          at processStream_1.next (<anonymous>)

    console.log
      [StreamPipeline] Processing chunk for reasoning: { hasReasoning: false, reasoningLength: 0 }

      at Logger.log [as debug] (src/utils/logger.ts:89:21)
          at processStream_1.next (<anonymous>)

    console.log
      [StreamPipeline] Getting accumulated reasoning, length: 0

      at Logger.log [as debug] (src/utils/logger.ts:89:21)
          at processStream_1.next (<anonymous>)

    console.log
      RECEIVED STREAM CHUNK: {
        "content": "used stream tool.",
        "role": "assistant",
        "isComplete": false,
        "isFirstContentChunk": false,
        "isFirstReasoningChunk": false,
        "metadata": {
          "accumulatedContent": "Okay, used stream tool.",
          "toolCallsInProgress": 0,
          "accumulatedReasoning": "",
          "hasReasoningContent": false,
          "processInfo": {
            "currentChunk": 2,
            "totalChunks": 0
          }
        },
        "reasoningText": ""
      }

      at src/tests/integration/LLMCaller.tools.test.ts:233:15

    console.log
      [StreamPipeline] Processing chunk to accumulate: {
        chunk: {
          type: 'chunk',
          isComplete: true,
          metadata: { finishReason: 'stop' }
        }
      }

      at Logger.log [as debug] (src/utils/logger.ts:89:21)
          at processStream_1.next (<anonymous>)

    console.log
      [StreamPipeline] Processing chunk for reasoning: { hasReasoning: false, reasoningLength: 0 }

      at Logger.log [as debug] (src/utils/logger.ts:89:21)
          at processStream_1.next (<anonymous>)

    console.log
      [StreamPipeline] Getting accumulated reasoning, length: 0

      at Logger.log [as debug] (src/utils/logger.ts:89:21)
          at processStream_1.next (<anonymous>)

    console.log
      [StreamPipeline] Getting accumulated content, length: 23

      at Logger.log [as debug] (src/utils/logger.ts:89:21)
          at processStream_1.next (<anonymous>)

    console.log
      RECEIVED STREAM CHUNK: {
        "content": "",
        "role": "assistant",
        "isComplete": true,
        "isFirstContentChunk": false,
        "isFirstReasoningChunk": false,
        "metadata": {
          "finishReason": "stop",
          "accumulatedContent": "Okay, used stream tool.",
          "toolCallsInProgress": 0,
          "accumulatedReasoning": "",
          "hasReasoningContent": false,
          "usage": {
            "tokens": {
              "input": {
                "total": 57,
                "cached": 0
              },
              "output": {
                "total": 4,
                "reasoning": 0
              },
              "total": 61
            },
            "costs": {
              "input": {
                "total": 0,
                "cached": 0
              },
              "output": {
                "total": 0,
                "reasoning": 0
              },
              "total": 0
            },
            "incremental": 4
          },
          "processInfo": {
            "currentChunk": 3,
            "totalChunks": 3
          }
        },
        "reasoningText": "",
        "contentText": "Okay, used stream tool."
      }

      at src/tests/integration/LLMCaller.tools.test.ts:233:15

    console.log
      [StreamPipeline] Finished processing stream

      at Logger.log [as debug] (src/utils/logger.ts:89:21)
          at processStream_1.next (<anonymous>)

    console.log
      [StreamPipeline] Finished processing stream for reasoning

      at Logger.log [as debug] (src/utils/logger.ts:89:21)
          at processStream_1.next (<anonymous>)

    console.log
      [StreamPipeline] Finished processing stream

      at Logger.log [as debug] (src/utils/logger.ts:89:21)
          at processStream_1.next (<anonymous>)

    console.log
      [StreamPipeline] Finished processing stream for reasoning

      at Logger.log [as debug] (src/utils/logger.ts:89:21)
          at processStream_1.next (<anonymous>)

    console.log
      TOOL FUNCTION CALLED: 1 times

      at src/tests/integration/LLMCaller.tools.test.ts:244:13

    console.log
      STREAM CALL CALLED: 2 times

      at src/tests/integration/LLMCaller.tools.test.ts:245:13

    console.log
      [StreamHistoryProcessor.constructor] Initialized StreamHistoryProcessor

      at Logger.log [as debug] (src/utils/logger.ts:89:21)

    console.log
      [StreamHistoryProcessor.constructor] Initialized StreamHistoryProcessor

      at Logger.log [as debug] (src/utils/logger.ts:89:21)

    console.log
      [StreamPipeline] Called tools tracking reset

      at Logger.log [as debug] (src/utils/logger.ts:89:21)
          at stream_2.next (<anonymous>)

    console.log
      [StreamPipeline] Lazily initialized MCPServiceAdapter in getMcpAdapter

      at Logger.log [as debug] (src/utils/logger.ts:89:21)

    console.log
      [StreamPipeline] Resetting iteration count

      at Logger.log [as debug] (src/utils/logger.ts:89:21)
          at stream_2.next (<anonymous>)

    console.log
      [StreamHandler.processStream] [StreamHandler] Using JSON mode: {
        mode: 'fallback',
        hasNativeSupport: false,
        isJsonRequested: undefined,
        modelName: 'mock-model',
        schemaProvided: false
      }

      at Logger.log [as info] (src/utils/logger.ts:95:21)
          at processStream_1.next (<anonymous>)
          at wrapStreamWithTelemetry_1.next (<anonymous>)
          at wrap_1.next (<anonymous>)
          at stream_2.next (<anonymous>)

    console.log
      [StreamPipeline] Starting to process stream for reasoning

      at Logger.log [as debug] (src/utils/logger.ts:89:21)
          at processStream_1.next (<anonymous>)
          at processStream_1.next (<anonymous>)
          at processStream_1.next (<anonymous>)
          at processStream_1.next (<anonymous>)
          at processStream_1.next (<anonymous>)
          at wrapStreamWithTelemetry_1.next (<anonymous>)
          at wrap_1.next (<anonymous>)
          at stream_2.next (<anonymous>)

    console.log
      [StreamPipeline] Starting to process stream

      at Logger.log [as debug] (src/utils/logger.ts:89:21)
          at processStream_1.next (<anonymous>)
          at processStream_1.next (<anonymous>)
          at processStream_1.next (<anonymous>)
          at processStream_1.next (<anonymous>)
          at processStream_1.next (<anonymous>)
          at processStream_1.next (<anonymous>)
          at wrapStreamWithTelemetry_1.next (<anonymous>)
          at wrap_1.next (<anonymous>)
          at stream_2.next (<anonymous>)

    console.log
      [StreamPipeline] Processing chunk to accumulate: {
        chunk: {
          role: 'assistant',
          content: 'I will calculate the answer.',
          type: 'chunk',
          toolCalls: [ [Object] ],
          isComplete: true,
          metadata: { finishReason: 'tool_calls' }
        }
      }

      at Logger.log [as debug] (src/utils/logger.ts:89:21)
          at processStream_1.next (<anonymous>)

    console.log
      [StreamPipeline] Accumulated content, length: 28

      at Logger.log [as debug] (src/utils/logger.ts:89:21)
          at processStream_1.next (<anonymous>)

    console.log
      [StreamPipeline] Processing 1 complete tool calls from chunk

      at Logger.log [as debug] (src/utils/logger.ts:89:21)
          at processStream_1.next (<anonymous>)

    console.log
      [StreamPipeline] Added tool calls from chunk: [ { id: 'cycle_call_123', name: 'cycle_test_tool' } ]

      at Logger.log [as debug] (src/utils/logger.ts:89:21)
          at processStream_1.next (<anonymous>)

    console.log
      [StreamPipeline] Stream complete with TOOL_CALLS finish reason, marking all tool calls as complete

      at Logger.log [as debug] (src/utils/logger.ts:89:21)
          at processStream_1.next (<anonymous>)

    console.log
      [StreamPipeline] Processing chunk for reasoning: { hasReasoning: false, reasoningLength: 0 }

      at Logger.log [as debug] (src/utils/logger.ts:89:21)
          at processStream_1.next (<anonymous>)

    console.log
      [StreamPipeline] Getting accumulated reasoning, length: 0

      at Logger.log [as debug] (src/utils/logger.ts:89:21)
          at processStream_1.next (<anonymous>)

    console.log
      [StreamPipeline] Getting completed tool calls, count: 1

      at Logger.log [as debug] (src/utils/logger.ts:89:21)
          at processStream_1.next (<anonymous>)

    console.log
      [StreamPipeline] Getting completed tool calls, count: 1

      at Logger.log [as debug] (src/utils/logger.ts:89:21)
          at processStream_1.next (<anonymous>)

    console.log
      [StreamPipeline] Getting accumulated content, length: 28

      at Logger.log [as debug] (src/utils/logger.ts:89:21)
          at processStream_1.next (<anonymous>)

    console.log
      [StreamPipeline] Resetting iteration count

      at Logger.log [as debug] (src/utils/logger.ts:89:21)
          at processStream_1.next (<anonymous>)
          at wrapStreamWithTelemetry_1.next (<anonymous>)
          at wrap_1.next (<anonymous>)
          at stream_2.next (<anonymous>)

    console.log
      [StreamPipeline] Resetting iteration count

      at Logger.log [as debug] (src/utils/logger.ts:89:21)
          at processStream_1.next (<anonymous>)
          at wrapStreamWithTelemetry_1.next (<anonymous>)
          at wrap_1.next (<anonymous>)
          at stream_2.next (<anonymous>)

    console.log
      [StreamPipeline] Processing 1 tool calls

      at Logger.log [as debug] (src/utils/logger.ts:89:21)
          at processStream_1.next (<anonymous>)
          at wrapStreamWithTelemetry_1.next (<anonymous>)
          at wrap_1.next (<anonymous>)
          at stream_2.next (<anonymous>)

    console.log
      [StreamPipeline] After filtering: 1 tool calls remaining

      at Logger.log [as debug] (src/utils/logger.ts:89:21)
          at processStream_1.next (<anonymous>)
          at wrapStreamWithTelemetry_1.next (<anonymous>)
          at wrap_1.next (<anonymous>)
          at stream_2.next (<anonymous>)

    console.log
      [StreamPipeline] Processing 1 tool call results

      at Logger.log [as debug] (src/utils/logger.ts:89:21)

    console.log
      [StreamPipeline] Added tool result for cycle_test_tool with ID cycle_call_123

      at Logger.log [as debug] (src/utils/logger.ts:89:21)

    console.log
      [StreamHandler.processStream] [StreamHandler] Using JSON mode: {
        mode: 'fallback',
        hasNativeSupport: false,
        isJsonRequested: undefined,
        modelName: 'mock-model',
        schemaProvided: false
      }

      at Logger.log [as info] (src/utils/logger.ts:95:21)
          at processStream_1.next (<anonymous>)
          at wrapStreamWithTelemetry_1.next (<anonymous>)
          at processStream_1.next (<anonymous>)

    console.log
      [StreamPipeline] Starting to process stream for reasoning

      at Logger.log [as debug] (src/utils/logger.ts:89:21)
          at processStream_1.next (<anonymous>)
          at processStream_1.next (<anonymous>)
          at processStream_1.next (<anonymous>)
          at processStream_1.next (<anonymous>)
          at processStream_1.next (<anonymous>)
          at wrapStreamWithTelemetry_1.next (<anonymous>)
          at processStream_1.next (<anonymous>)

    console.log
      [StreamPipeline] Starting to process stream

      at Logger.log [as debug] (src/utils/logger.ts:89:21)
          at processStream_1.next (<anonymous>)
          at processStream_1.next (<anonymous>)
          at processStream_1.next (<anonymous>)
          at processStream_1.next (<anonymous>)
          at processStream_1.next (<anonymous>)
          at processStream_1.next (<anonymous>)
          at wrapStreamWithTelemetry_1.next (<anonymous>)
          at processStream_1.next (<anonymous>)

    console.log
      [StreamPipeline] Processing chunk to accumulate: {
        chunk: { type: 'content_delta', content: 'The answer to your question is ' }
      }

      at Logger.log [as debug] (src/utils/logger.ts:89:21)
          at processStream_1.next (<anonymous>)

    console.log
      [StreamPipeline] Accumulated content, length: 31

      at Logger.log [as debug] (src/utils/logger.ts:89:21)
          at processStream_1.next (<anonymous>)

    console.log
      [StreamPipeline] Processing chunk for reasoning: { hasReasoning: false, reasoningLength: 0 }

      at Logger.log [as debug] (src/utils/logger.ts:89:21)
          at processStream_1.next (<anonymous>)

    console.log
      [StreamPipeline] Getting accumulated reasoning, length: 0

      at Logger.log [as debug] (src/utils/logger.ts:89:21)
          at processStream_1.next (<anonymous>)

    console.log
      [StreamPipeline] Processing chunk to accumulate: { chunk: { type: 'content_delta', content: '42' } }

      at Logger.log [as debug] (src/utils/logger.ts:89:21)
          at processStream_1.next (<anonymous>)

    console.log
      [StreamPipeline] Accumulated content, length: 33

      at Logger.log [as debug] (src/utils/logger.ts:89:21)
          at processStream_1.next (<anonymous>)

    console.log
      [StreamPipeline] Processing chunk for reasoning: { hasReasoning: false, reasoningLength: 0 }

      at Logger.log [as debug] (src/utils/logger.ts:89:21)
          at processStream_1.next (<anonymous>)

    console.log
      [StreamPipeline] Getting accumulated reasoning, length: 0

      at Logger.log [as debug] (src/utils/logger.ts:89:21)
          at processStream_1.next (<anonymous>)

    console.log
      [StreamPipeline] Processing chunk to accumulate: {
        chunk: {
          type: 'content_delta',
          content: '. The message says: Ultimate answer.'
        }
      }

      at Logger.log [as debug] (src/utils/logger.ts:89:21)
          at processStream_1.next (<anonymous>)

    console.log
      [StreamPipeline] Accumulated content, length: 69

      at Logger.log [as debug] (src/utils/logger.ts:89:21)
          at processStream_1.next (<anonymous>)

    console.log
      [StreamPipeline] Processing chunk for reasoning: { hasReasoning: false, reasoningLength: 0 }

      at Logger.log [as debug] (src/utils/logger.ts:89:21)
          at processStream_1.next (<anonymous>)

    console.log
      [StreamPipeline] Getting accumulated reasoning, length: 0

      at Logger.log [as debug] (src/utils/logger.ts:89:21)
          at processStream_1.next (<anonymous>)

    console.log
      [StreamPipeline] Processing chunk to accumulate: {
        chunk: {
          type: 'chunk',
          isComplete: true,
          metadata: { finishReason: 'stop' }
        }
      }

      at Logger.log [as debug] (src/utils/logger.ts:89:21)
          at processStream_1.next (<anonymous>)

    console.log
      [StreamPipeline] Processing chunk for reasoning: { hasReasoning: false, reasoningLength: 0 }

      at Logger.log [as debug] (src/utils/logger.ts:89:21)
          at processStream_1.next (<anonymous>)

    console.log
      [StreamPipeline] Getting accumulated reasoning, length: 0

      at Logger.log [as debug] (src/utils/logger.ts:89:21)
          at processStream_1.next (<anonymous>)

    console.log
      [StreamPipeline] Getting accumulated content, length: 69

      at Logger.log [as debug] (src/utils/logger.ts:89:21)
          at processStream_1.next (<anonymous>)

    console.log
      [StreamPipeline] Finished processing stream

      at Logger.log [as debug] (src/utils/logger.ts:89:21)
          at processStream_1.next (<anonymous>)

    console.log
      [StreamPipeline] Finished processing stream for reasoning

      at Logger.log [as debug] (src/utils/logger.ts:89:21)
          at processStream_1.next (<anonymous>)

    console.log
      [StreamPipeline] Finished processing stream

      at Logger.log [as debug] (src/utils/logger.ts:89:21)
          at processStream_1.next (<anonymous>)

    console.log
      [StreamPipeline] Finished processing stream for reasoning

      at Logger.log [as debug] (src/utils/logger.ts:89:21)
          at processStream_1.next (<anonymous>)

----------------------------------------|---------|----------|---------|---------|------------------------------------------------------------------------------------------------------------------------------------------------------------------------------------------------------------------------------------------------------------------------------------------------------------------------
File                                    | % Stmts | % Branch | % Funcs | % Lines | Uncovered Line #s                                                                                                                                                                                                                                                                                                      
----------------------------------------|---------|----------|---------|---------|------------------------------------------------------------------------------------------------------------------------------------------------------------------------------------------------------------------------------------------------------------------------------------------------------------------------
All files                               |   57.92 |    50.14 |   66.18 |   59.41 |                                                                                                                                                                                                                                                                                                                        
 adapters                               |     100 |      100 |     100 |     100 |                                                                                                                                                                                                                                                                                                                        
  types.ts                              |     100 |      100 |     100 |     100 |                                                                                                                                                                                                                                                                                                                        
 adapters/base                          |     100 |      100 |     100 |     100 |                                                                                                                                                                                                                                                                                                                        
  baseAdapter.ts                        |     100 |      100 |     100 |     100 |                                                                                                                                                                                                                                                                                                                        
 adapters/cerebras                      |    6.01 |      5.6 |    6.66 |    6.95 |                                                                                                                                                                                                                                                                                                                        
  adapter.ts                            |   27.02 |    52.17 |   16.66 |   27.02 | 30,56-112                                                                                                                                                                                                                                                                                                              
  converter.ts                          |    0.95 |        0 |    7.14 |    1.14 | 37-265                                                                                                                                                                                                                                                                                                                 
  errors.ts                             |    3.57 |        0 |       0 |    4.34 | 2-32,37-49                                                                                                                                                                                                                                                                                                             
  models.ts                             |     100 |      100 |     100 |     100 |                                                                                                                                                                                                                                                                                                                        
  stream.ts                             |       0 |        0 |       0 |       0 | 7-87                                                                                                                                                                                                                                                                                                                   
 adapters/openai                        |   47.26 |    44.41 |   58.51 |   47.45 |                                                                                                                                                                                                                                                                                                                        
  OpenAIResponseAdapter.ts              |   66.66 |    58.82 |   66.66 |   66.66 | 77-105                                                                                                                                                                                                                                                                                                                 
  adapter.ts                            |   17.46 |    13.94 |   29.54 |   17.43 | 176-384,464-487,518,532-544,562-564,566-568,570-571,576-578,580-582,589,638-1856,1877-1886                                                                                                                                                                                                                             
  converter.ts                          |   65.02 |    57.88 |      84 |   66.12 | 34-38,94,108,120,144-146,200,203,213-238,278,289-319,351-353,399,414,443,478-508,517,527,538,545,559-565,616,620-625,640,758-767,787-789,820-821,850,864-871,900-901,909-916,957-967,1020,1027-1033,1041-1047,1070-1073,1093-1139                                                                                      
  errors.ts                             |    93.1 |      100 |   85.71 |    93.1 | 55-56                                                                                                                                                                                                                                                                                                                  
  models.ts                             |     100 |      100 |     100 |     100 |                                                                                                                                                                                                                                                                                                                        
  stream.ts                             |   81.22 |    78.12 |   85.71 |   80.75 | 229-238,245-247,257-260,372-373,380-382,447-484,500,505-507,544-546                                                                                                                                                                                                                                                    
  validator.ts                          |   96.82 |    94.18 |     100 |   96.82 | 128-131                                                                                                                                                                                                                                                                                                                
 adapters/venice                        |    0.54 |        0 |       0 |    0.61 |                                                                                                                                                                                                                                                                                                                        
  adapter.ts                            |       0 |        0 |       0 |       0 | 26-140                                                                                                                                                                                                                                                                                                                 
  converter.ts                          |       0 |        0 |       0 |       0 | 11-186                                                                                                                                                                                                                                                                                                                 
  errors.ts                             |       0 |        0 |       0 |       0 | 2-28                                                                                                                                                                                                                                                                                                                   
  models.ts                             |     100 |      100 |     100 |     100 |                                                                                                                                                                                                                                                                                                                        
  stream.ts                             |       0 |        0 |       0 |       0 | 9-89                                                                                                                                                                                                                                                                                                                   
 config                                 |       0 |      100 |     100 |       0 |                                                                                                                                                                                                                                                                                                                        
  config.ts                             |       0 |      100 |     100 |       0 | 4-6                                                                                                                                                                                                                                                                                                                    
 core/caller                            |   62.77 |    52.87 |   76.63 |    62.8 |                                                                                                                                                                                                                                                                                                                        
  LLMCaller.ts                          |   64.44 |    53.92 |   82.79 |   64.58 | 195-196,206-207,216-217,262,283-288,305,348-350,360-363,421-425,468,471,559,566-571,579,601,643-649,674,688,697-702,716,903-904,936,998,1017-1114,1146,1209-1211,1221-1222,1230,1263,1301-1315,1345-1346,1359,1362,1367-1387,1395-1419,1427-1433,1441,1451,1677,1682-1954,1973,1987,2038-2066,2170,2415-2419,2447-2452 
  ProviderManager.ts                    |   25.64 |    10.34 |   35.71 |   25.64 | 38-134,139                                                                                                                                                                                                                                                                                                             
 core/chat                              |   92.05 |    83.12 |   86.36 |    92.8 |                                                                                                                                                                                                                                                                                                                        
  ChatController.ts                     |   92.05 |    83.12 |   86.36 |    92.8 | 76,203-205,267,311,339,358,423,432                                                                                                                                                                                                                                                                                     
 core/chunks                            |    54.3 |    39.63 |   39.13 |   55.14 |                                                                                                                                                                                                                                                                                                                        
  ChunkController.ts                    |    54.3 |    39.63 |   39.13 |   55.14 | 109-114,179-182,188-190,198,249-253,299-301,306,309-313,325,345-441                                                                                                                                                                                                                                                    
 core/embeddings                        |   81.81 |    76.19 |   85.71 |   81.81 |                                                                                                                                                                                                                                                                                                                        
  EmbeddingController.ts                |   81.81 |    76.19 |   85.71 |   81.81 | 54,79-83,110-115,136                                                                                                                                                                                                                                                                                                   
 core/file-data                         |   64.82 |    61.06 |   71.42 |   64.82 |                                                                                                                                                                                                                                                                                                                        
  fileData.ts                           |   64.82 |    61.06 |   71.42 |   64.82 | 75,98,101-104,112,115,143-185,198,259,275-341,366-376,402-403,464-465,537-545,607-650                                                                                                                                                                                                                                  
 core/history                           |   97.72 |    89.72 |   97.29 |   98.05 |                                                                                                                                                                                                                                                                                                                        
  HistoryManager.ts                     |   96.89 |    91.42 |   96.77 |   97.33 | 88,207-212                                                                                                                                                                                                                                                                                                             
  HistoryTruncator.ts                   |     100 |    85.36 |     100 |     100 | 63-65,80                                                                                                                                                                                                                                                                                                               
 core/mcp                               |   72.34 |    59.78 |   77.77 |   72.23 |                                                                                                                                                                                                                                                                                                                        
  MCPConfigTypes.ts                     |     100 |      100 |     100 |     100 |                                                                                                                                                                                                                                                                                                                        
  MCPServiceAdapter.ts                  |   69.13 |    57.72 |   69.35 |   69.16 | 26-31,165,172,181,199,214,228-229,246,253,259-266,298-299,410,490,524,565,569,588,612,622-627,656-672,704,716,724-749,757-758,797-821,833-853,870-1016,1059,1075,1093-1103,1121,1126,1137,1147-1149,1164,1184,1225-1298,1504-1505,1815-1823                                                                            
  MCPToolLoader.ts                      |   89.47 |    71.42 |   83.33 |   89.18 | 48-49,68,140                                                                                                                                                                                                                                                                                                           
  OAuthProvider.ts                      |   84.28 |       90 |     100 |   84.28 | 167-168,182-183,202-203,217-218,233,252-253                                                                                                                                                                                                                                                                            
 core/models                            |   90.51 |    78.36 |   93.75 |   92.01 |                                                                                                                                                                                                                                                                                                                        
  CapabilityError.ts                    |     100 |      100 |     100 |     100 |                                                                                                                                                                                                                                                                                                                        
  ModelManager.ts                       |   91.52 |    85.71 |   92.85 |   95.65 | 52-53                                                                                                                                                                                                                                                                                                                  
  ModelSelector.ts                      |   87.94 |     74.8 |   92.59 |   88.88 | 177,186,206-211,227,233,243-251,270,285-287,295,358                                                                                                                                                                                                                                                                    
  TokenCalculator.ts                    |     100 |    81.25 |     100 |     100 | 32-44,111,114                                                                                                                                                                                                                                                                                                          
 core/processors                        |   88.34 |     83.5 |      96 |    89.3 |                                                                                                                                                                                                                                                                                                                        
  DataSplitter.ts                       |   92.47 |       95 |     100 |   91.95 | 112-119,125,167                                                                                                                                                                                                                                                                                                        
  MarkdownSplitter.ts                   |   92.25 |    82.45 |     100 |   94.44 | 43-44,340-359,368                                                                                                                                                                                                                                                                                                      
  RecursiveObjectSplitter.ts            |   93.58 |    85.41 |     100 |   93.15 | 54,94-96,105                                                                                                                                                                                                                                                                                                           
  RequestProcessor.ts                   |     100 |    90.69 |     100 |     100 | 36-40,88                                                                                                                                                                                                                                                                                                               
  ResponseProcessor.ts                  |   75.55 |    75.13 |   85.71 |   77.38 | 50-56,89-94,114,147,152,182-183,191,204,256-260,271-272,303-304,312-314,330,348-357,367-374                                                                                                                                                                                                                            
  StringSplitter.ts                     |   93.33 |    87.87 |   93.75 |   93.27 | 67-68,88-93,176-177                                                                                                                                                                                                                                                                                                    
 core/prompt                            |     100 |      100 |     100 |     100 |                                                                                                                                                                                                                                                                                                                        
  PromptEnhancer.ts                     |     100 |      100 |     100 |     100 |                                                                                                                                                                                                                                                                                                                        
 core/retry                             |     100 |    85.71 |     100 |     100 |                                                                                                                                                                                                                                                                                                                        
  RetryManager.ts                       |     100 |    85.71 |     100 |     100 | 48,70,80                                                                                                                                                                                                                                                                                                               
 core/retry/utils                       |   92.13 |    88.23 |     100 |   91.86 |                                                                                                                                                                                                                                                                                                                        
  ShouldRetryDueToContent.ts            |   88.88 |    81.48 |     100 |   88.52 | 70-71,87,99-100,159-160                                                                                                                                                                                                                                                                                                
  ShouldRetryDueToLLMError.ts           |     100 |      100 |     100 |     100 |                                                                                                                                                                                                                                                                                                                        
 core/schema                            |   46.21 |    38.32 |   41.57 |   51.75 |                                                                                                                                                                                                                                                                                                                        
  JsonSchemaCoercion.ts                 |       0 |        0 |       0 |       0 | 4-61                                                                                                                                                                                                                                                                                                                   
  SchemaEnforcer.ts                     |    17.7 |     9.48 |      25 |   20.98 | 4-78,90-93,107-113,119-120                                                                                                                                                                                                                                                                                             
  SchemaFormatter.ts                    |   88.46 |       80 |      80 |      92 | 49,53                                                                                                                                                                                                                                                                                                                  
  SchemaSanitizer.ts                    |      61 |    52.63 |      32 |   80.67 | 47-48,51,72-73,78,111,125-126,131-133,163-169,198-201                                                                                                                                                                                                                                                                  
  SchemaValidator.ts                    |      71 |    62.94 |   92.85 |   75.42 | 22,25,28-31,38-62,115,125-126,137-138,148-150,159,176,194,199-200,209,238,256-258,323,331                                                                                                                                                                                                                              
  UnionTransformer.ts                   |   19.31 |    30.64 |      20 |   22.07 | 39-40,48-93,102,115-182                                                                                                                                                                                                                                                                                                
  ZodCoercion.ts                        |    14.7 |     8.98 |      50 |   17.24 | 8-10,14-15,20,24-26,30-38,42-54,58-89                                                                                                                                                                                                                                                                                  
 core/streaming                         |   89.83 |    73.31 |      88 |   89.76 |                                                                                                                                                                                                                                                                                                                        
  StreamController.ts                   |   97.32 |    86.25 |    92.3 |   97.14 | 69,214-218                                                                                                                                                                                                                                                                                                             
  StreamHandler.ts                      |   84.88 |    71.55 |   92.85 |   84.61 | 81,87,333,341-363,415-417,491-531                                                                                                                                                                                                                                                                                      
  StreamPipeline.ts                     |     100 |      100 |     100 |     100 |                                                                                                                                                                                                                                                                                                                        
  StreamingService.ts                   |   89.16 |    69.14 |      80 |   89.18 | 126-127,216,299-304,336-337,357,379-408                                                                                                                                                                                                                                                                                
 core/streaming/processors              |   97.98 |    93.87 |     100 |   97.81 |                                                                                                                                                                                                                                                                                                                        
  ContentAccumulator.ts                 |     100 |      100 |     100 |     100 |                                                                                                                                                                                                                                                                                                                        
  ReasoningProcessor.ts                 |     100 |      100 |     100 |     100 |                                                                                                                                                                                                                                                                                                                        
  RetryWrapper.ts                       |   89.47 |      100 |     100 |   87.09 | 30-31,57-58                                                                                                                                                                                                                                                                                                            
  StreamHistoryProcessor.ts             |     100 |     92.3 |     100 |     100 | 48                                                                                                                                                                                                                                                                                                                     
  UsageTrackingProcessor.ts             |   99.02 |    92.26 |     100 |      99 | 142                                                                                                                                                                                                                                                                                                                    
 core/telemetry                         |   95.65 |    96.51 |    87.5 |   95.65 |                                                                                                                                                                                                                                                                                                                        
  UsageTracker.ts                       |   95.65 |    96.51 |    87.5 |   95.65 | 166                                                                                                                                                                                                                                                                                                                    
 core/telemetry/collector               |   87.21 |    87.64 |   74.07 |   87.27 |                                                                                                                                                                                                                                                                                                                        
  TelemetryCollector.ts                 |   87.21 |    87.64 |   74.07 |   87.27 | 56,63,72,77,83-86,172,182,229-233                                                                                                                                                                                                                                                                                      
 core/telemetry/providers/openTelemetry |    6.35 |     5.05 |   21.15 |    5.54 |                                                                                                                                                                                                                                                                                                                        
  OpenTelemetryProvider.ts              |   18.12 |    17.73 |   83.33 |   16.23 | 49-75,80-91,101-129,134-150,164-175,182-210,216-235,240-256,268-283                                                                                                                                                                                                                                                    
  OtelBootstrap.ts                      |    3.94 |        0 |    7.14 |    4.54 | 22-167                                                                                                                                                                                                                                                                                                                 
  OtelService.ts                        |       0 |        0 |       0 |       0 | 36-603                                                                                                                                                                                                                                                                                                                 
 core/telemetry/providers/opik          |   36.75 |     33.6 |   51.85 |   40.18 |                                                                                                                                                                                                                                                                                                                        
  OpikProvider.ts                       |   36.75 |     33.6 |   51.85 |   40.18 | 65-66,75-163,172-360,377-429,445-446,457,463-464,512-513,540,575,600,604-614,620-635,645-646,652-654,691,695,700-717,731-743,756-769,775-787,797,817-824,905,921,930,937,958,969-990,995-1004,1010-1062                                                                                                                
 core/tools                             |   77.96 |    62.72 |   92.85 |   77.58 |                                                                                                                                                                                                                                                                                                                        
  ToolController.ts                     |   70.51 |    55.62 |   86.66 |   69.93 | 76-81,107,113,236,248,257-276,283-284,312,394-422,434-438                                                                                                                                                                                                                                                              
  ToolOrchestrator.ts                   |   88.46 |    76.59 |     100 |   88.46 | 99-100,115-116,152-153                                                                                                                                                                                                                                                                                                 
  ToolsManager.ts                       |     100 |      100 |     100 |     100 |                                                                                                                                                                                                                                                                                                                        
 core/tools/toolLoader                  |    17.5 |     4.54 |   31.03 |   17.73 |                                                                                                                                                                                                                                                                                                                        
  FunctionFileParser.ts                 |       0 |        0 |       0 |       0 | 36-622                                                                                                                                                                                                                                                                                                                 
  ToolsFolderLoader.ts                  |   96.15 |    63.63 |   88.88 |      96 | 69,95                                                                                                                                                                                                                                                                                                                  
  types.ts                              |     100 |      100 |     100 |     100 |                                                                                                                                                                                                                                                                                                                        
 interfaces                             |      90 |      100 |     100 |      90 |                                                                                                                                                                                                                                                                                                                        
  UniversalInterfaces.ts                |      90 |      100 |     100 |      90 | 57                                                                                                                                                                                                                                                                                                                     
 types                                  |     100 |      100 |     100 |     100 |                                                                                                                                                                                                                                                                                                                        
  tooling.ts                            |     100 |      100 |     100 |     100 |                                                                                                                                                                                                                                                                                                                        
 utils                                  |   60.37 |    55.81 |   68.42 |   60.37 |                                                                                                                                                                                                                                                                                                                        
  importMetaUrl.cjs.ts                  |       0 |      100 |       0 |       0 | 14                                                                                                                                                                                                                                                                                                                     
  importMetaUrl.ts                      |   66.66 |      100 |     100 |   66.66 | 19                                                                                                                                                                                                                                                                                                                     
  logger.ts                             |   95.65 |    95.65 |    90.9 |   95.65 | 56                                                                                                                                                                                                                                                                                                                     
  paths.cjs.ts                          |       0 |      100 |       0 |       0 | 13-32                                                                                                                                                                                                                                                                                                                  
  paths.ts                              |   34.78 |       10 |   66.66 |   34.78 | 23-27,35-67                                                                                                                                                                                                                                                                                                            
----------------------------------------|---------|----------|---------|---------|------------------------------------------------------------------------------------------------------------------------------------------------------------------------------------------------------------------------------------------------------------------------------------------------------------------------

Summary of all failing tests
FAIL src/tests/unit/core/processors/ResponseProcessor.test.ts
  ● ResponseProcessor › validateJsonMode › should return usePromptInjection: false when model has native JSON support

    expect(received).toEqual(expected) // deep equality

    - Expected  - 0
    + Received  + 1

      Object {
        "usePromptInjection": false,
    +   "useSchemaInjection": true,
      }

      1158 |         responseFormat: 'json'
      1159 |       };
    > 1160 |       expect(processor.validateJsonMode(model, params)).toEqual({ usePromptInjection: false });
           |                                                         ^
      1161 |     });
      1162 |
      1163 |     it('should throw error when model does not have native JSON support and fallback is disabled', () => {

      at Object.<anonymous> (src/tests/unit/core/processors/ResponseProcessor.test.ts:1160:57)

  ● ResponseProcessor › validateJsonMode › should return usePromptInjection: true when model does not have native JSON support but fallback is enabled

    expect(received).toEqual(expected) // deep equality

    - Expected  - 0
    + Received  + 1

      Object {
        "usePromptInjection": true,
    +   "useSchemaInjection": true,
      }

      1228 |         }
      1229 |       };
    > 1230 |       expect(processor.validateJsonMode(model, params)).toEqual({ usePromptInjection: true });
           |                                                         ^
      1231 |     });
      1232 |
      1233 |     it('should handle force-prompt JSON mode', async () => {

      at Object.<anonymous> (src/tests/unit/core/processors/ResponseProcessor.test.ts:1230:57)

  ● ResponseProcessor › validateJsonMode › should handle force-prompt JSON mode

    expect(received).toEqual(expected) // deep equality

    - Expected  - 0
    + Received  + 1

      Object {
        "usePromptInjection": true,
    +   "useSchemaInjection": true,
      }

      1262 |         }
      1263 |       };
    > 1264 |       expect(processor.validateJsonMode(model, params)).toEqual({ usePromptInjection: true });
           |                                                         ^
      1265 |     });
      1266 |
      1267 |     it('should return false when no JSON is requested', () => {

      at src/tests/unit/core/processors/ResponseProcessor.test.ts:1264:57
      at src/tests/unit/core/processors/ResponseProcessor.test.ts:7:71
      at __awaiter (src/tests/unit/core/processors/ResponseProcessor.test.ts:3:12)
      at Object.<anonymous> (src/tests/unit/core/processors/ResponseProcessor.test.ts:1233:59)

  ● ResponseProcessor › validateJsonMode › should return false when no JSON is requested

    expect(received).toEqual(expected) // deep equality

    - Expected  - 0
    + Received  + 1

      Object {
        "usePromptInjection": false,
    +   "useSchemaInjection": false,
      }

      1292 |         model: 'test-model'
      1293 |       };
    > 1294 |       expect(processor.validateJsonMode(model, params)).toEqual({ usePromptInjection: false });
           |                                                         ^
      1295 |     });
      1296 |   });
      1297 |

      at Object.<anonymous> (src/tests/unit/core/processors/ResponseProcessor.test.ts:1294:57)

FAIL src/tests/unit/core/chat/ChatController.test.ts
  ● ChatController › should properly handle validation failures in responseProcessor

    expect(received).rejects.toThrow()

    Received promise resolved instead of rejected
    Resolved to value: {"content": "Test response", "metadata": {"finishReason": "stop", "usage": {"costs": {"input": {"cached": 0, "total": 0.0001}, "output": {"reasoning": 0, "total": 0.0002}, "total": 0.0003}, "tokens": {"input": {"cached": 0, "total": 10}, "output": {"reasoning": 0, "total": 10}, "total": 20}}}, "role": "assistant", "toolCalls": []}

      619 |
      620 |     // Should throw error when validation fails
    > 621 |     await expect(chatController.execute({
          |           ^
      622 |       model: 'test-model',
      623 |       messages: [{ role: 'user', content: 'Hello' }]
      624 |     })).rejects.toThrow(/Failed to validate response/);

      at expect (node_modules/expect/build/index.js:113:15)
      at src/tests/unit/core/chat/ChatController.test.ts:621:11
      at src/tests/unit/core/chat/ChatController.test.ts:7:71
      at __awaiter (src/tests/unit/core/chat/ChatController.test.ts:3:12)
      at Object.<anonymous> (src/tests/unit/core/chat/ChatController.test.ts:615:84)


Test Suites: 2 failed, 72 passed, 74 total
Tests:       5 failed, 1143 passed, 1148 total
Snapshots:   0 total
Time:        18.48 s
Ran all test suites.
